Component: ARM Compiler 5.06 update 6 (build 750) Tool: armlink [4d35ed]

==============================================================================

Section Cross References

    startup_stm32f103xe.o(RESET) refers to startup_stm32f103xe.o(STACK) for __initial_sp
    startup_stm32f103xe.o(RESET) refers to startup_stm32f103xe.o(.text) for Reset_Handler
    startup_stm32f103xe.o(RESET) refers to stm32f1xx_it.o(i.NMI_Handler) for NMI_Handler
    startup_stm32f103xe.o(RESET) refers to stm32f1xx_it.o(i.HardFault_Handler) for HardFault_Handler
    startup_stm32f103xe.o(RESET) refers to stm32f1xx_it.o(i.MemManage_Handler) for MemManage_Handler
    startup_stm32f103xe.o(RESET) refers to stm32f1xx_it.o(i.BusFault_Handler) for BusFault_Handler
    startup_stm32f103xe.o(RESET) refers to stm32f1xx_it.o(i.UsageFault_Handler) for UsageFault_Handler
    startup_stm32f103xe.o(RESET) refers to stm32f1xx_it.o(i.SVC_Handler) for SVC_Handler
    startup_stm32f103xe.o(RESET) refers to stm32f1xx_it.o(i.DebugMon_Handler) for DebugMon_Handler
    startup_stm32f103xe.o(RESET) refers to stm32f1xx_it.o(i.PendSV_Handler) for PendSV_Handler
    startup_stm32f103xe.o(RESET) refers to stm32f1xx_it.o(i.SysTick_Handler) for SysTick_Handler
    startup_stm32f103xe.o(RESET) refers to stm32f1xx_it.o(i.DMA1_Channel1_IRQHandler) for DMA1_Channel1_IRQHandler
    startup_stm32f103xe.o(RESET) refers to stm32f1xx_it.o(i.ADC1_2_IRQHandler) for ADC1_2_IRQHandler
    startup_stm32f103xe.o(RESET) refers to stm32f1xx_it.o(i.TIM2_IRQHandler) for TIM2_IRQHandler
    startup_stm32f103xe.o(.text) refers to system_stm32f1xx.o(i.SystemInit) for SystemInit
    startup_stm32f103xe.o(.text) refers to entry.o(.ARM.Collect$$$$00000000) for __main
    main.o(i.LCD_Show) refers to bsp_ili9341_lcd.o(i.ILI9341_BackLed_Control) for ILI9341_BackLed_Control
    main.o(i.LCD_Show) refers to bsp_ili9341_lcd.o(i.LCD_SetTextColor) for LCD_SetTextColor
    main.o(i.LCD_Show) refers to bsp_ili9341_lcd.o(i.ILI9341_DrawRectangle) for ILI9341_DrawRectangle
    main.o(i.LCD_Show) refers to bsp_ili9341_lcd.o(i.LCD_SetColors) for LCD_SetColors
    main.o(i.LCD_Show) refers to bsp_ili9341_lcd.o(i.LCD_SetFont) for LCD_SetFont
    main.o(i.LCD_Show) refers to bsp_ili9341_lcd.o(i.ILI9341_DrawLine) for ILI9341_DrawLine
    main.o(i.LCD_Show) refers to bsp_ili9341_lcd.o(i.ILI9341_DispString_EN) for ILI9341_DispString_EN
    main.o(i.LCD_Show) refers to fonts.o(.data) for Font8x16
    main.o(i.LCD_Show) refers to fonts.o(.data) for Font16x24
    main.o(i.SystemClock_Config) refers to memseta.o(.text) for __aeabi_memclr4
    main.o(i.SystemClock_Config) refers to stm32f1xx_hal_rcc.o(i.HAL_RCC_OscConfig) for HAL_RCC_OscConfig
    main.o(i.SystemClock_Config) refers to stm32f1xx_hal_rcc.o(i.HAL_RCC_ClockConfig) for HAL_RCC_ClockConfig
    main.o(i.SystemClock_Config) refers to stm32f1xx_hal_rcc_ex.o(i.HAL_RCCEx_PeriphCLKConfig) for HAL_RCCEx_PeriphCLKConfig
    main.o(i.main) refers to stm32f1xx_hal.o(i.HAL_Init) for HAL_Init
    main.o(i.main) refers to main.o(i.SystemClock_Config) for SystemClock_Config
    main.o(i.main) refers to gpio.o(i.MX_GPIO_Init) for MX_GPIO_Init
    main.o(i.main) refers to dma.o(i.MX_DMA_Init) for MX_DMA_Init
    main.o(i.main) refers to tim.o(i.MX_TIM2_Init) for MX_TIM2_Init
    main.o(i.main) refers to usart.o(i.MX_USART1_UART_Init) for MX_USART1_UART_Init
    main.o(i.main) refers to adc.o(i.MX_ADC1_Init) for MX_ADC1_Init
    main.o(i.main) refers to bsp_ili9341_lcd.o(i.ILI9341_Init) for ILI9341_Init
    main.o(i.main) refers to key.o(i.key_gpio_nint) for key_gpio_nint
    main.o(i.main) refers to bsp_ili9341_lcd.o(i.ILI9341_GramScan) for ILI9341_GramScan
    main.o(i.main) refers to main.o(i.LCD_Show) for LCD_Show
    main.o(i.main) refers to printfa.o(i.__0printf) for __2printf
    main.o(i.main) refers to adc.o(i.update_adc_sampling_frequency) for update_adc_sampling_frequency
    main.o(i.main) refers to task.o(i.Task_Tick) for Task_Tick
    main.o(i.main) refers to ledtask.o(i.Data_Progress) for Data_Progress
    main.o(i.main) refers to ledtask.o(i.Drew_sin_wave_Tran) for Drew_sin_wave_Tran
    main.o(i.main) refers to ledtask.o(i.data_show) for data_show
    main.o(i.main) refers to task.o(i.ADC_Start) for ADC_Start
    main.o(i.main) refers to bsp_ili9341_lcd.o(.data) for lcdid
    main.o(i.main) refers to tim.o(.data) for systick_falg
    main.o(i.main) refers to task.o(.data) for adc_completed_Flag
    adc.o(i.HAL_ADC_MspDeInit) refers to stm32f1xx_hal_gpio.o(i.HAL_GPIO_DeInit) for HAL_GPIO_DeInit
    adc.o(i.HAL_ADC_MspDeInit) refers to stm32f1xx_hal_dma.o(i.HAL_DMA_DeInit) for HAL_DMA_DeInit
    adc.o(i.HAL_ADC_MspDeInit) refers to stm32f1xx_hal_cortex.o(i.HAL_NVIC_DisableIRQ) for HAL_NVIC_DisableIRQ
    adc.o(i.HAL_ADC_MspInit) refers to stm32f1xx_hal_gpio.o(i.HAL_GPIO_Init) for HAL_GPIO_Init
    adc.o(i.HAL_ADC_MspInit) refers to stm32f1xx_hal_dma.o(i.HAL_DMA_Init) for HAL_DMA_Init
[...]
    ../Drivers/STM32F1xx_HAL_Driver/Src/stm32f1xx_hal_cortex.c 0x00000000   Number         0  stm32f1xx_hal_cortex.o ABSOLUTE
    ../Drivers/STM32F1xx_HAL_Driver/Src/stm32f1xx_hal_dma.c 0x00000000   Number         0  stm32f1xx_hal_dma.o ABSOLUTE
    ../Drivers/STM32F1xx_HAL_Driver/Src/stm32f1xx_hal_exti.c 0x00000000   Number         0  stm32f1xx_hal_exti.o ABSOLUTE
    ../Drivers/STM32F1xx_HAL_Driver/Src/stm32f1xx_hal_flash.c 0x00000000   Number         0  stm32f1xx_hal_flash.o ABSOLUTE
    ../Drivers/STM32F1xx_HAL_Driver/Src/stm32f1xx_hal_flash_ex.c 0x00000000   Number         0  stm32f1xx_hal_flash_ex.o ABSOLUTE
    ../Drivers/STM32F1xx_HAL_Driver/Src/stm32f1xx_hal_gpio.c 0x00000000   Number         0  stm32f1xx_hal_gpio.o ABSOLUTE
    ../Drivers/STM32F1xx_HAL_Driver/Src/stm32f1xx_hal_gpio_ex.c 0x00000000   Number         0  stm32f1xx_hal_gpio_ex.o ABSOLUTE
    ../Drivers/STM32F1xx_HAL_Driver/Src/stm32f1xx_hal_pwr.c 0x00000000   Number         0  stm32f1xx_hal_pwr.o ABSOLUTE
    ../Drivers/STM32F1xx_HAL_Driver/Src/stm32f1xx_hal_rcc.c 0x00000000   Number         0  stm32f1xx_hal_rcc.o ABSOLUTE
    ../Drivers/STM32F1xx_HAL_Driver/Src/stm32f1xx_hal_rcc_ex.c 0x00000000   Number         0  stm32f1xx_hal_rcc_ex.o ABSOLUTE
    ../Drivers/STM32F1xx_HAL_Driver/Src/stm32f1xx_hal_tim.c 0x00000000   Number         0  stm32f1xx_hal_tim.o ABSOLUTE
    ../Drivers/STM32F1xx_HAL_Driver/Src/stm32f1xx_hal_tim_ex.c 0x00000000   Number         0  stm32f1xx_hal_tim_ex.o ABSOLUTE
    ../Drivers/STM32F1xx_HAL_Driver/Src/stm32f1xx_hal_uart.c 0x00000000   Number         0  stm32f1xx_hal_uart.o ABSOLUTE
    ../clib/microlib/division.c              0x00000000   Number         0  uldiv.o ABSOLUTE
    ../clib/microlib/division.c              0x00000000   Number         0  uidiv.o ABSOLUTE
    ../clib/microlib/init/entry.s            0x00000000   Number         0  entry7a.o ABSOLUTE
    ../clib/microlib/init/entry.s            0x00000000   Number         0  entry7b.o ABSOLUTE
    ../clib/microlib/init/entry.s            0x00000000   Number         0  entry11b.o ABSOLUTE
    ../clib/microlib/init/entry.s            0x00000000   Number         0  entry11a.o ABSOLUTE
    ../clib/microlib/init/entry.s            0x00000000   Number         0  entry10b.o ABSOLUTE
    ../clib/microlib/init/entry.s            0x00000000   Number         0  entry8b.o ABSOLUTE
    ../clib/microlib/init/entry.s            0x00000000   Number         0  entry9a.o ABSOLUTE
    ../clib/microlib/init/entry.s            0x00000000   Number         0  entry9b.o ABSOLUTE
    ../clib/microlib/init/entry.s            0x00000000   Number         0  entry2.o ABSOLUTE
    ../clib/microlib/init/entry.s            0x00000000   Number         0  entry10a.o ABSOLUTE
    ../clib/microlib/init/entry.s            0x00000000   Number         0  entry.o ABSOLUTE
    ../clib/microlib/init/entry.s            0x00000000   Number         0  entry5.o ABSOLUTE
    ../clib/microlib/init/entry.s            0x00000000   Number         0  entry8a.o ABSOLUTE
    ../clib/microlib/longlong.c              0x00000000   Number         0  llsshr.o ABSOLUTE
    ../clib/microlib/longlong.c              0x00000000   Number         0  llshl.o ABSOLUTE
    ../clib/microlib/longlong.c              0x00000000   Number         0  llushr.o ABSOLUTE
    ../clib/microlib/printf/printf.c         0x00000000   Number         0  printf4.o ABSOLUTE
    ../clib/microlib/printf/printf.c         0x00000000   Number         0  printf6.o ABSOLUTE
    ../clib/microlib/printf/printf.c         0x00000000   Number         0  printf7.o ABSOLUTE
    ../clib/microlib/printf/printf.c         0x00000000   Number         0  printf8.o ABSOLUTE
    ../clib/microlib/printf/printf.c         0x00000000   Number         0  printfa.o ABSOLUTE
    ../clib/microlib/printf/printf.c         0x00000000   Number         0  printf5.o ABSOLUTE
    ../clib/microlib/printf/printf.c         0x00000000   Number         0  printf3.o ABSOLUTE
    ../clib/microlib/printf/printf.c         0x00000000   Number         0  printf2.o ABSOLUTE
    ../clib/microlib/printf/printf.c         0x00000000   Number         0  printf1.o ABSOLUTE
    ../clib/microlib/printf/printf.c         0x00000000   Number         0  printf0.o ABSOLUTE
    ../clib/microlib/printf/printf.c         0x00000000   Number         0  printfb.o ABSOLUTE
    ../clib/microlib/printf/stubs.s          0x00000000   Number         0  stubs.o ABSOLUTE
    ../clib/microlib/stdio/streams.c         0x00000000   Number         0  stdout.o ABSOLUTE
    ../clib/microlib/string/memset.c         0x00000000   Number         0  memseta.o ABSOLUTE
    ../clib/microlib/stubs.s                 0x00000000   Number         0  iusefp.o ABSOLUTE
    ../fplib/microlib/d2f.c                  0x00000000   Number         0  d2f.o ABSOLUTE
    ../fplib/microlib/f2d.c                  0x00000000   Number         0  f2d.o ABSOLUTE
    ../fplib/microlib/fpadd.c                0x00000000   Number         0  fadd.o ABSOLUTE
    ../fplib/microlib/fpadd.c                0x00000000   Number         0  dadd.o ABSOLUTE
    ../fplib/microlib/fpdiv.c                0x00000000   Number         0  fdiv.o ABSOLUTE
    ../fplib/microlib/fpdiv.c                0x00000000   Number         0  ddiv.o ABSOLUTE
    ../fplib/microlib/fpepilogue.c           0x00000000   Number         0  depilogue.o ABSOLUTE
    ../fplib/microlib/fpepilogue.c           0x00000000   Number         0  fepilogue.o ABSOLUTE
    ../fplib/microlib/fpfix.c                0x00000000   Number         0  ffixui.o ABSOLUTE
    ../fplib/microlib/fpfix.c                0x00000000   Number         0  dfixul.o ABSOLUTE
    ../fplib/microlib/fpflt.c                0x00000000   Number         0  ffltui.o ABSOLUTE
    ../fplib/microlib/fpflt.c                0x00000000   Number         0  dfltui.o ABSOLUTE
    ../fplib/microlib/fpmul.c                0x00000000   Number         0  dmul.o ABSOLUTE
    ../fplib/microlib/fpscalb.c              0x00000000   Number         0  dscalb.o ABSOLUTE
    ..\Core\Src\adc.c                        0x00000000   Number         0  adc.o ABSOLUTE
    ..\Core\Src\dma.c                        0x00000000   Number         0  dma.o ABSOLUTE
    ..\Core\Src\gpio.c                       0x00000000   Number         0  gpio.o ABSOLUTE
    ..\Core\Src\main.c                       0x00000000   Number         0  main.o ABSOLUTE
    ..\Core\Src\stm32f1xx_hal_msp.c          0x00000000   Number         0  stm32f1xx_hal_msp.o ABSOLUTE
    ..\Core\Src\stm32f1xx_it.c               0x00000000   Number         0  stm32f1xx_it.o ABSOLUTE
    ..\Core\Src\system_stm32f1xx.c           0x00000000   Number         0  system_stm32f1xx.o ABSOLUTE
    ..\Core\Src\tim.c                        0x00000000   Number         0  tim.o ABSOLUTE
    ..\Core\Src\usart.c                      0x00000000   Number         0  usart.o ABSOLUTE
    ..\Drivers\STM32F1xx_HAL_Driver\Src\stm32f1xx_hal.c 0x00000000   Number         0  stm32f1xx_hal.o ABSOLUTE
    ..\Drivers\STM32F1xx_HAL_Driver\Src\stm32f1xx_hal_adc.c 0x00000000   Number         0  stm32f1xx_hal_adc.o ABSOLUTE
    ..\Drivers\STM32F1xx_HAL_Driver\Src\stm32f1xx_hal_adc_ex.c 0x00000000   Number         0  stm32f1xx_hal_adc_ex.o ABSOLUTE
    ..\Drivers\STM32F1xx_HAL_Driver\Src\stm32f1xx_hal_cortex.c 0x00000000   Number         0  stm32f1xx_hal_cortex.o ABSOLUTE
    ..\Drivers\STM32F1xx_HAL_Driver\Src\stm32f1xx_hal_dma.c 0x00000000   Number         0  stm32f1xx_hal_dma.o ABSOLUTE
    ..\Drivers\STM32F1xx_HAL_Driver\Src\stm32f1xx_hal_exti.c 0x00000000   Number         0  stm32f1xx_hal_exti.o ABSOLUTE
    ..\Drivers\STM32F1xx_HAL_Driver\Src\stm32f1xx_hal_flash.c 0x00000000   Number         0  stm32f1xx_hal_flash.o ABSOLUTE
    ..\Drivers\STM32F1xx_HAL_Driver\Src\stm32f1xx_hal_flash_ex.c 0x00000000   Number         0  stm32f1xx_hal_flash_ex.o ABSOLUTE
    ..\Drivers\STM32F1xx_HAL_Driver\Src\stm32f1xx_hal_gpio.c 0x00000000   Number         0  stm32f1xx_hal_gpio.o ABSOLUTE
    ..\Drivers\STM32F1xx_HAL_Driver\Src\stm32f1xx_hal_gpio_ex.c 0x00000000   Number         0  stm32f1xx_hal_gpio_ex.o ABSOLUTE
    ..\Drivers\STM32F1xx_HAL_Driver\Src\stm32f1xx_hal_pwr.c 0x00000000   Number         0  stm32f1xx_hal_pwr.o ABSOLUTE
    ..\Drivers\STM32F1xx_HAL_Driver\Src\stm32f1xx_hal_rcc.c 0x00000000   Number         0  stm32f1xx_hal_rcc.o ABSOLUTE
    ..\Drivers\STM32F1xx_HAL_Driver\Src\stm32f1xx_hal_rcc_ex.c 0x00000000   Number         0  stm32f1xx_hal_rcc_ex.o ABSOLUTE
    ..\Drivers\STM32F1xx_HAL_Driver\Src\stm32f1xx_hal_tim.c 0x00000000   Number         0  stm32f1xx_hal_tim.o ABSOLUTE
    ..\Drivers\STM32F1xx_HAL_Driver\Src\stm32f1xx_hal_tim_ex.c 0x00000000   Number         0  stm32f1xx_hal_tim_ex.o ABSOLUTE
    ..\Drivers\STM32F1xx_HAL_Driver\Src\stm32f1xx_hal_uart.c 0x00000000   Number         0  stm32f1xx_hal_uart.o ABSOLUTE
    User\LedTask.c                           0x00000000   Number         0  ledtask.o ABSOLUTE
    User\Task.c                              0x00000000   Number         0  task.o ABSOLUTE
    User\\LedTask.c                          0x00000000   Number         0  ledtask.o ABSOLUTE
    User\\Task.c                             0x00000000   Number         0  task.o ABSOLUTE
    User\\font\\fonts.c                      0x00000000   Number         0  fonts.o ABSOLUTE
    User\\key.c                              0x00000000   Number         0  key.o ABSOLUTE
    User\\lcd\\bsp_ili9341_lcd.c             0x00000000   Number         0  bsp_ili9341_lcd.o ABSOLUTE
    User\font\fonts.c                        0x00000000   Number         0  fonts.o ABSOLUTE
    User\key.c                               0x00000000   Number         0  key.o ABSOLUTE
    User\lcd\bsp_ili9341_lcd.c               0x00000000   Number         0  bsp_ili9341_lcd.o ABSOLUTE
    cdrcmple.s                               0x00000000   Number         0  cdrcmple.o ABSOLUTE
    cfcmple.s                                0x00000000   Number         0  cfcmple.o ABSOLUTE
    dc.s                                     0x00000000   Number         0  dc.o ABSOLUTE
    handlers.s                               0x00000000   Number         0  handlers.o ABSOLUTE
    init.s                                   0x00000000   Number         0  init.o ABSOLUTE
    startup_stm32f103xe.s                    0x00000000   Number         0  startup_stm32f103xe.o ABSOLUTE
    RESET                                    0x08000000   Section      304  startup_stm32f103xe.o(RESET)
    .ARM.Collect$$$$00000000                 0x08000130   Section        0  entry.o(.ARM.Collect$$$$00000000)
    .ARM.Collect$$$$00000001                 0x08000130   Section        4  entry2.o(.ARM.Collect$$$$00000001)
    .ARM.Collect$$$$00000004                 0x08000134   Section        4  entry5.o(.ARM.Collect$$$$00000004)
    .ARM.Collect$$$$00000008                 0x08000138   Section        0  entry7b.o(.ARM.Collect$$$$00000008)
    .ARM.Collect$$$$0000000A                 0x08000138   Section        0  entry8b.o(.ARM.Collect$$$$0000000A)
    .ARM.Collect$$$$0000000B                 0x08000138   Section        8  entry9a.o(.ARM.Collect$$$$0000000B)
    .ARM.Collect$$$$0000000D                 0x08000140   Section        0  entry10a.o(.ARM.Collect$$$$0000000D)
    .ARM.Collect$$$$0000000F                 0x08000140   Section        0  entry11a.o(.ARM.Collect$$$$0000000F)
    .ARM.Collect$$$$00002712                 0x08000140   Section        4  entry2.o(.ARM.Collect$$$$00002712)
    __lit__00000000                          0x08000140   Data           4  entry2.o(.ARM.Collect$$$$00002712)
    .text                                    0x08000144   Section       36  startup_stm32f103xe.o(.text)
    .text                                    0x08000168   Section        0  llushr.o(.text)
    .text                                    0x08000188   Section        0  memseta.o(.text)
    .text                                    0x080001ac   Section        0  fadd.o(.text)
    .text                                    0x0800025c   Section        0  fdiv.o(.text)
    .text                                    0x080002d8   Section        0  dmul.o(.text)
    .text                                    0x080003bc   Section        0  ddiv.o(.text)
    .text                                    0x0800049a   Section        0  dscalb.o(.text)
    .text                                    0x080004c8   Section        0  ffltui.o(.text)
    .text                                    0x080004d2   Section        0  dfltui.o(.text)
    .text                                    0x080004ec   Section        0  ffixui.o(.text)
    .text                                    0x08000514   Section        0  f2d.o(.text)
    .text                                    0x0800053a   Section        0  d2f.o(.text)
    .text                                    0x08000574   Section       20  cfcmple.o(.text)
    .text                                    0x08000588   Section        0  uidiv.o(.text)
    .text                                    0x080005b4   Section        0  uldiv.o(.text)
    .text                                    0x08000616   Section        0  iusefp.o(.text)
    .text                                    0x08000616   Section        0  fepilogue.o(.text)
    .text                                    0x08000684   Section        0  depilogue.o(.text)
    .text                                    0x0800073e   Section        0  dadd.o(.text)
    .text                                    0x0800088c   Section        0  dfixul.o(.text)
    .text                                    0x080008bc   Section       48  cdrcmple.o(.text)
    .text                                    0x080008ec   Section       36  init.o(.text)
    .text                                    0x08000910   Section        0  llshl.o(.text)
    .text                                    0x0800092e   Section        0  llsshr.o(.text)
    i.ADC1_2_IRQHandler                      0x08000954   Section        0  stm32f1xx_it.o(i.ADC1_2_IRQHandler)
    i.ADC_ConversionStop_Disable             0x08000960   Section        0  stm32f1xx_hal_adc.o(i.ADC_ConversionStop_Disable)
    i.ADC_DMAConvCplt                        0x080009b6   Section        0  stm32f1xx_hal_adc.o(i.ADC_DMAConvCplt)
    i.ADC_DMAError                           0x08000a04   Section        0  stm32f1xx_hal_adc.o(i.ADC_DMAError)
    i.ADC_DMAHalfConvCplt                    0x08000a1e   Section        0  stm32f1xx_hal_adc.o(i.ADC_DMAHalfConvCplt)
    i.ADC_Enable                             0x08000a28   Section        0  stm32f1xx_hal_adc.o(i.ADC_Enable)
    i.ADC_Start                              0x08000aa4   Section        0  task.o(i.ADC_Start)
    i.BusFault_Handler                       0x08000ae8   Section        0  stm32f1xx_it.o(i.BusFault_Handler)
    i.DMA1_Channel1_IRQHandler               0x08000aec   Section        0  stm32f1xx_it.o(i.DMA1_Channel1_IRQHandler)
    i.DMA_SetConfig                          0x08000af8   Section        0  stm32f1xx_hal_dma.o(i.DMA_SetConfig)
    DMA_SetConfig                            0x08000af9   Thumb Code    42  stm32f1xx_hal_dma.o(i.DMA_SetConfig)
    i.Data_Progress                          0x08000b24   Section        0  ledtask.o(i.Data_Progress)
    i.DebugMon_Handler                       0x08000c1c   Section        0  stm32f1xx_it.o(i.DebugMon_Handler)
    i.Drew_sin_wave_Tran                     0x08000c20   Section        0  ledtask.o(i.Drew_sin_wave_Tran)
    i.Error_Handler                          0x08000e9c   Section        0  main.o(i.Error_Handler)
    i.HAL_ADCEx_InjectedConvCpltCallback     0x08000ea0   Section        0  stm32f1xx_hal_adc_ex.o(i.HAL_ADCEx_InjectedConvCpltCallback)
    i.HAL_ADC_ConfigChannel                  0x08000ea4   Section        0  stm32f1xx_hal_adc.o(i.HAL_ADC_ConfigChannel)
    i.HAL_ADC_ConvCpltCallback               0x08000fa0   Section        0  task.o(i.HAL_ADC_ConvCpltCallback)
    i.HAL_ADC_ConvHalfCpltCallback           0x08000fc0   Section        0  stm32f1xx_hal_adc.o(i.HAL_ADC_ConvHalfCpltCallback)
    i.HAL_ADC_ErrorCallback                  0x08000fc2   Section        0  stm32f1xx_hal_adc.o(i.HAL_ADC_ErrorCallback)
    i.HAL_ADC_IRQHandler                     0x08000fc4   Section        0  stm32f1xx_hal_adc.o(i.HAL_ADC_IRQHandler)
    i.HAL_ADC_Init                           0x080010a0   Section        0  stm32f1xx_hal_adc.o(i.HAL_ADC_Init)
    i.HAL_ADC_LevelOutOfWindowCallback       0x080011c0   Section        0  stm32f1xx_hal_adc.o(i.HAL_ADC_LevelOutOfWindowCallback)
    i.HAL_ADC_MspInit                        0x080011c4   Section        0  adc.o(i.HAL_ADC_MspInit)
    i.HAL_ADC_Start_DMA                      0x08001264   Section        0  stm32f1xx_hal_adc.o(i.HAL_ADC_Start_DMA)
    i.HAL_ADC_Start_IT                       0x08001370   Section        0  stm32f1xx_hal_adc.o(i.HAL_ADC_Start_IT)
    i.HAL_ADC_Stop_DMA                       0x0800143c   Section        0  stm32f1xx_hal_adc.o(i.HAL_ADC_Stop_DMA)
    i.HAL_ADC_Stop_IT                        0x08001492   Section        0  stm32f1xx_hal_adc.o(i.HAL_ADC_Stop_IT)
    i.HAL_DMA_Abort                          0x080014d0   Section        0  stm32f1xx_hal_dma.o(i.HAL_DMA_Abort)
    i.HAL_DMA_IRQHandler                     0x08001518   Section        0  stm32f1xx_hal_dma.o(i.HAL_DMA_IRQHandler)
    i.HAL_DMA_Init                           0x08001760   Section        0  stm32f1xx_hal_dma.o(i.HAL_DMA_Init)
    i.HAL_DMA_Start_IT                       0x080017dc   Section        0  stm32f1xx_hal_dma.o(i.HAL_DMA_Start_IT)
    i.HAL_GPIO_Init                          0x0800184c   Section        0  stm32f1xx_hal_gpio.o(i.HAL_GPIO_Init)
    i.HAL_GPIO_ReadPin                       0x08001a44   Section        0  stm32f1xx_hal_gpio.o(i.HAL_GPIO_ReadPin)
    i.HAL_GetTick                            0x08001a50   Section        0  stm32f1xx_hal.o(i.HAL_GetTick)
    i.HAL_IncTick                            0x08001a5c   Section        0  stm32f1xx_hal.o(i.HAL_IncTick)
    i.HAL_Init                               0x08001a6c   Section        0  stm32f1xx_hal.o(i.HAL_Init)
    i.HAL_InitTick                           0x08001a90   Section        0  stm32f1xx_hal.o(i.HAL_InitTick)
    i.HAL_MspInit                            0x08001ad0   Section        0  stm32f1xx_hal_msp.o(i.HAL_MspInit)
    i.HAL_NVIC_EnableIRQ                     0x08001afc   Section        0  stm32f1xx_hal_cortex.o(i.HAL_NVIC_EnableIRQ)
    i.HAL_NVIC_SetPriority                   0x08001b18   Section        0  stm32f1xx_hal_cortex.o(i.HAL_NVIC_SetPriority)
    i.HAL_NVIC_SetPriorityGrouping           0x08001b58   Section        0  stm32f1xx_hal_cortex.o(i.HAL_NVIC_SetPriorityGrouping)
    i.HAL_RCCEx_PeriphCLKConfig              0x08001b7c   Section        0  stm32f1xx_hal_rcc_ex.o(i.HAL_RCCEx_PeriphCLKConfig)
    i.HAL_RCC_ClockConfig                    0x08001c68   Section        0  stm32f1xx_hal_rcc.o(i.HAL_RCC_ClockConfig)
    i.HAL_RCC_GetHCLKFreq                    0x08001d94   Section        0  stm32f1xx_hal_rcc.o(i.HAL_RCC_GetHCLKFreq)
    i.HAL_RCC_GetPCLK1Freq                   0x08001da0   Section        0  stm32f1xx_hal_rcc.o(i.HAL_RCC_GetPCLK1Freq)
    i.HAL_RCC_GetPCLK2Freq                   0x08001dc0   Section        0  stm32f1xx_hal_rcc.o(i.HAL_RCC_GetPCLK2Freq)
    i.HAL_RCC_GetSysClockFreq                0x08001de0   Section        0  stm32f1xx_hal_rcc.o(i.HAL_RCC_GetSysClockFreq)
    i.HAL_RCC_OscConfig                      0x08001e2c   Section        0  stm32f1xx_hal_rcc.o(i.HAL_RCC_OscConfig)
    i.HAL_SYSTICK_Config                     0x0800214c   Section        0  stm32f1xx_hal_cortex.o(i.HAL_SYSTICK_Config)
    i.HAL_TIMEx_BreakCallback                0x08002174   Section        0  stm32f1xx_hal_tim_ex.o(i.HAL_TIMEx_BreakCallback)
    i.HAL_TIMEx_CommutCallback               0x08002176   Section        0  stm32f1xx_hal_tim_ex.o(i.HAL_TIMEx_CommutCallback)
    i.HAL_TIMEx_MasterConfigSynchronization  0x08002178   Section        0  stm32f1xx_hal_tim_ex.o(i.HAL_TIMEx_MasterConfigSynchronization)
    i.HAL_TIM_Base_Init                      0x080021f4   Section        0  stm32f1xx_hal_tim.o(i.HAL_TIM_Base_Init)
    i.HAL_TIM_Base_MspInit                   0x08002250   Section        0  tim.o(i.HAL_TIM_Base_MspInit)
    i.HAL_TIM_Base_Start_IT                  0x08002288   Section        0  stm32f1xx_hal_tim.o(i.HAL_TIM_Base_Start_IT)
    i.HAL_TIM_ConfigClockSource              0x080022f4   Section        0  stm32f1xx_hal_tim.o(i.HAL_TIM_ConfigClockSource)
    i.HAL_TIM_IC_CaptureCallback             0x080023d0   Section        0  stm32f1xx_hal_tim.o(i.HAL_TIM_IC_CaptureCallback)
    i.HAL_TIM_IRQHandler                     0x080023d2   Section        0  stm32f1xx_hal_tim.o(i.HAL_TIM_IRQHandler)
    i.HAL_TIM_OC_DelayElapsedCallback        0x08002538   Section        0  stm32f1xx_hal_tim.o(i.HAL_TIM_OC_DelayElapsedCallback)
    i.HAL_TIM_PWM_PulseFinishedCallback      0x0800253a   Section        0  stm32f1xx_hal_tim.o(i.HAL_TIM_PWM_PulseFinishedCallback)
    i.HAL_TIM_PeriodElapsedCallback          0x0800253c   Section        0  tim.o(i.HAL_TIM_PeriodElapsedCallback)
    i.HAL_TIM_TriggerCallback                0x08002550   Section        0  stm32f1xx_hal_tim.o(i.HAL_TIM_TriggerCallback)
    i.HAL_UART_Init                          0x08002552   Section        0  stm32f1xx_hal_uart.o(i.HAL_UART_Init)
    i.HAL_UART_MspInit                       0x080025b8   Section        0  usart.o(i.HAL_UART_MspInit)
    i.HAL_UART_Transmit                      0x08002628   Section        0  stm32f1xx_hal_uart.o(i.HAL_UART_Transmit)
    i.HardFault_Handler                      0x080026c2   Section        0  stm32f1xx_it.o(i.HardFault_Handler)
    i.ILI9341_BackLed_Control                0x080026c4   Section        0  bsp_ili9341_lcd.o(i.ILI9341_BackLed_Control)
    i.ILI9341_Delay                          0x080026d8   Section        0  bsp_ili9341_lcd.o(i.ILI9341_Delay)
    ILI9341_Delay                            0x080026d9   Thumb Code    16  bsp_ili9341_lcd.o(i.ILI9341_Delay)
    i.ILI9341_DispChar_EN                    0x080026e8   Section        0  bsp_ili9341_lcd.o(i.ILI9341_DispChar_EN)
    i.ILI9341_DispString_EN                  0x08002754   Section        0  bsp_ili9341_lcd.o(i.ILI9341_DispString_EN)
    i.ILI9341_DrawLine                       0x080027a4   Section        0  bsp_ili9341_lcd.o(i.ILI9341_DrawLine)
    i.ILI9341_DrawRectangle                  0x08002840   Section        0  bsp_ili9341_lcd.o(i.ILI9341_DrawRectangle)
    i.ILI9341_FillColor                      0x080028a4   Section        0  bsp_ili9341_lcd.o(i.ILI9341_FillColor)
    ILI9341_FillColor                        0x080028a5   Thumb Code    30  bsp_ili9341_lcd.o(i.ILI9341_FillColor)
    i.ILI9341_GPIO_Config                    0x080028c4   Section        0  bsp_ili9341_lcd.o(i.ILI9341_GPIO_Config)
    ILI9341_GPIO_Config                      0x080028c5   Thumb Code   174  bsp_ili9341_lcd.o(i.ILI9341_GPIO_Config)
    i.ILI9341_GramScan                       0x08002988   Section        0  bsp_ili9341_lcd.o(i.ILI9341_GramScan)
    i.ILI9341_Init                           0x08002a34   Section        0  bsp_ili9341_lcd.o(i.ILI9341_Init)
    i.ILI9341_OpenWindow                     0x08002a54   Section        0  bsp_ili9341_lcd.o(i.ILI9341_OpenWindow)
    i.ILI9341_REG_Config                     0x08002aac   Section        0  bsp_ili9341_lcd.o(i.ILI9341_REG_Config)
    ILI9341_REG_Config                       0x08002aad   Thumb Code  1276  bsp_ili9341_lcd.o(i.ILI9341_REG_Config)
    i.ILI9341_ReadID                         0x08002fa8   Section        0  bsp_ili9341_lcd.o(i.ILI9341_ReadID)
    i.ILI9341_Read_Data                      0x08002ffc   Section        0  bsp_ili9341_lcd.o(i.ILI9341_Read_Data)
    i.ILI9341_SetCursor                      0x08003048   Section        0  bsp_ili9341_lcd.o(i.ILI9341_SetCursor)
    ILI9341_SetCursor                        0x08003049   Thumb Code     8  bsp_ili9341_lcd.o(i.ILI9341_SetCursor)
    i.ILI9341_SetPointPixel                  0x08003050   Section        0  bsp_ili9341_lcd.o(i.ILI9341_SetPointPixel)
    i.ILI9341_Write_Cmd                      0x08003078   Section        0  bsp_ili9341_lcd.o(i.ILI9341_Write_Cmd)
    i.ILI9341_Write_Data                     0x0800309c   Section        0  bsp_ili9341_lcd.o(i.ILI9341_Write_Data)
    i.LCD_SetColors                          0x080030c0   Section        0  bsp_ili9341_lcd.o(i.LCD_SetColors)
    i.LCD_SetFont                            0x080030cc   Section        0  bsp_ili9341_lcd.o(i.LCD_SetFont)
    i.LCD_SetTextColor                       0x080030d8   Section        0  bsp_ili9341_lcd.o(i.LCD_SetTextColor)
    i.LCD_Show                               0x080030e4   Section        0  main.o(i.LCD_Show)
    i.MX_ADC1_Init                           0x08003268   Section        0  adc.o(i.MX_ADC1_Init)
    i.MX_DMA_Init                            0x080032d4   Section        0  dma.o(i.MX_DMA_Init)
    i.MX_GPIO_Init                           0x08003300   Section        0  gpio.o(i.MX_GPIO_Init)
    i.MX_TIM2_Init                           0x0800333c   Section        0  tim.o(i.MX_TIM2_Init)
    i.MX_USART1_UART_Init                    0x080033a8   Section        0  usart.o(i.MX_USART1_UART_Init)
    i.MemManage_Handler                      0x080033e0   Section        0  stm32f1xx_it.o(i.MemManage_Handler)
    i.Model_Transmit                         0x080033e4   Section        0  ledtask.o(i.Model_Transmit)
    i.NMI_Handler                            0x08003400   Section        0  stm32f1xx_it.o(i.NMI_Handler)
    i.PendSV_Handler                         0x08003402   Section        0  stm32f1xx_it.o(i.PendSV_Handler)
    i.SVC_Handler                            0x08003404   Section        0  stm32f1xx_it.o(i.SVC_Handler)
    i.SysTick_Handler                        0x08003406   Section        0  stm32f1xx_it.o(i.SysTick_Handler)
    i.SystemClock_Config                     0x0800340a   Section        0  main.o(i.SystemClock_Config)
    i.SystemInit                             0x08003484   Section        0  system_stm32f1xx.o(i.SystemInit)
    i.TIM2_IRQHandler                        0x08003488   Section        0  stm32f1xx_it.o(i.TIM2_IRQHandler)
    i.TIM_Base_SetConfig                     0x08003494   Section        0  stm32f1xx_hal_tim.o(i.TIM_Base_SetConfig)
    i.TIM_ETR_SetConfig                      0x08003520   Section        0  stm32f1xx_hal_tim.o(i.TIM_ETR_SetConfig)
    i.TIM_ITRx_SetConfig                     0x08003534   Section        0  stm32f1xx_hal_tim.o(i.TIM_ITRx_SetConfig)
    TIM_ITRx_SetConfig                       0x08003535   Thumb Code    16  stm32f1xx_hal_tim.o(i.TIM_ITRx_SetConfig)
    i.TIM_TI1_ConfigInputStage               0x08003544   Section        0  stm32f1xx_hal_tim.o(i.TIM_TI1_ConfigInputStage)
    TIM_TI1_ConfigInputStage                 0x08003545   Thumb Code    34  stm32f1xx_hal_tim.o(i.TIM_TI1_ConfigInputStage)
    i.TIM_TI2_ConfigInputStage               0x08003566   Section        0  stm32f1xx_hal_tim.o(i.TIM_TI2_ConfigInputStage)
    TIM_TI2_ConfigInputStage                 0x08003567   Thumb Code    36  stm32f1xx_hal_tim.o(i.TIM_TI2_ConfigInputStage)
    i.Task_Tick                              0x0800358c   Section        0  task.o(i.Task_Tick)
    i.UART_SetConfig                         0x080035f4   Section        0  stm32f1xx_hal_uart.o(i.UART_SetConfig)
    UART_SetConfig                           0x080035f5   Thumb Code   178  stm32f1xx_hal_uart.o(i.UART_SetConfig)
    i.UART_WaitOnFlagUntilTimeout            0x080036ac   Section        0  stm32f1xx_hal_uart.o(i.UART_WaitOnFlagUntilTimeout)
    UART_WaitOnFlagUntilTimeout              0x080036ad   Thumb Code   120  stm32f1xx_hal_uart.o(i.UART_WaitOnFlagUntilTimeout)
    i.UsageFault_Handler                     0x08003724   Section        0  stm32f1xx_it.o(i.UsageFault_Handler)
    i.__0printf                              0x08003728   Section        0  printfa.o(i.__0printf)
    i.__0sprintf                             0x08003748   Section        0  printfa.o(i.__0sprintf)
    i.__NVIC_SetPriority                     0x08003770   Section        0  stm32f1xx_hal_cortex.o(i.__NVIC_SetPriority)
    __NVIC_SetPriority                       0x08003771   Thumb Code    32  stm32f1xx_hal_cortex.o(i.__NVIC_SetPriority)
    i.__scatterload_copy                     0x08003790   Section       14  handlers.o(i.__scatterload_copy)
    i.__scatterload_null                     0x0800379e   Section        2  handlers.o(i.__scatterload_null)
    i.__scatterload_zeroinit                 0x080037a0   Section       14  handlers.o(i.__scatterload_zeroinit)
    i._fp_digits                             0x080037b0   Section        0  printfa.o(i._fp_digits)
    _fp_digits                               0x080037b1   Thumb Code   366  printfa.o(i._fp_digits)
    i._printf_core                           0x08003934   Section        0  printfa.o(i._printf_core)
    _printf_core                             0x08003935   Thumb Code  1744  printfa.o(i._printf_core)
    i._printf_post_padding                   0x08004010   Section        0  printfa.o(i._printf_post_padding)
    _printf_post_padding                     0x08004011   Thumb Code    36  printfa.o(i._printf_post_padding)
    i._printf_pre_padding                    0x08004034   Section        0  printfa.o(i._printf_pre_padding)
    _printf_pre_padding                      0x08004035   Thumb Code    46  printfa.o(i._printf_pre_padding)
    i._sputc                                 0x08004062   Section        0  printfa.o(i._sputc)
    _sputc                                   0x08004063   Thumb Code    10  printfa.o(i._sputc)
    i.calculate_period                       0x0800406c   Section        0  ledtask.o(i.calculate_period)
    i.data_show                              0x08004134   Section        0  ledtask.o(i.data_show)
    i.fputc                                  0x0800431c   Section        0  usart.o(i.fputc)
    i.key_gpio_nint                          0x08004334   Section        0  key.o(i.key_gpio_nint)
    i.main                                   0x0800436c   Section        0  main.o(i.main)
    i.update_adc_sampling_frequency          0x08004408   Section        0  adc.o(i.update_adc_sampling_frequency)
    .constdata                               0x08004488   Section       18  stm32f1xx_hal_rcc.o(.constdata)
    aPredivFactorTable                       0x08004488   Data           2  stm32f1xx_hal_rcc.o(.constdata)
    aPLLMULFactorTable                       0x0800448a   Data          16  stm32f1xx_hal_rcc.o(.constdata)
    .constdata                               0x0800449a   Section       16  system_stm32f1xx.o(.constdata)
    .constdata                               0x080044aa   Section        8  system_stm32f1xx.o(.constdata)
    .constdata                               0x080044b2   Section     1520  fonts.o(.constdata)
    .constdata                               0x08004aa2   Section     4560  fonts.o(.constdata)
    .data                                    0x20000000   Section        4  adc.o(.data)
    .data                                    0x20000004   Section        1  tim.o(.data)
    .data                                    0x20000008   Section       12  stm32f1xx_hal.o(.data)
    .data                                    0x20000014   Section        4  system_stm32f1xx.o(.data)
    .data                                    0x20000018   Section        8  fonts.o(.data)
    .data                                    0x20000020   Section        8  fonts.o(.data)
    .data                                    0x20000028   Section       16  bsp_ili9341_lcd.o(.data)
    CurrentTextColor                         0x20000030   Data           2  bsp_ili9341_lcd.o(.data)
    CurrentBackColor                         0x20000032   Data           2  bsp_ili9341_lcd.o(.data)
    LCD_Currentfonts                         0x20000034   Data           4  bsp_ili9341_lcd.o(.data)
    .data                                    0x20000038   Section       16  task.o(.data)
    .data                                    0x20000048   Section       34  ledtask.o(.data)
    .data                                    0x2000006c   Section        4  stdout.o(.data)
    .bss                                     0x20000070   Section      116  adc.o(.bss)
    .bss                                     0x200000e4   Section       72  tim.o(.bss)
    .bss                                     0x2000012c   Section       72  usart.o(.bss)
    .bss                                     0x20000174   Section     1180  task.o(.bss)
    .bss                                     0x20000610   Section     4720  ledtask.o(.bss)
    STACK                                    0x20001880   Section     1024  startup_stm32f103xe.o(STACK)

    Global Symbols

    Symbol Name                              Value     Ov Type        Size  Object(Section)

    BuildAttributes$$THM_ISAv4$P$D$K$B$S$PE$A:L22UL41UL21$X:L11$S22US41US21$IEEE1$IW$USESV6$~STKCKD$USESV7$~SHL$OTIME$ROPI$EBA8$MICROLIB$REQ8$PRES8$EABIv2 0x00000000   Number         0  anon$$obj.o ABSOLUTE
    __ARM_use_no_argv                        0x00000000   Number         0  main.o ABSOLUTE
    _printf_a                                0x00000000   Number         0  stubs.o ABSOLUTE
    _printf_c                                0x00000000   Number         0  stubs.o ABSOLUTE
    _printf_charcount                        0x00000000   Number         0  stubs.o ABSOLUTE
    _printf_d                                0x00000000   Number         0  stubs.o ABSOLUTE
    _printf_e                                0x00000000   Number         0  stubs.o ABSOLUTE
    _printf_f                                0x00000000   Number         0  stubs.o ABSOLUTE
    _printf_flags                            0x00000000   Number         0  stubs.o ABSOLUTE
    _printf_fp_dec                           0x00000000   Number         0  stubs.o ABSOLUTE
    _printf_fp_hex                           0x00000000   Number         0  stubs.o ABSOLUTE
    _printf_g                                0x00000000   Number         0  stubs.o ABSOLUTE
    _printf_i                                0x00000000   Number         0  stubs.o ABSOLUTE
    _printf_int_dec                          0x00000000   Number         0  stubs.o ABSOLUTE
    _printf_l                                0x00000000   Number         0  stubs.o ABSOLUTE
    _printf_lc                               0x00000000   Number         0  stubs.o ABSOLUTE
    _printf_ll                               0x00000000   Number         0  stubs.o ABSOLUTE
    _printf_lld                              0x00000000   Number         0  stubs.o ABSOLUTE
    _printf_lli                              0x00000000   Number         0  stubs.o ABSOLUTE
    _printf_llo                              0x00000000   Number         0  stubs.o ABSOLUTE
    _printf_llu                              0x00000000   Number         0  stubs.o ABSOLUTE
    _printf_llx                              0x00000000   Number         0  stubs.o ABSOLUTE
    _printf_longlong_dec                     0x00000000   Number         0  stubs.o ABSOLUTE
    _printf_longlong_hex                     0x00000000   Number         0  stubs.o ABSOLUTE
    _printf_longlong_oct                     0x00000000   Number         0  stubs.o ABSOLUTE
    _printf_ls                               0x00000000   Number         0  stubs.o ABSOLUTE
    _printf_mbtowc                           0x00000000   Number         0  stubs.o ABSOLUTE
    _printf_n                                0x00000000   Number         0  stubs.o ABSOLUTE
    _printf_o                                0x00000000   Number         0  stubs.o ABSOLUTE
    _printf_p                                0x00000000   Number         0  stubs.o ABSOLUTE
    _printf_percent                          0x00000000   Number         0  stubs.o ABSOLUTE
    _printf_pre_padding                      0x00000000   Number         0  stubs.o ABSOLUTE
    _printf_return_value                     0x00000000   Number         0  stubs.o ABSOLUTE
    _printf_s                                0x00000000   Number         0  stubs.o ABSOLUTE
    _printf_sizespec                         0x00000000   Number         0  stubs.o ABSOLUTE
    _printf_str                              0x00000000   Number         0  stubs.o ABSOLUTE
    _printf_truncate_signed                  0x00000000   Number         0  stubs.o ABSOLUTE
    _printf_truncate_unsigned                0x00000000   Number         0  stubs.o ABSOLUTE
    _printf_u                                0x00000000   Number         0  stubs.o ABSOLUTE
    _printf_wc                               0x00000000   Number         0  stubs.o ABSOLUTE
    _printf_wctomb                           0x00000000   Number         0  stubs.o ABSOLUTE
    _printf_widthprec                        0x00000000   Number         0  stubs.o ABSOLUTE
    _printf_x                                0x00000000   Number         0  stubs.o ABSOLUTE
    __cpp_initialize__aeabi_                  - Undefined Weak Reference
    __cxa_finalize                            - Undefined Weak Reference
    __decompress                              - Undefined Weak Reference
    _clock_init                               - Undefined Weak Reference
    _microlib_exit                            - Undefined Weak Reference
    __Vectors_Size                           0x00000130   Number         0  startup_stm32f103xe.o ABSOLUTE
    __Vectors                                0x08000000   Data           4  startup_stm32f103xe.o(RESET)
    __Vectors_End                            0x08000130   Data           0  startup_stm32f103xe.o(RESET)
    __main                                   0x08000131   Thumb Code     0  entry.o(.ARM.Collect$$$$00000000)
    _main_stk                                0x08000131   Thumb Code     0  entry2.o(.ARM.Collect$$$$00000001)
    _main_scatterload                        0x08000135   Thumb Code     0  entry5.o(.ARM.Collect$$$$00000004)
    __main_after_scatterload                 0x08000139   Thumb Code     0  entry5.o(.ARM.Collect$$$$00000004)
    _main_clock                              0x08000139   Thumb Code     0  entry7b.o(.ARM.Collect$$$$00000008)
    _main_cpp_init                           0x08000139   Thumb Code     0  entry8b.o(.ARM.Collect$$$$0000000A)
    _main_init                               0x08000139   Thumb Code     0  entry9a.o(.ARM.Collect$$$$0000000B)
    __rt_final_cpp                           0x08000141   Thumb Code     0  entry10a.o(.ARM.Collect$$$$0000000D)
    __rt_final_exit                          0x08000141   Thumb Code     0  entry11a.o(.ARM.Collect$$$$0000000F)
    Reset_Handler                            0x08000145   Thumb Code     8  startup_stm32f103xe.o(.text)
    ADC3_IRQHandler                          0x0800015f   Thumb Code     0  startup_stm32f103xe.o(.text)
    CAN1_RX1_IRQHandler                      0x0800015f   Thumb Code     0  startup_stm32f103xe.o(.text)
    CAN1_SCE_IRQHandler                      0x0800015f   Thumb Code     0  startup_stm32f103xe.o(.text)
    DMA1_Channel2_IRQHandler                 0x0800015f   Thumb Code     0  startup_stm32f103xe.o(.text)
    DMA1_Channel3_IRQHandler                 0x0800015f   Thumb Code     0  startup_stm32f103xe.o(.text)
    DMA1_Channel4_IRQHandler                 0x0800015f   Thumb Code     0  startup_stm32f103xe.o(.text)
    DMA1_Channel5_IRQHandler                 0x0800015f   Thumb Code     0  startup_stm32f103xe.o(.text)
    DMA1_Channel6_IRQHandler                 0x0800015f   Thumb Code     0  startup_stm32f103xe.o(.text)
    DMA1_Channel7_IRQHandler                 0x0800015f   Thumb Code     0  startup_stm32f103xe.o(.text)
    DMA2_Channel1_IRQHandler                 0x0800015f   Thumb Code     0  startup_stm32f103xe.o(.text)
    DMA2_Channel2_IRQHandler                 0x0800015f   Thumb Code     0  startup_stm32f103xe.o(.text)
    DMA2_Channel3_IRQHandler                 0x0800015f   Thumb Code     0  startup_stm32f103xe.o(.text)
    DMA2_Channel4_5_IRQHandler               0x0800015f   Thumb Code     0  startup_stm32f103xe.o(.text)
    EXTI0_IRQHandler                         0x0800015f   Thumb Code     0  startup_stm32f103xe.o(.text)
    EXTI15_10_IRQHandler                     0x0800015f   Thumb Code     0  startup_stm32f103xe.o(.text)
    EXTI1_IRQHandler                         0x0800015f   Thumb Code     0  startup_stm32f103xe.o(.text)
    EXTI2_IRQHandler                         0x0800015f   Thumb Code     0  startup_stm32f103xe.o(.text)
    EXTI3_IRQHandler                         0x0800015f   Thumb Code     0  startup_stm32f103xe.o(.text)
    EXTI4_IRQHandler                         0x0800015f   Thumb Code     0  startup_stm32f103xe.o(.text)
    EXTI9_5_IRQHandler                       0x0800015f   Thumb Code     0  startup_stm32f103xe.o(.text)
    FLASH_IRQHandler                         0x0800015f   Thumb Code     0  startup_stm32f103xe.o(.text)
    FSMC_IRQHandler                          0x0800015f   Thumb Code     0  startup_stm32f103xe.o(.text)
    I2C1_ER_IRQHandler                       0x0800015f   Thumb Code     0  startup_stm32f103xe.o(.text)
    I2C1_EV_IRQHandler                       0x0800015f   Thumb Code     0  startup_stm32f103xe.o(.text)
    I2C2_ER_IRQHandler                       0x0800015f   Thumb Code     0  startup_stm32f103xe.o(.text)
    I2C2_EV_IRQHandler                       0x0800015f   Thumb Code     0  startup_stm32f103xe.o(.text)
    PVD_IRQHandler                           0x0800015f   Thumb Code     0  startup_stm32f103xe.o(.text)
    RCC_IRQHandler                           0x0800015f   Thumb Code     0  startup_stm32f103xe.o(.text)
    RTC_Alarm_IRQHandler                     0x0800015f   Thumb Code     0  startup_stm32f103xe.o(.text)
    RTC_IRQHandler                           0x0800015f   Thumb Code     0  startup_stm32f103xe.o(.text)
    SDIO_IRQHandler                          0x0800015f   Thumb Code     0  startup_stm32f103xe.o(.text)
    SPI1_IRQHandler                          0x0800015f   Thumb Code     0  startup_stm32f103xe.o(.text)
    SPI2_IRQHandler                          0x0800015f   Thumb Code     0  startup_stm32f103xe.o(.text)
    SPI3_IRQHandler                          0x0800015f   Thumb Code     0  startup_stm32f103xe.o(.text)
    TAMPER_IRQHandler                        0x0800015f   Thumb Code     0  startup_stm32f103xe.o(.text)
    TIM1_BRK_IRQHandler                      0x0800015f   Thumb Code     0  startup_stm32f103xe.o(.text)
    TIM1_CC_IRQHandler                       0x0800015f   Thumb Code     0  startup_stm32f103xe.o(.text)
    TIM1_TRG_COM_IRQHandler                  0x0800015f   Thumb Code     0  startup_stm32f103xe.o(.text)
    TIM1_UP_IRQHandler                       0x0800015f   Thumb Code     0  startup_stm32f103xe.o(.text)
    TIM3_IRQHandler                          0x0800015f   Thumb Code     0  startup_stm32f103xe.o(.text)
    TIM4_IRQHandler                          0x0800015f   Thumb Code     0  startup_stm32f103xe.o(.text)
    TIM5_IRQHandler                          0x0800015f   Thumb Code     0  startup_stm32f103xe.o(.text)
    TIM6_IRQHandler                          0x0800015f   Thumb Code     0  startup_stm32f103xe.o(.text)
    TIM7_IRQHandler                          0x0800015f   Thumb Code     0  startup_stm32f103xe.o(.text)
    TIM8_BRK_IRQHandler                      0x0800015f   Thumb Code     0  startup_stm32f103xe.o(.text)
    TIM8_CC_IRQHandler                       0x0800015f   Thumb Code     0  startup_stm32f103xe.o(.text)
    TIM8_TRG_COM_IRQHandler                  0x0800015f   Thumb Code     0  startup_stm32f103xe.o(.text)
    TIM8_UP_IRQHandler                       0x0800015f   Thumb Code     0  startup_stm32f103xe.o(.text)
    UART4_IRQHandler                         0x0800015f   Thumb Code     0  startup_stm32f103xe.o(.text)
    UART5_IRQHandler                         0x0800015f   Thumb Code     0  startup_stm32f103xe.o(.text)
    USART1_IRQHandler                        0x0800015f   Thumb Code     0  startup_stm32f103xe.o(.text)
    USART2_IRQHandler                        0x0800015f   Thumb Code     0  startup_stm32f103xe.o(.text)
    USART3_IRQHandler                        0x0800015f   Thumb Code     0  startup_stm32f103xe.o(.text)
    USBWakeUp_IRQHandler                     0x0800015f   Thumb Code     0  startup_stm32f103xe.o(.text)
    USB_HP_CAN1_TX_IRQHandler                0x0800015f   Thumb Code     0  startup_stm32f103xe.o(.text)
    USB_LP_CAN1_RX0_IRQHandler               0x0800015f   Thumb Code     0  startup_stm32f103xe.o(.text)
    WWDG_IRQHandler                          0x0800015f   Thumb Code     0  startup_stm32f103xe.o(.text)
    __aeabi_llsr                             0x08000169   Thumb Code    32  llushr.o(.text)
    _ll_ushift_r                             0x08000169   Thumb Code     0  llushr.o(.text)
    __aeabi_memset                           0x08000189   Thumb Code    14  memseta.o(.text)
    __aeabi_memset4                          0x08000189   Thumb Code     0  memseta.o(.text)
    __aeabi_memset8                          0x08000189   Thumb Code     0  memseta.o(.text)
    __aeabi_memclr                           0x08000197   Thumb Code     4  memseta.o(.text)
    __aeabi_memclr4                          0x08000197   Thumb Code     0  memseta.o(.text)
    __aeabi_memclr8                          0x08000197   Thumb Code     0  memseta.o(.text)
    _memset$wrapper                          0x0800019b   Thumb Code    18  memseta.o(.text)
    __aeabi_fadd                             0x080001ad   Thumb Code   164  fadd.o(.text)
    __aeabi_fsub                             0x08000251   Thumb Code     6  fadd.o(.text)
    __aeabi_frsub                            0x08000257   Thumb Code     6  fadd.o(.text)
    __aeabi_fdiv                             0x0800025d   Thumb Code   124  fdiv.o(.text)
    __aeabi_dmul                             0x080002d9   Thumb Code   228  dmul.o(.text)
    __aeabi_ddiv                             0x080003bd   Thumb Code   222  ddiv.o(.text)
    __ARM_scalbn                             0x0800049b   Thumb Code    46  dscalb.o(.text)
    scalbn                                   0x0800049b   Thumb Code     0  dscalb.o(.text)
    __aeabi_ui2f                             0x080004c9   Thumb Code    10  ffltui.o(.text)
    __aeabi_ui2d                             0x080004d3   Thumb Code    26  dfltui.o(.text)
    __aeabi_f2uiz                            0x080004ed   Thumb Code    40  ffixui.o(.text)
    __aeabi_f2d                              0x08000515   Thumb Code    38  f2d.o(.text)
    __aeabi_d2f                              0x0800053b   Thumb Code    56  d2f.o(.text)
    __aeabi_cfcmpeq                          0x08000575   Thumb Code     0  cfcmple.o(.text)
    __aeabi_cfcmple                          0x08000575   Thumb Code    20  cfcmple.o(.text)
    __aeabi_uidiv                            0x08000589   Thumb Code     0  uidiv.o(.text)
    __aeabi_uidivmod                         0x08000589   Thumb Code    44  uidiv.o(.text)
    __aeabi_uldivmod                         0x080005b5   Thumb Code    98  uldiv.o(.text)
    __I$use$fp                               0x08000617   Thumb Code     0  iusefp.o(.text)
    _float_round                             0x08000617   Thumb Code    18  fepilogue.o(.text)
    _float_epilogue                          0x08000629   Thumb Code    92  fepilogue.o(.text)
    _double_round                            0x08000685   Thumb Code    30  depilogue.o(.text)
    _double_epilogue                         0x080006a3   Thumb Code   156  depilogue.o(.text)
    __aeabi_dadd                             0x0800073f   Thumb Code   322  dadd.o(.text)
    __aeabi_dsub                             0x08000881   Thumb Code     6  dadd.o(.text)
    __aeabi_drsub                            0x08000887   Thumb Code     6  dadd.o(.text)
    __aeabi_d2ulz                            0x0800088d   Thumb Code    48  dfixul.o(.text)
    __aeabi_cdrcmple                         0x080008bd   Thumb Code    48  cdrcmple.o(.text)
    __scatterload                            0x080008ed   Thumb Code    28  init.o(.text)
    __scatterload_rt2                        0x080008ed   Thumb Code     0  init.o(.text)
    __aeabi_llsl                             0x08000911   Thumb Code    30  llshl.o(.text)
    _ll_shift_l                              0x08000911   Thumb Code     0  llshl.o(.text)
    __aeabi_lasr                             0x0800092f   Thumb Code    36  llsshr.o(.text)
    _ll_sshift_r                             0x0800092f   Thumb Code     0  llsshr.o(.text)
    ADC1_2_IRQHandler                        0x08000955   Thumb Code     6  stm32f1xx_it.o(i.ADC1_2_IRQHandler)
    ADC_ConversionStop_Disable               0x08000961   Thumb Code    86  stm32f1xx_hal_adc.o(i.ADC_ConversionStop_Disable)
    ADC_DMAConvCplt                          0x080009b7   Thumb Code    78  stm32f1xx_hal_adc.o(i.ADC_DMAConvCplt)
    ADC_DMAError                             0x08000a05   Thumb Code    26  stm32f1xx_hal_adc.o(i.ADC_DMAError)
    ADC_DMAHalfConvCplt                      0x08000a1f   Thumb Code    10  stm32f1xx_hal_adc.o(i.ADC_DMAHalfConvCplt)
    ADC_Enable                               0x08000a29   Thumb Code   114  stm32f1xx_hal_adc.o(i.ADC_Enable)
    ADC_Start                                0x08000aa5   Thumb Code    54  task.o(i.ADC_Start)
    BusFault_Handler                         0x08000ae9   Thumb Code     2  stm32f1xx_it.o(i.BusFault_Handler)
    DMA1_Channel1_IRQHandler                 0x08000aed   Thumb Code     6  stm32f1xx_it.o(i.DMA1_Channel1_IRQHandler)
    Data_Progress                            0x08000b25   Thumb Code   224  ledtask.o(i.Data_Progress)
    DebugMon_Handler                         0x08000c1d   Thumb Code     2  stm32f1xx_it.o(i.DebugMon_Handler)
    Drew_sin_wave_Tran                       0x08000c21   Thumb Code   624  ledtask.o(i.Drew_sin_wave_Tran)
    Error_Handler                            0x08000e9d   Thumb Code     4  main.o(i.Error_Handler)
    HAL_ADCEx_InjectedConvCpltCallback       0x08000ea1   Thumb Code     2  stm32f1xx_hal_adc_ex.o(i.HAL_ADCEx_InjectedConvCpltCallback)
    HAL_ADC_ConfigChannel                    0x08000ea5   Thumb Code   240  stm32f1xx_hal_adc.o(i.HAL_ADC_ConfigChannel)
    HAL_ADC_ConvCpltCallback                 0x08000fa1   Thumb Code    24  task.o(i.HAL_ADC_ConvCpltCallback)
    HAL_ADC_ConvHalfCpltCallback             0x08000fc1   Thumb Code     2  stm32f1xx_hal_adc.o(i.HAL_ADC_ConvHalfCpltCallback)
    HAL_ADC_ErrorCallback                    0x08000fc3   Thumb Code     2  stm32f1xx_hal_adc.o(i.HAL_ADC_ErrorCallback)
    HAL_ADC_IRQHandler                       0x08000fc5   Thumb Code   220  stm32f1xx_hal_adc.o(i.HAL_ADC_IRQHandler)
    HAL_ADC_Init                             0x080010a1   Thumb Code   272  stm32f1xx_hal_adc.o(i.HAL_ADC_Init)
    HAL_ADC_LevelOutOfWindowCallback         0x080011c1   Thumb Code     2  stm32f1xx_hal_adc.o(i.HAL_ADC_LevelOutOfWindowCallback)
    HAL_ADC_MspInit                          0x080011c5   Thumb Code   138  adc.o(i.HAL_ADC_MspInit)
    HAL_ADC_Start_DMA                        0x08001265   Thumb Code   246  stm32f1xx_hal_adc.o(i.HAL_ADC_Start_DMA)
    HAL_ADC_Start_IT                         0x08001371   Thumb Code   194  stm32f1xx_hal_adc.o(i.HAL_ADC_Start_IT)
    HAL_ADC_Stop_DMA                         0x0800143d   Thumb Code    86  stm32f1xx_hal_adc.o(i.HAL_ADC_Stop_DMA)
    HAL_ADC_Stop_IT                          0x08001493   Thumb Code    62  stm32f1xx_hal_adc.o(i.HAL_ADC_Stop_IT)
    HAL_DMA_Abort                            0x080014d1   Thumb Code    70  stm32f1xx_hal_dma.o(i.HAL_DMA_Abort)
    HAL_DMA_IRQHandler                       0x08001519   Thumb Code   552  stm32f1xx_hal_dma.o(i.HAL_DMA_IRQHandler)
    HAL_DMA_Init                             0x08001761   Thumb Code   112  stm32f1xx_hal_dma.o(i.HAL_DMA_Init)
    HAL_DMA_Start_IT                         0x080017dd   Thumb Code   112  stm32f1xx_hal_dma.o(i.HAL_DMA_Start_IT)
    HAL_GPIO_Init                            0x0800184d   Thumb Code   462  stm32f1xx_hal_gpio.o(i.HAL_GPIO_Init)
    HAL_GPIO_ReadPin                         0x08001a45   Thumb Code    10  stm32f1xx_hal_gpio.o(i.HAL_GPIO_ReadPin)
    HAL_GetTick                              0x08001a51   Thumb Code     6  stm32f1xx_hal.o(i.HAL_GetTick)
    HAL_IncTick                              0x08001a5d   Thumb Code    12  stm32f1xx_hal.o(i.HAL_IncTick)
    HAL_Init                                 0x08001a6d   Thumb Code    32  stm32f1xx_hal.o(i.HAL_Init)
    HAL_InitTick                             0x08001a91   Thumb Code    54  stm32f1xx_hal.o(i.HAL_InitTick)
    HAL_MspInit                              0x08001ad1   Thumb Code    38  stm32f1xx_hal_msp.o(i.HAL_MspInit)
    HAL_NVIC_EnableIRQ                       0x08001afd   Thumb Code    26  stm32f1xx_hal_cortex.o(i.HAL_NVIC_EnableIRQ)
    HAL_NVIC_SetPriority                     0x08001b19   Thumb Code    60  stm32f1xx_hal_cortex.o(i.HAL_NVIC_SetPriority)
    HAL_NVIC_SetPriorityGrouping             0x08001b59   Thumb Code    26  stm32f1xx_hal_cortex.o(i.HAL_NVIC_SetPriorityGrouping)
    HAL_RCCEx_PeriphCLKConfig                0x08001b7d   Thumb Code   224  stm32f1xx_hal_rcc_ex.o(i.HAL_RCCEx_PeriphCLKConfig)
    HAL_RCC_ClockConfig                      0x08001c69   Thumb Code   280  stm32f1xx_hal_rcc.o(i.HAL_RCC_ClockConfig)
    HAL_RCC_GetHCLKFreq                      0x08001d95   Thumb Code     6  stm32f1xx_hal_rcc.o(i.HAL_RCC_GetHCLKFreq)
    HAL_RCC_GetPCLK1Freq                     0x08001da1   Thumb Code    20  stm32f1xx_hal_rcc.o(i.HAL_RCC_GetPCLK1Freq)
    HAL_RCC_GetPCLK2Freq                     0x08001dc1   Thumb Code    20  stm32f1xx_hal_rcc.o(i.HAL_RCC_GetPCLK2Freq)
    HAL_RCC_GetSysClockFreq                  0x08001de1   Thumb Code    58  stm32f1xx_hal_rcc.o(i.HAL_RCC_GetSysClockFreq)
    HAL_RCC_OscConfig                        0x08001e2d   Thumb Code   778  stm32f1xx_hal_rcc.o(i.HAL_RCC_OscConfig)
    HAL_SYSTICK_Config                       0x0800214d   Thumb Code    40  stm32f1xx_hal_cortex.o(i.HAL_SYSTICK_Config)
    HAL_TIMEx_BreakCallback                  0x08002175   Thumb Code     2  stm32f1xx_hal_tim_ex.o(i.HAL_TIMEx_BreakCallback)
    HAL_TIMEx_CommutCallback                 0x08002177   Thumb Code     2  stm32f1xx_hal_tim_ex.o(i.HAL_TIMEx_CommutCallback)
    HAL_TIMEx_MasterConfigSynchronization    0x08002179   Thumb Code   104  stm32f1xx_hal_tim_ex.o(i.HAL_TIMEx_MasterConfigSynchronization)
    HAL_TIM_Base_Init                        0x080021f5   Thumb Code    90  stm32f1xx_hal_tim.o(i.HAL_TIM_Base_Init)
    HAL_TIM_Base_MspInit                     0x08002251   Thumb Code    50  tim.o(i.HAL_TIM_Base_MspInit)
    HAL_TIM_Base_Start_IT                    0x08002289   Thumb Code    88  stm32f1xx_hal_tim.o(i.HAL_TIM_Base_Start_IT)
    HAL_TIM_ConfigClockSource                0x080022f5   Thumb Code   220  stm32f1xx_hal_tim.o(i.HAL_TIM_ConfigClockSource)
    HAL_TIM_IC_CaptureCallback               0x080023d1   Thumb Code     2  stm32f1xx_hal_tim.o(i.HAL_TIM_IC_CaptureCallback)
    HAL_TIM_IRQHandler                       0x080023d3   Thumb Code   358  stm32f1xx_hal_tim.o(i.HAL_TIM_IRQHandler)
    HAL_TIM_OC_DelayElapsedCallback          0x08002539   Thumb Code     2  stm32f1xx_hal_tim.o(i.HAL_TIM_OC_DelayElapsedCallback)
    HAL_TIM_PWM_PulseFinishedCallback        0x0800253b   Thumb Code     2  stm32f1xx_hal_tim.o(i.HAL_TIM_PWM_PulseFinishedCallback)
    HAL_TIM_PeriodElapsedCallback            0x0800253d   Thumb Code    16  tim.o(i.HAL_TIM_PeriodElapsedCallback)
    HAL_TIM_TriggerCallback                  0x08002551   Thumb Code     2  stm32f1xx_hal_tim.o(i.HAL_TIM_TriggerCallback)
    HAL_UART_Init                            0x08002553   Thumb Code   100  stm32f1xx_hal_uart.o(i.HAL_UART_Init)
    HAL_UART_MspInit                         0x080025b9   Thumb Code   100  usart.o(i.HAL_UART_MspInit)
    HAL_UART_Transmit                        0x08002629   Thumb Code   154  stm32f1xx_hal_uart.o(i.HAL_UART_Transmit)
    HardFault_Handler                        0x080026c3   Thumb Code     2  stm32f1xx_it.o(i.HardFault_Handler)
    ILI9341_BackLed_Control                  0x080026c5   Thumb Code    16  bsp_ili9341_lcd.o(i.ILI9341_BackLed_Control)
    ILI9341_DispChar_EN                      0x080026e9   Thumb Code   104  bsp_ili9341_lcd.o(i.ILI9341_DispChar_EN)
    ILI9341_DispString_EN                    0x08002755   Thumb Code    76  bsp_ili9341_lcd.o(i.ILI9341_DispString_EN)
    ILI9341_DrawLine                         0x080027a5   Thumb Code   156  bsp_ili9341_lcd.o(i.ILI9341_DrawLine)
    ILI9341_DrawRectangle                    0x08002841   Thumb Code    96  bsp_ili9341_lcd.o(i.ILI9341_DrawRectangle)
    ILI9341_GramScan                         0x08002989   Thumb Code   166  bsp_ili9341_lcd.o(i.ILI9341_GramScan)
    ILI9341_Init                             0x08002a35   Thumb Code    28  bsp_ili9341_lcd.o(i.ILI9341_Init)
    ILI9341_OpenWindow                       0x08002a55   Thumb Code    88  bsp_ili9341_lcd.o(i.ILI9341_OpenWindow)
    ILI9341_ReadID                           0x08002fa9   Thumb Code    82  bsp_ili9341_lcd.o(i.ILI9341_ReadID)
    ILI9341_Read_Data                        0x08002ffd   Thumb Code    66  bsp_ili9341_lcd.o(i.ILI9341_Read_Data)
    ILI9341_SetPointPixel                    0x08003051   Thumb Code    34  bsp_ili9341_lcd.o(i.ILI9341_SetPointPixel)
    ILI9341_Write_Cmd                        0x08003079   Thumb Code    28  bsp_ili9341_lcd.o(i.ILI9341_Write_Cmd)
    ILI9341_Write_Data                       0x0800309d   Thumb Code    28  bsp_ili9341_lcd.o(i.ILI9341_Write_Data)
    LCD_SetColors                            0x080030c1   Thumb Code     8  bsp_ili9341_lcd.o(i.LCD_SetColors)
    LCD_SetFont                              0x080030cd   Thumb Code     6  bsp_ili9341_lcd.o(i.LCD_SetFont)
    LCD_SetTextColor                         0x080030d9   Thumb Code     6  bsp_ili9341_lcd.o(i.LCD_SetTextColor)
    LCD_Show                                 0x080030e5   Thumb Code   336  main.o(i.LCD_Show)
    MX_ADC1_Init                             0x08003269   Thumb Code    98  adc.o(i.MX_ADC1_Init)
    MX_DMA_Init                              0x080032d5   Thumb Code    40  dma.o(i.MX_DMA_Init)
    MX_GPIO_Init                             0x08003301   Thumb Code    54  gpio.o(i.MX_GPIO_Init)
    MX_TIM2_Init                             0x0800333d   Thumb Code   102  tim.o(i.MX_TIM2_Init)
    MX_USART1_UART_Init                      0x080033a9   Thumb Code    48  usart.o(i.MX_USART1_UART_Init)
    MemManage_Handler                        0x080033e1   Thumb Code     2  stm32f1xx_it.o(i.MemManage_Handler)
    Model_Transmit                           0x080033e5   Thumb Code    22  ledtask.o(i.Model_Transmit)
    NMI_Handler                              0x08003401   Thumb Code     2  stm32f1xx_it.o(i.NMI_Handler)
    PendSV_Handler                           0x08003403   Thumb Code     2  stm32f1xx_it.o(i.PendSV_Handler)
    SVC_Handler                              0x08003405   Thumb Code     2  stm32f1xx_it.o(i.SVC_Handler)
    SysTick_Handler                          0x08003407   Thumb Code     4  stm32f1xx_it.o(i.SysTick_Handler)
    SystemClock_Config                       0x0800340b   Thumb Code   122  main.o(i.SystemClock_Config)
    SystemInit                               0x08003485   Thumb Code     2  system_stm32f1xx.o(i.SystemInit)
    TIM2_IRQHandler                          0x08003489   Thumb Code     6  stm32f1xx_it.o(i.TIM2_IRQHandler)
    TIM_Base_SetConfig                       0x08003495   Thumb Code   120  stm32f1xx_hal_tim.o(i.TIM_Base_SetConfig)
    TIM_ETR_SetConfig                        0x08003521   Thumb Code    20  stm32f1xx_hal_tim.o(i.TIM_ETR_SetConfig)
    Task_Tick                                0x0800358d   Thumb Code    94  task.o(i.Task_Tick)
    UsageFault_Handler                       0x08003725   Thumb Code     2  stm32f1xx_it.o(i.UsageFault_Handler)
    __0printf                                0x08003729   Thumb Code    22  printfa.o(i.__0printf)
    __1printf                                0x08003729   Thumb Code     0  printfa.o(i.__0printf)
    __2printf                                0x08003729   Thumb Code     0  printfa.o(i.__0printf)
    __c89printf                              0x08003729   Thumb Code     0  printfa.o(i.__0printf)
    printf                                   0x08003729   Thumb Code     0  printfa.o(i.__0printf)
    __0sprintf                               0x08003749   Thumb Code    34  printfa.o(i.__0sprintf)
    __1sprintf                               0x08003749   Thumb Code     0  printfa.o(i.__0sprintf)
    __2sprintf                               0x08003749   Thumb Code     0  printfa.o(i.__0sprintf)
    __c89sprintf                             0x08003749   Thumb Code     0  printfa.o(i.__0sprintf)
    sprintf                                  0x08003749   Thumb Code     0  printfa.o(i.__0sprintf)
    __scatterload_copy                       0x08003791   Thumb Code    14  handlers.o(i.__scatterload_copy)
    __scatterload_null                       0x0800379f   Thumb Code     2  handlers.o(i.__scatterload_null)
    __scatterload_zeroinit                   0x080037a1   Thumb Code    14  handlers.o(i.__scatterload_zeroinit)
    calculate_period                         0x0800406d   Thumb Code   178  ledtask.o(i.calculate_period)
    data_show                                0x08004135   Thumb Code   448  ledtask.o(i.data_show)
    fputc                                    0x0800431d   Thumb Code    20  usart.o(i.fputc)
    key_gpio_nint                            0x08004335   Thumb Code    48  key.o(i.key_gpio_nint)
    main                                     0x0800436d   Thumb Code   130  main.o(i.main)
    update_adc_sampling_frequency            0x08004409   Thumb Code   112  adc.o(i.update_adc_sampling_frequency)
    AHBPrescTable                            0x0800449a   Data          16  system_stm32f1xx.o(.constdata)
    APBPrescTable                            0x080044aa   Data           8  system_stm32f1xx.o(.constdata)
    ASCII8x16_Table                          0x080044b2   Data        1520  fonts.o(.constdata)
    ASCII16x24_Table                         0x08004aa2   Data        4560  fonts.o(.constdata)
    Region$$Table$$Base                      0x08005c74   Number         0  anon$$obj.o(Region$$Table)
    Region$$Table$$Limit                     0x08005c94   Number         0  anon$$obj.o(Region$$Table)
    adc_sampling_frequency                   0x20000000   Data           4  adc.o(.data)
    systick_falg                             0x20000004   Data           1  tim.o(.data)
    uwTickFreq                               0x20000008   Data           1  stm32f1xx_hal.o(.data)
    uwTickPrio                               0x2000000c   Data           4  stm32f1xx_hal.o(.data)
    uwTick                                   0x20000010   Data           4  stm32f1xx_hal.o(.data)
    SystemCoreClock                          0x20000014   Data           4  system_stm32f1xx.o(.data)
    Font8x16                                 0x20000018   Data           8  fonts.o(.data)
    Font16x24                                0x20000020   Data           8  fonts.o(.data)
    LCD_SCAN_MODE                            0x20000028   Data           1  bsp_ili9341_lcd.o(.data)
    LCD_X_LENGTH                             0x2000002a   Data           2  bsp_ili9341_lcd.o(.data)
    LCD_Y_LENGTH                             0x2000002c   Data           2  bsp_ili9341_lcd.o(.data)
    lcdid                                    0x2000002e   Data           2  bsp_ili9341_lcd.o(.data)
    adc_Flag                                 0x20000038   Data           2  task.o(.data)
    adc_completed_Flag                       0x2000003a   Data           2  task.o(.data)
    keydelay                                 0x2000003c   Data           2  task.o(.data)
    sysTick                                  0x20000040   Data           4  task.o(.data)
    adc_buffer_cnt                           0x20000044   Data           4  task.o(.data)
    O_x                                      0x20000048   Data           1  ledtask.o(.data)
    O_y                                      0x20000049   Data           1  ledtask.o(.data)
    Model                                    0x2000004a   Data           1  ledtask.o(.data)
    Model_change                             0x2000004b   Data           1  ledtask.o(.data)
    Chh1_youxiao                             0x2000004c   Data           4  ledtask.o(.data)
    Chh1_T                                   0x20000050   Data           4  ledtask.o(.data)
    Chh1_Max                                 0x20000054   Data           4  ledtask.o(.data)
    Chh2_youxiao                             0x20000058   Data           4  ledtask.o(.data)
    Chh2_Max                                 0x2000005c   Data           4  ledtask.o(.data)
    str                                      0x20000060   Data          10  ledtask.o(.data)
    __stdout                                 0x2000006c   Data           4  stdout.o(.data)
    hadc1                                    0x20000070   Data          48  adc.o(.bss)
    hdma_adc1                                0x200000a0   Data          68  adc.o(.bss)
    htim2                                    0x200000e4   Data          72  tim.o(.bss)
    huart1                                   0x2000012c   Data          72  usart.o(.bss)
    CH_new                                   0x20000174   Data        1180  task.o(.bss)
    Data                                     0x20000610   Data        2360  ledtask.o(.bss)
    Data_old                                 0x20000f48   Data        2360  ledtask.o(.bss)
    __initial_sp                             0x20001c80   Data           0  startup_stm32f103xe.o(STACK)



==============================================================================

Memory Map of the image

  Image Entry point : 0x08000131

  Load Region LR_IROM1 (Base: 0x08000000, Size: 0x00005d04, Max: 0x00040000, ABSOLUTE)

    Execution Region ER_IROM1 (Exec base: 0x08000000, Load base: 0x08000000, Size: 0x00005c94, Max: 0x00040000, ABSOLUTE)

    Exec Addr    Load Addr    Size         Type   Attr      Idx    E Section Name        Object

    0x08000000   0x08000000   0x00000130   Data   RO            3    RESET               startup_stm32f103xe.o
    0x08000130   0x08000130   0x00000000   Code   RO         3638  * .ARM.Collect$$$$00000000  mc_w.l(entry.o)
    0x08000130   0x08000130   0x00000004   Code   RO         3928    .ARM.Collect$$$$00000001  mc_w.l(entry2.o)
    0x08000134   0x08000134   0x00000004   Code   RO         3931    .ARM.Collect$$$$00000004  mc_w.l(entry5.o)
    0x08000138   0x08000138   0x00000000   Code   RO         3933    .ARM.Collect$$$$00000008  mc_w.l(entry7b.o)
    0x08000138   0x08000138   0x00000000   Code   RO         3935    .ARM.Collect$$$$0000000A  mc_w.l(entry8b.o)
    0x08000138   0x08000138   0x00000008   Code   RO         3936    .ARM.Collect$$$$0000000B  mc_w.l(entry9a.o)
    0x08000140   0x08000140   0x00000000   Code   RO         3938    .ARM.Collect$$$$0000000D  mc_w.l(entry10a.o)
    0x08000140   0x08000140   0x00000000   Code   RO         3940    .ARM.Collect$$$$0000000F  mc_w.l(entry11a.o)
    0x08000140   0x08000140   0x00000004   Code   RO         3929    .ARM.Collect$$$$00002712  mc_w.l(entry2.o)
    0x08000144   0x08000144   0x00000024   Code   RO            4    .text               startup_stm32f103xe.o
    0x08000168   0x08000168   0x00000020   Code   RO         3641    .text               mc_w.l(llushr.o)
    0x08000188   0x08000188   0x00000024   Code   RO         3643    .text               mc_w.l(memseta.o)
    0x080001ac   0x080001ac   0x000000b0   Code   RO         3906    .text               mf_w.l(fadd.o)
    0x0800025c   0x0800025c   0x0000007c   Code   RO         3908    .text               mf_w.l(fdiv.o)
    0x080002d8   0x080002d8   0x000000e4   Code   RO         3910    .text               mf_w.l(dmul.o)
    0x080003bc   0x080003bc   0x000000de   Code   RO         3912    .text               mf_w.l(ddiv.o)
    0x0800049a   0x0800049a   0x0000002e   Code   RO         3914    .text               mf_w.l(dscalb.o)
    0x080004c8   0x080004c8   0x0000000a   Code   RO         3916    .text               mf_w.l(ffltui.o)
    0x080004d2   0x080004d2   0x0000001a   Code   RO         3918    .text               mf_w.l(dfltui.o)
    0x080004ec   0x080004ec   0x00000028   Code   RO         3920    .text               mf_w.l(ffixui.o)
    0x08000514   0x08000514   0x00000026   Code   RO         3922    .text               mf_w.l(f2d.o)
    0x0800053a   0x0800053a   0x00000038   Code   RO         3924    .text               mf_w.l(d2f.o)
    0x08000572   0x08000572   0x00000002   PAD
    0x08000574   0x08000574   0x00000014   Code   RO         3926    .text               mf_w.l(cfcmple.o)
    0x08000588   0x08000588   0x0000002c   Code   RO         3943    .text               mc_w.l(uidiv.o)
    0x080005b4   0x080005b4   0x00000062   Code   RO         3945    .text               mc_w.l(uldiv.o)
    0x08000616   0x08000616   0x00000000   Code   RO         3947    .text               mc_w.l(iusefp.o)
    0x08000616   0x08000616   0x0000006e   Code   RO         3948    .text               mf_w.l(fepilogue.o)
    0x08000684   0x08000684   0x000000ba   Code   RO         3950    .text               mf_w.l(depilogue.o)
    0x0800073e   0x0800073e   0x0000014e   Code   RO         3952    .text               mf_w.l(dadd.o)
    0x0800088c   0x0800088c   0x00000030   Code   RO         3954    .text               mf_w.l(dfixul.o)
    0x080008bc   0x080008bc   0x00000030   Code   RO         3956    .text               mf_w.l(cdrcmple.o)
    0x080008ec   0x080008ec   0x00000024   Code   RO         3958    .text               mc_w.l(init.o)
    0x08000910   0x08000910   0x0000001e   Code   RO         3960    .text               mc_w.l(llshl.o)
    0x0800092e   0x0800092e   0x00000024   Code   RO         3962    .text               mc_w.l(llsshr.o)
    0x08000952   0x08000952   0x00000002   PAD
    0x08000954   0x08000954   0x0000000c   Code   RO          476    i.ADC1_2_IRQHandler  stm32f1xx_it.o
    0x08000960   0x08000960   0x00000056   Code   RO          630    i.ADC_ConversionStop_Disable  stm32f1xx_hal_adc.o
    0x080009b6   0x080009b6   0x0000004e   Code   RO          631    i.ADC_DMAConvCplt   stm32f1xx_hal_adc.o
    0x08000a04   0x08000a04   0x0000001a   Code   RO          632    i.ADC_DMAError      stm32f1xx_hal_adc.o
    0x08000a1e   0x08000a1e   0x0000000a   Code   RO          633    i.ADC_DMAHalfConvCplt  stm32f1xx_hal_adc.o
    0x08000a28   0x08000a28   0x0000007c   Code   RO          634    i.ADC_Enable        stm32f1xx_hal_adc.o
    0x08000aa4   0x08000aa4   0x00000044   Code   RO         3488    i.ADC_Start         task.o
    0x08000ae8   0x08000ae8   0x00000002   Code   RO          477    i.BusFault_Handler  stm32f1xx_it.o
    0x08000aea   0x08000aea   0x00000002   PAD
    0x08000aec   0x08000aec   0x0000000c   Code   RO          478    i.DMA1_Channel1_IRQHandler  stm32f1xx_it.o
    0x08000af8   0x08000af8   0x0000002a   Code   RO         1286    i.DMA_SetConfig     stm32f1xx_hal_dma.o
    0x08000b22   0x08000b22   0x00000002   PAD
    0x08000b24   0x08000b24   0x000000f8   Code   RO         3552    i.Data_Progress     ledtask.o
    0x08000c1c   0x08000c1c   0x00000002   Code   RO          479    i.DebugMon_Handler  stm32f1xx_it.o
    0x08000c1e   0x08000c1e   0x00000002   PAD
    0x08000c20   0x08000c20   0x0000027c   Code   RO         3553    i.Drew_sin_wave_Tran  ledtask.o
    0x08000e9c   0x08000e9c   0x00000004   Code   RO           13    i.Error_Handler     main.o
    0x08000ea0   0x08000ea0   0x00000002   Code   RO          812    i.HAL_ADCEx_InjectedConvCpltCallback  stm32f1xx_hal_adc_ex.o
    0x08000ea2   0x08000ea2   0x00000002   PAD
    0x08000ea4   0x08000ea4   0x000000fc   Code   RO          636    i.HAL_ADC_ConfigChannel  stm32f1xx_hal_adc.o
    0x08000fa0   0x08000fa0   0x00000020   Code   RO         3489    i.HAL_ADC_ConvCpltCallback  task.o
    0x08000fc0   0x08000fc0   0x00000002   Code   RO          638    i.HAL_ADC_ConvHalfCpltCallback  stm32f1xx_hal_adc.o
    0x08000fc2   0x08000fc2   0x00000002   Code   RO          640    i.HAL_ADC_ErrorCallback  stm32f1xx_hal_adc.o
    0x08000fc4   0x08000fc4   0x000000dc   Code   RO          644    i.HAL_ADC_IRQHandler  stm32f1xx_hal_adc.o
    0x080010a0   0x080010a0   0x00000120   Code   RO          645    i.HAL_ADC_Init      stm32f1xx_hal_adc.o
    0x080011c0   0x080011c0   0x00000002   Code   RO          646    i.HAL_ADC_LevelOutOfWindowCallback  stm32f1xx_hal_adc.o
    0x080011c2   0x080011c2   0x00000002   PAD
    0x080011c4   0x080011c4   0x000000a0   Code   RO          304    i.HAL_ADC_MspInit   adc.o
    0x08001264   0x08001264   0x0000010c   Code   RO          652    i.HAL_ADC_Start_DMA  stm32f1xx_hal_adc.o
    0x08001370   0x08001370   0x000000cc   Code   RO          653    i.HAL_ADC_Start_IT  stm32f1xx_hal_adc.o
    0x0800143c   0x0800143c   0x00000056   Code   RO          655    i.HAL_ADC_Stop_DMA  stm32f1xx_hal_adc.o
    0x08001492   0x08001492   0x0000003e   Code   RO          656    i.HAL_ADC_Stop_IT   stm32f1xx_hal_adc.o
    0x080014d0   0x080014d0   0x00000046   Code   RO         1287    i.HAL_DMA_Abort     stm32f1xx_hal_dma.o
    0x08001516   0x08001516   0x00000002   PAD
    0x08001518   0x08001518   0x00000248   Code   RO         1292    i.HAL_DMA_IRQHandler  stm32f1xx_hal_dma.o
    0x08001760   0x08001760   0x0000007c   Code   RO         1293    i.HAL_DMA_Init      stm32f1xx_hal_dma.o
    0x080017dc   0x080017dc   0x00000070   Code   RO         1297    i.HAL_DMA_Start_IT  stm32f1xx_hal_dma.o
    0x0800184c   0x0800184c   0x000001f8   Code   RO         1223    i.HAL_GPIO_Init     stm32f1xx_hal_gpio.o
    0x08001a44   0x08001a44   0x0000000a   Code   RO         1225    i.HAL_GPIO_ReadPin  stm32f1xx_hal_gpio.o
    0x08001a4e   0x08001a4e   0x00000002   PAD
    0x08001a50   0x08001a50   0x0000000c   Code   RO          917    i.HAL_GetTick       stm32f1xx_hal.o
    0x08001a5c   0x08001a5c   0x00000010   Code   RO          923    i.HAL_IncTick       stm32f1xx_hal.o
    0x08001a6c   0x08001a6c   0x00000024   Code   RO          924    i.HAL_Init          stm32f1xx_hal.o
    0x08001a90   0x08001a90   0x00000040   Code   RO          925    i.HAL_InitTick      stm32f1xx_hal.o
    0x08001ad0   0x08001ad0   0x0000002c   Code   RO          570    i.HAL_MspInit       stm32f1xx_hal_msp.o
    0x08001afc   0x08001afc   0x0000001a   Code   RO         1383    i.HAL_NVIC_EnableIRQ  stm32f1xx_hal_cortex.o
    0x08001b16   0x08001b16   0x00000002   PAD
    0x08001b18   0x08001b18   0x00000040   Code   RO         1389    i.HAL_NVIC_SetPriority  stm32f1xx_hal_cortex.o
    0x08001b58   0x08001b58   0x00000024   Code   RO         1390    i.HAL_NVIC_SetPriorityGrouping  stm32f1xx_hal_cortex.o
    0x08001b7c   0x08001b7c   0x000000ec   Code   RO         1185    i.HAL_RCCEx_PeriphCLKConfig  stm32f1xx_hal_rcc_ex.o
    0x08001c68   0x08001c68   0x0000012c   Code   RO         1081    i.HAL_RCC_ClockConfig  stm32f1xx_hal_rcc.o
    0x08001d94   0x08001d94   0x0000000c   Code   RO         1086    i.HAL_RCC_GetHCLKFreq  stm32f1xx_hal_rcc.o
    0x08001da0   0x08001da0   0x00000020   Code   RO         1088    i.HAL_RCC_GetPCLK1Freq  stm32f1xx_hal_rcc.o
    0x08001dc0   0x08001dc0   0x00000020   Code   RO         1089    i.HAL_RCC_GetPCLK2Freq  stm32f1xx_hal_rcc.o
    0x08001de0   0x08001de0   0x0000004c   Code   RO         1090    i.HAL_RCC_GetSysClockFreq  stm32f1xx_hal_rcc.o
    0x08001e2c   0x08001e2c   0x00000320   Code   RO         1093    i.HAL_RCC_OscConfig  stm32f1xx_hal_rcc.o
    0x0800214c   0x0800214c   0x00000028   Code   RO         1394    i.HAL_SYSTICK_Config  stm32f1xx_hal_cortex.o
    0x08002174   0x08002174   0x00000002   Code   RO         2589    i.HAL_TIMEx_BreakCallback  stm32f1xx_hal_tim_ex.o
    0x08002176   0x08002176   0x00000002   Code   RO         2590    i.HAL_TIMEx_CommutCallback  stm32f1xx_hal_tim_ex.o
    0x08002178   0x08002178   0x0000007c   Code   RO         2608    i.HAL_TIMEx_MasterConfigSynchronization  stm32f1xx_hal_tim_ex.o
    0x080021f4   0x080021f4   0x0000005a   Code   RO         1885    i.HAL_TIM_Base_Init  stm32f1xx_hal_tim.o
    0x0800224e   0x0800224e   0x00000002   PAD
    0x08002250   0x08002250   0x00000038   Code   RO          380    i.HAL_TIM_Base_MspInit  tim.o
    0x08002288   0x08002288   0x0000006c   Code   RO         1890    i.HAL_TIM_Base_Start_IT  stm32f1xx_hal_tim.o
    0x080022f4   0x080022f4   0x000000dc   Code   RO         1894    i.HAL_TIM_ConfigClockSource  stm32f1xx_hal_tim.o
    0x080023d0   0x080023d0   0x00000002   Code   RO         1919    i.HAL_TIM_IC_CaptureCallback  stm32f1xx_hal_tim.o
    0x080023d2   0x080023d2   0x00000166   Code   RO         1933    i.HAL_TIM_IRQHandler  stm32f1xx_hal_tim.o
    0x08002538   0x08002538   0x00000002   Code   RO         1936    i.HAL_TIM_OC_DelayElapsedCallback  stm32f1xx_hal_tim.o
    0x0800253a   0x0800253a   0x00000002   Code   RO         1963    i.HAL_TIM_PWM_PulseFinishedCallback  stm32f1xx_hal_tim.o
    0x0800253c   0x0800253c   0x00000014   Code   RO          381    i.HAL_TIM_PeriodElapsedCallback  tim.o
    0x08002550   0x08002550   0x00000002   Code   RO         1976    i.HAL_TIM_TriggerCallback  stm32f1xx_hal_tim.o
    0x08002552   0x08002552   0x00000064   Code   RO         2886    i.HAL_UART_Init     stm32f1xx_hal_uart.o
    0x080025b6   0x080025b6   0x00000002   PAD
    0x080025b8   0x080025b8   0x00000070   Code   RO          429    i.HAL_UART_MspInit  usart.o
    0x08002628   0x08002628   0x0000009a   Code   RO         2894    i.HAL_UART_Transmit  stm32f1xx_hal_uart.o
    0x080026c2   0x080026c2   0x00000002   Code   RO          480    i.HardFault_Handler  stm32f1xx_it.o
    0x080026c4   0x080026c4   0x00000014   Code   RO         3286    i.ILI9341_BackLed_Control  bsp_ili9341_lcd.o
    0x080026d8   0x080026d8   0x00000010   Code   RO         3288    i.ILI9341_Delay     bsp_ili9341_lcd.o
    0x080026e8   0x080026e8   0x0000006c   Code   RO         3289    i.ILI9341_DispChar_EN  bsp_ili9341_lcd.o
    0x08002754   0x08002754   0x00000050   Code   RO         3291    i.ILI9341_DispString_EN  bsp_ili9341_lcd.o
    0x080027a4   0x080027a4   0x0000009c   Code   RO         3294    i.ILI9341_DrawLine  bsp_ili9341_lcd.o
    0x08002840   0x08002840   0x00000064   Code   RO         3295    i.ILI9341_DrawRectangle  bsp_ili9341_lcd.o
    0x080028a4   0x080028a4   0x0000001e   Code   RO         3296    i.ILI9341_FillColor  bsp_ili9341_lcd.o
    0x080028c2   0x080028c2   0x00000002   PAD
    0x080028c4   0x080028c4   0x000000c4   Code   RO         3297    i.ILI9341_GPIO_Config  bsp_ili9341_lcd.o
    0x08002988   0x08002988   0x000000ac   Code   RO         3299    i.ILI9341_GramScan  bsp_ili9341_lcd.o
    0x08002a34   0x08002a34   0x00000020   Code   RO         3300    i.ILI9341_Init      bsp_ili9341_lcd.o
    0x08002a54   0x08002a54   0x00000058   Code   RO         3301    i.ILI9341_OpenWindow  bsp_ili9341_lcd.o
    0x08002aac   0x08002aac   0x000004fc   Code   RO         3302    i.ILI9341_REG_Config  bsp_ili9341_lcd.o
    0x08002fa8   0x08002fa8   0x00000052   Code   RO         3303    i.ILI9341_ReadID    bsp_ili9341_lcd.o
    0x08002ffa   0x08002ffa   0x00000002   PAD
    0x08002ffc   0x08002ffc   0x0000004c   Code   RO         3466    i.ILI9341_Read_Data  bsp_ili9341_lcd.o
    0x08003048   0x08003048   0x00000008   Code   RO         3304    i.ILI9341_SetCursor  bsp_ili9341_lcd.o
    0x08003050   0x08003050   0x00000028   Code   RO         3305    i.ILI9341_SetPointPixel  bsp_ili9341_lcd.o
    0x08003078   0x08003078   0x00000024   Code   RO         3454    i.ILI9341_Write_Cmd  bsp_ili9341_lcd.o
    0x0800309c   0x0800309c   0x00000024   Code   RO         3460    i.ILI9341_Write_Data  bsp_ili9341_lcd.o
    0x080030c0   0x080030c0   0x0000000c   Code   RO         3310    i.LCD_SetColors     bsp_ili9341_lcd.o
    0x080030cc   0x080030cc   0x0000000c   Code   RO         3311    i.LCD_SetFont       bsp_ili9341_lcd.o
    0x080030d8   0x080030d8   0x0000000c   Code   RO         3312    i.LCD_SetTextColor  bsp_ili9341_lcd.o
    0x080030e4   0x080030e4   0x00000184   Code   RO           14    i.LCD_Show          main.o
    0x08003268   0x08003268   0x0000006c   Code   RO          305    i.MX_ADC1_Init      adc.o
    0x080032d4   0x080032d4   0x0000002c   Code   RO          352    i.MX_DMA_Init       dma.o
    0x08003300   0x08003300   0x0000003c   Code   RO          189    i.MX_GPIO_Init      gpio.o
    0x0800333c   0x0800333c   0x0000006c   Code   RO          382    i.MX_TIM2_Init      tim.o
    0x080033a8   0x080033a8   0x00000038   Code   RO          430    i.MX_USART1_UART_Init  usart.o
    0x080033e0   0x080033e0   0x00000002   Code   RO          481    i.MemManage_Handler  stm32f1xx_it.o
    0x080033e2   0x080033e2   0x00000002   PAD
    0x080033e4   0x080033e4   0x0000001c   Code   RO         3554    i.Model_Transmit    ledtask.o
    0x08003400   0x08003400   0x00000002   Code   RO          482    i.NMI_Handler       stm32f1xx_it.o
    0x08003402   0x08003402   0x00000002   Code   RO          483    i.PendSV_Handler    stm32f1xx_it.o
    0x08003404   0x08003404   0x00000002   Code   RO          484    i.SVC_Handler       stm32f1xx_it.o
    0x08003406   0x08003406   0x00000004   Code   RO          485    i.SysTick_Handler   stm32f1xx_it.o
    0x0800340a   0x0800340a   0x0000007a   Code   RO           15    i.SystemClock_Config  main.o
    0x08003484   0x08003484   0x00000002   Code   RO         3220    i.SystemInit        system_stm32f1xx.o
    0x08003486   0x08003486   0x00000002   PAD
    0x08003488   0x08003488   0x0000000c   Code   RO          486    i.TIM2_IRQHandler   stm32f1xx_it.o
    0x08003494   0x08003494   0x0000008c   Code   RO         1978    i.TIM_Base_SetConfig  stm32f1xx_hal_tim.o
    0x08003520   0x08003520   0x00000014   Code   RO         1989    i.TIM_ETR_SetConfig  stm32f1xx_hal_tim.o
    0x08003534   0x08003534   0x00000010   Code   RO         1990    i.TIM_ITRx_SetConfig  stm32f1xx_hal_tim.o
    0x08003544   0x08003544   0x00000022   Code   RO         1996    i.TIM_TI1_ConfigInputStage  stm32f1xx_hal_tim.o
    0x08003566   0x08003566   0x00000024   Code   RO         1998    i.TIM_TI2_ConfigInputStage  stm32f1xx_hal_tim.o
    0x0800358a   0x0800358a   0x00000002   PAD
    0x0800358c   0x0800358c   0x00000068   Code   RO         3490    i.Task_Tick         task.o
    0x080035f4   0x080035f4   0x000000b8   Code   RO         2912    i.UART_SetConfig    stm32f1xx_hal_uart.o
    0x080036ac   0x080036ac   0x00000078   Code   RO         2915    i.UART_WaitOnFlagUntilTimeout  stm32f1xx_hal_uart.o
    0x08003724   0x08003724   0x00000002   Code   RO          487    i.UsageFault_Handler  stm32f1xx_it.o
    0x08003726   0x08003726   0x00000002   PAD
    0x08003728   0x08003728   0x00000020   Code   RO         3878    i.__0printf         mc_w.l(printfa.o)
    0x08003748   0x08003748   0x00000028   Code   RO         3880    i.__0sprintf        mc_w.l(printfa.o)
    0x08003770   0x08003770   0x00000020   Code   RO         1396    i.__NVIC_SetPriority  stm32f1xx_hal_cortex.o
    0x08003790   0x08003790   0x0000000e   Code   RO         3966    i.__scatterload_copy  mc_w.l(handlers.o)
    0x0800379e   0x0800379e   0x00000002   Code   RO         3967    i.__scatterload_null  mc_w.l(handlers.o)
    0x080037a0   0x080037a0   0x0000000e   Code   RO         3968    i.__scatterload_zeroinit  mc_w.l(handlers.o)
    0x080037ae   0x080037ae   0x00000002   PAD
    0x080037b0   0x080037b0   0x00000184   Code   RO         3885    i._fp_digits        mc_w.l(printfa.o)
    0x08003934   0x08003934   0x000006dc   Code   RO         3886    i._printf_core      mc_w.l(printfa.o)
    0x08004010   0x08004010   0x00000024   Code   RO         3887    i._printf_post_padding  mc_w.l(printfa.o)
    0x08004034   0x08004034   0x0000002e   Code   RO         3888    i._printf_pre_padding  mc_w.l(printfa.o)
    0x08004062   0x08004062   0x0000000a   Code   RO         3890    i._sputc            mc_w.l(printfa.o)
    0x0800406c   0x0800406c   0x000000c8   Code   RO         3555    i.calculate_period  ledtask.o
    0x08004134   0x08004134   0x000001e8   Code   RO         3556    i.data_show         ledtask.o
    0x0800431c   0x0800431c   0x00000018   Code   RO          431    i.fputc             usart.o
    0x08004334   0x08004334   0x00000038   Code   RO         3614    i.key_gpio_nint     key.o
    0x0800436c   0x0800436c   0x0000009c   Code   RO           16    i.main              main.o
    0x08004408   0x08004408   0x00000080   Code   RO          306    i.update_adc_sampling_frequency  adc.o
    0x08004488   0x08004488   0x00000012   Data   RO         1094    .constdata          stm32f1xx_hal_rcc.o
    0x0800449a   0x0800449a   0x00000010   Data   RO         3221    .constdata          system_stm32f1xx.o
    0x080044aa   0x080044aa   0x00000008   Data   RO         3222    .constdata          system_stm32f1xx.o
    0x080044b2   0x080044b2   0x000005f0   Data   RO         3257    .constdata          fonts.o
    0x08004aa2   0x08004aa2   0x000011d0   Data   RO         3258    .constdata          fonts.o
    0x08005c72   0x08005c72   0x00000002   PAD
    0x08005c74   0x08005c74   0x00000020   Data   RO         3964    Region$$Table       anon$$obj.o


    Execution Region RW_IRAM1 (Exec base: 0x20000000, Load base: 0x08005c94, Size: 0x00001c80, Max: 0x0000c000, ABSOLUTE)

    Exec Addr    Load Addr    Size         Type   Attr      Idx    E Section Name        Object

    0x20000000   0x08005c94   0x00000004   Data   RW          308    .data               adc.o
    0x20000004   0x08005c98   0x00000001   Data   RW          384    .data               tim.o
    0x20000005   0x08005c99   0x00000003   PAD
    0x20000008   0x08005c9c   0x0000000c   Data   RW          931    .data               stm32f1xx_hal.o
    0x20000014   0x08005ca8   0x00000004   Data   RW         3223    .data               system_stm32f1xx.o
    0x20000018   0x08005cac   0x00000008   Data   RW         3260    .data               fonts.o
    0x20000020   0x08005cb4   0x00000008   Data   RW         3261    .data               fonts.o
    0x20000028   0x08005cbc   0x00000010   Data   RW         3313    .data               bsp_ili9341_lcd.o
    0x20000038   0x08005ccc   0x00000010   Data   RW         3492    .data               task.o
    0x20000048   0x08005cdc   0x00000022   Data   RW         3558    .data               ledtask.o
    0x2000006a   0x08005cfe   0x00000002   PAD
    0x2000006c   0x08005d00   0x00000004   Data   RW         3942    .data               mc_w.l(stdout.o)
    0x20000070        -       0x00000074   Zero   RW          307    .bss                adc.o
    0x200000e4        -       0x00000048   Zero   RW          383    .bss                tim.o
    0x2000012c        -       0x00000048   Zero   RW          432    .bss                usart.o
    0x20000174        -       0x0000049c   Zero   RW         3491    .bss                task.o
    0x20000610        -       0x00001270   Zero   RW         3557    .bss                ledtask.o
    0x20001880        -       0x00000400   Zero   RW            1    STACK               startup_stm32f103xe.o


==============================================================================

Image component sizes


      Code (inc. data)   RO Data    RW Data    ZI Data      Debug   Object Name

       396         48          0          4        116       2334   adc.o
      2588        104          0         16          0      14700   bsp_ili9341_lcd.o
        44          4          0          0          0        698   dma.o
         0          0       6080         16          0       1197   fonts.o
        60          6          0          0          0     505371   gpio.o
        56          8          0          0          0        716   key.o
      1600        104          0         34       4720       4808   ledtask.o
       670         78          0          0          0     463473   main.o
        36          8        304          0       1024        772   startup_stm32f103xe.o
       128         24          0         12          0       5697   stm32f1xx_hal.o
      1710         70          0          0          0      11271   stm32f1xx_hal_adc.o
         2          0          0          0          0        997   stm32f1xx_hal_adc_ex.o
       198         14          0          0          0      28759   stm32f1xx_hal_cortex.o
       932         44          0          0          0       4155   stm32f1xx_hal_dma.o
       514         42          0          0          0       2811   stm32f1xx_hal_gpio.o
        44          6          0          0          0        774   stm32f1xx_hal_msp.o
      1252         90         18          0          0       5352   stm32f1xx_hal_rcc.o
       236         12          0          0          0       1324   stm32f1xx_hal_rcc_ex.o
      1030         40          0          0          0       9353   stm32f1xx_hal_tim.o
       128         20          0          0          0       2281   stm32f1xx_hal_tim_ex.o
       558          6          0          0          0       3824   stm32f1xx_hal_uart.o
        56         18          0          0          0       4827   stm32f1xx_it.o
         2          0         24          4          0       1023   system_stm32f1xx.o
       204         32          0         16       1180       2089   task.o
       184         16          0          1         72       2047   tim.o
       192         24          0          0         72       2054   usart.o

    ----------------------------------------------------------------------
     12852        818       6460        108       7184    1082707   Object Totals
         0          0         32          0          0          0   (incl. Generated)
        32          0          2          5          0          0   (incl. Padding)

    ----------------------------------------------------------------------

      Code (inc. data)   RO Data    RW Data    ZI Data      Debug   Library Member Name

         0          0          0          0          0          0   entry.o
         0          0          0          0          0          0   entry10a.o
         0          0          0          0          0          0   entry11a.o
         8          4          0          0          0          0   entry2.o
         4          0          0          0          0          0   entry5.o
         0          0          0          0          0          0   entry7b.o
         0          0          0          0          0          0   entry8b.o
         8          4          0          0          0          0   entry9a.o
        30          0          0          0          0          0   handlers.o
        36          8          0          0          0         68   init.o
         0          0          0          0          0          0   iusefp.o
        30          0          0          0          0         68   llshl.o
        36          0          0          0          0         68   llsshr.o
        32          0          0          0          0         68   llushr.o
        36          0          0          0          0        108   memseta.o
      2308         96          0          0          0        604   printfa.o
         0          0          0          4          0          0   stdout.o
        44          0          0          0          0         80   uidiv.o
        98          0          0          0          0         92   uldiv.o
        48          0          0          0          0         68   cdrcmple.o
        20          0          0          0          0         68   cfcmple.o
        56          0          0          0          0         88   d2f.o
       334          0          0          0          0        148   dadd.o
       222          0          0          0          0        100   ddiv.o
       186          0          0          0          0        176   depilogue.o
        48          0          0          0          0         68   dfixul.o
        26          0          0          0          0         76   dfltui.o
       228          0          0          0          0         96   dmul.o
        46          0          0          0          0         80   dscalb.o
        38          0          0          0          0         68   f2d.o
       176          0          0          0          0        140   fadd.o
       124          0          0          0          0         88   fdiv.o
       110          0          0          0          0        168   fepilogue.o
        40          0          0          0          0         68   ffixui.o
        10          0          0          0          0         68   ffltui.o

    ----------------------------------------------------------------------
      4388        112          0          4          0       2724   Library Totals
         6          0          0          0          0          0   (incl. Padding)

    ----------------------------------------------------------------------

      Code (inc. data)   RO Data    RW Data    ZI Data      Debug   Library Name

      2670        112          0          4          0       1156   mc_w.l
      1712          0          0          0          0       1568   mf_w.l

    ----------------------------------------------------------------------
      4388        112          0          4          0       2724   Library Totals

    ----------------------------------------------------------------------

==============================================================================


      Code (inc. data)   RO Data    RW Data    ZI Data      Debug   

     17240        930       6460        112       7184    1078199   Grand Totals
     17240        930       6460        112       7184    1078199   ELF Image Totals
     17240        930       6460        112          0          0   ROM Totals

==============================================================================

    Total RO  Size (Code + RO Data)                23700 (  23.14kB)
    Total RW  Size (RW Data + ZI Data)              7296 (   7.13kB)
    Total ROM Size (Code + RO Data + RW Data)      23812 (  23.25kB)

==============================================================================

