Component: ARM Compiler 5.06 update 6 (build 750) Tool: armlink [4d35ed]

==============================================================================

Section Cross References

    startup_stm32f103xe.o(RESET) refers to startup_stm32f103xe.o(STACK) for __initial_sp
    startup_stm32f103xe.o(RESET) refers to startup_stm32f103xe.o(.text) for Reset_Handler
    startup_stm32f103xe.o(RESET) refers to stm32f1xx_it.o(i.NMI_Handler) for NMI_Handler
    startup_stm32f103xe.o(RESET) refers to stm32f1xx_it.o(i.HardFault_Handler) for HardFault_Handler
    startup_stm32f103xe.o(RESET) refers to stm32f1xx_it.o(i.MemManage_Handler) for MemManage_Handler
    startup_stm32f103xe.o(RESET) refers to stm32f1xx_it.o(i.BusFault_Handler) for BusFault_Handler
    startup_stm32f103xe.o(RESET) refers to stm32f1xx_it.o(i.UsageFault_Handler) for UsageFault_Handler
    startup_stm32f103xe.o(RESET) refers to stm32f1xx_it.o(i.SVC_Handler) for SVC_Handler
    startup_stm32f103xe.o(RESET) refers to stm32f1xx_it.o(i.DebugMon_Handler) for DebugMon_Handler
    startup_stm32f103xe.o(RESET) refers to stm32f1xx_it.o(i.PendSV_Handler) for PendSV_Handler
    startup_stm32f103xe.o(RESET) refers to stm32f1xx_it.o(i.SysTick_Handler) for SysTick_Handler
    startup_stm32f103xe.o(RESET) refers to stm32f1xx_it.o(i.EXTI0_IRQHandler) for EXTI0_IRQHandler
    startup_stm32f103xe.o(RESET) refers to stm32f1xx_it.o(i.EXTI2_IRQHandler) for EXTI2_IRQHandler
    startup_stm32f103xe.o(RESET) refers to stm32f1xx_it.o(i.EXTI3_IRQHandler) for EXTI3_IRQHandler
    startup_stm32f103xe.o(RESET) refers to stm32f1xx_it.o(i.EXTI4_IRQHandler) for EXTI4_IRQHandler
    startup_stm32f103xe.o(RESET) refers to stm32f1xx_it.o(i.DMA1_Channel1_IRQHandler) for DMA1_Channel1_IRQHandler
    startup_stm32f103xe.o(RESET) refers to stm32f1xx_it.o(i.ADC1_2_IRQHandler) for ADC1_2_IRQHandler
    startup_stm32f103xe.o(RESET) refers to stm32f1xx_it.o(i.TIM3_IRQHandler) for TIM3_IRQHandler
    startup_stm32f103xe.o(RESET) refers to stm32f1xx_it.o(i.TIM4_IRQHandler) for TIM4_IRQHandler
    startup_stm32f103xe.o(RESET) refers to stm32f1xx_it.o(i.UART4_IRQHandler) for UART4_IRQHandler
    startup_stm32f103xe.o(RESET) refers to stm32f1xx_it.o(i.DMA2_Channel3_IRQHandler) for DMA2_Channel3_IRQHandler
    startup_stm32f103xe.o(.text) refers to system_stm32f1xx.o(i.SystemInit) for SystemInit
    startup_stm32f103xe.o(.text) refers to entry.o(.ARM.Collect$$$$00000000) for __main
    main.o(i.SystemClock_Config) refers to memseta.o(.text) for __aeabi_memclr4
    main.o(i.SystemClock_Config) refers to stm32f1xx_hal_rcc.o(i.HAL_RCC_OscConfig) for HAL_RCC_OscConfig
    main.o(i.SystemClock_Config) refers to stm32f1xx_hal_rcc.o(i.HAL_RCC_ClockConfig) for HAL_RCC_ClockConfig
    main.o(i.SystemClock_Config) refers to stm32f1xx_hal_rcc_ex.o(i.HAL_RCCEx_PeriphCLKConfig) for HAL_RCCEx_PeriphCLKConfig
    main.o(i.main) refers to stm32f1xx_hal.o(i.HAL_Init) for HAL_Init
    main.o(i.main) refers to main.o(i.SystemClock_Config) for SystemClock_Config
    main.o(i.main) refers to gpio.o(i.MX_GPIO_Init) for MX_GPIO_Init
    main.o(i.main) refers to dma.o(i.MX_DMA_Init) for MX_DMA_Init
    main.o(i.main) refers to adc.o(i.MX_ADC1_Init) for MX_ADC1_Init
    main.o(i.main) refers to dac.o(i.MX_DAC_Init) for MX_DAC_Init
    main.o(i.main) refers to tim.o(i.MX_TIM3_Init) for MX_TIM3_Init
    main.o(i.main) refers to tim.o(i.MX_TIM4_Init) for MX_TIM4_Init
    main.o(i.main) refers to usart.o(i.MX_UART4_Init) for MX_UART4_Init
    main.o(i.main) refers to tftled.o(i.LCD_Init) for LCD_Init
    main.o(i.main) refers to app.o(i.APP_Init) for APP_Init
    main.o(i.main) refers to stm32f1xx_hal.o(i.HAL_Delay) for HAL_Delay
    main.o(i.main) refers to stm32f1xx_it.o(i.EX_TI_Handler) for EX_TI_Handler
    main.o(i.main) refers to app.o(.bss) for APP
    gpio.o(i.MX_GPIO_Init) refers to stm32f1xx_hal_gpio.o(i.HAL_GPIO_Init) for HAL_GPIO_Init
    gpio.o(i.MX_GPIO_Init) refers to stm32f1xx_hal_cortex.o(i.HAL_NVIC_SetPriority) for HAL_NVIC_SetPriority
    gpio.o(i.MX_GPIO_Init) refers to stm32f1xx_hal_cortex.o(i.HAL_NVIC_EnableIRQ) for HAL_NVIC_EnableIRQ
    adc.o(i.HAL_ADC_ConvCpltCallback) refers to app.o(.bss) for APP
    adc.o(i.HAL_ADC_MspDeInit) refers to stm32f1xx_hal_gpio.o(i.HAL_GPIO_DeInit) for HAL_GPIO_DeInit
    adc.o(i.HAL_ADC_MspDeInit) refers to stm32f1xx_hal_dma.o(i.HAL_DMA_DeInit) for HAL_DMA_DeInit
    adc.o(i.HAL_ADC_MspDeInit) refers to stm32f1xx_hal_cortex.o(i.HAL_NVIC_DisableIRQ) for HAL_NVIC_DisableIRQ
    adc.o(i.HAL_ADC_MspInit) refers to stm32f1xx_hal_gpio.o(i.HAL_GPIO_Init) for HAL_GPIO_Init
    adc.o(i.HAL_ADC_MspInit) refers to stm32f1xx_hal_dma.o(i.HAL_DMA_Init) for HAL_DMA_Init
    adc.o(i.HAL_ADC_MspInit) refers to main.o(i.Error_Handler) for Error_Handler
    adc.o(i.HAL_ADC_MspInit) refers to stm32f1xx_hal_cortex.o(i.HAL_NVIC_SetPriority) for HAL_NVIC_SetPriority
    adc.o(i.HAL_ADC_MspInit) refers to stm32f1xx_hal_cortex.o(i.HAL_NVIC_EnableIRQ) for HAL_NVIC_EnableIRQ
[...]
    i.UART_WaitOnFlagUntilTimeout            0x0800549c   Section        0  stm32f1xx_hal_uart.o(i.UART_WaitOnFlagUntilTimeout)
    UART_WaitOnFlagUntilTimeout              0x0800549d   Thumb Code   120  stm32f1xx_hal_uart.o(i.UART_WaitOnFlagUntilTimeout)
    i.Update_Force_Color                     0x08005514   Section        0  tftled.o(i.Update_Force_Color)
    i.Update_Sin_Wave_Config                 0x08005520   Section        0  app.o(i.Update_Sin_Wave_Config)
    i.Update_Squre_Duty                      0x08005554   Section        0  app.o(i.Update_Squre_Duty)
    i.Update_Squre_Wave_Config               0x080055e8   Section        0  app.o(i.Update_Squre_Wave_Config)
    i.Update_Triangle_Duty                   0x08005618   Section        0  app.o(i.Update_Triangle_Duty)
    i.Update_Triangular_Wave_Config          0x080056ac   Section        0  app.o(i.Update_Triangular_Wave_Config)
    i.UsageFault_Handler                     0x080056e0   Section        0  stm32f1xx_it.o(i.UsageFault_Handler)
    i.Window_Resresh_Handler                 0x08005710   Section        0  app.o(i.Window_Resresh_Handler)
    i.__0printf                              0x08005bc8   Section        0  printfa.o(i.__0printf)
    i.__0sprintf                             0x08005be8   Section        0  printfa.o(i.__0sprintf)
    i.__ARM_fpclassify                       0x08005c10   Section        0  fpclassify.o(i.__ARM_fpclassify)
    i.__NVIC_SetPriority                     0x08005c38   Section        0  stm32f1xx_hal_cortex.o(i.__NVIC_SetPriority)
    __NVIC_SetPriority                       0x08005c39   Thumb Code    32  stm32f1xx_hal_cortex.o(i.__NVIC_SetPriority)
    i.__ieee754_rem_pio2                     0x08005c58   Section        0  rred.o(i.__ieee754_rem_pio2)
    i.__kernel_cos                           0x08005fe0   Section        0  cos_i.o(i.__kernel_cos)
    i.__kernel_poly                          0x080060dc   Section        0  poly.o(i.__kernel_poly)
    i.__kernel_sin                           0x08006188   Section        0  sin_i.o(i.__kernel_sin)
    i.__mathlib_dbl_infnan                   0x08006274   Section        0  dunder.o(i.__mathlib_dbl_infnan)
    i.__mathlib_dbl_invalid                  0x0800627a   Section        0  dunder.o(i.__mathlib_dbl_invalid)
    i.__mathlib_dbl_underflow                0x08006288   Section        0  dunder.o(i.__mathlib_dbl_underflow)
    i.__scatterload_copy                     0x08006298   Section       14  handlers.o(i.__scatterload_copy)
    i.__scatterload_null                     0x080062a6   Section        2  handlers.o(i.__scatterload_null)
    i.__scatterload_zeroinit                 0x080062a8   Section       14  handlers.o(i.__scatterload_zeroinit)
    i.__set_errno                            0x080062b8   Section        0  errno.o(i.__set_errno)
    i._fp_digits                             0x080062c4   Section        0  printfa.o(i._fp_digits)
    _fp_digits                               0x080062c5   Thumb Code   366  printfa.o(i._fp_digits)
    i._printf_core                           0x08006448   Section        0  printfa.o(i._printf_core)
    _printf_core                             0x08006449   Thumb Code  1744  printfa.o(i._printf_core)
    i._printf_post_padding                   0x08006b24   Section        0  printfa.o(i._printf_post_padding)
    _printf_post_padding                     0x08006b25   Thumb Code    36  printfa.o(i._printf_post_padding)
    i._printf_pre_padding                    0x08006b48   Section        0  printfa.o(i._printf_pre_padding)
    _printf_pre_padding                      0x08006b49   Thumb Code    46  printfa.o(i._printf_pre_padding)
    i._sputc                                 0x08006b76   Section        0  printfa.o(i._sputc)
    _sputc                                   0x08006b77   Thumb Code    10  printfa.o(i._sputc)
    i.cos                                    0x08006b80   Section        0  cos.o(i.cos)
    i.fputc                                  0x08006c1c   Section        0  usart.o(i.fputc)
    i.main                                   0x08006c34   Section        0  main.o(i.main)
    i.sin                                    0x08006c78   Section        0  sin.o(i.sin)
    i.sqrt                                   0x08006d18   Section        0  sqrt.o(i.sqrt)
    .constdata                               0x08006d64   Section       18  stm32f1xx_hal_rcc.o(.constdata)
    aPredivFactorTable                       0x08006d64   Data           2  stm32f1xx_hal_rcc.o(.constdata)
    aPLLMULFactorTable                       0x08006d66   Data          16  stm32f1xx_hal_rcc.o(.constdata)
    .constdata                               0x08006d76   Section       18  stm32f1xx_hal_rcc_ex.o(.constdata)
    aPredivFactorTable                       0x08006d76   Data           2  stm32f1xx_hal_rcc_ex.o(.constdata)
    aPLLMULFactorTable                       0x08006d78   Data          16  stm32f1xx_hal_rcc_ex.o(.constdata)
    .constdata                               0x08006d88   Section       16  system_stm32f1xx.o(.constdata)
    .constdata                               0x08006d98   Section        8  system_stm32f1xx.o(.constdata)
    .constdata                               0x08006da0   Section     1140  font.o(.constdata)
    .constdata                               0x08007214   Section     1520  font.o(.constdata)
    .constdata                               0x08007808   Section       48  cos_i.o(.constdata)
    C                                        0x08007808   Data          48  cos_i.o(.constdata)
    .constdata                               0x08007838   Section      200  rred.o(.constdata)
    pio2s                                    0x08007838   Data          48  rred.o(.constdata)
    twooverpi                                0x08007868   Data         152  rred.o(.constdata)
    .constdata                               0x08007900   Section       40  sin_i.o(.constdata)
    S                                        0x08007900   Data          40  sin_i.o(.constdata)
    .data                                    0x20000000   Section        3  stm32f1xx_it.o(.data)
    .data                                    0x20000004   Section       12  stm32f1xx_hal.o(.data)
    .data                                    0x20000010   Section        4  system_stm32f1xx.o(.data)
    .data                                    0x20000014   Section        4  tftled.o(.data)
    .data                                    0x20000018   Section       58  app.o(.data)
    temp_                                    0x20000019   Data           1  app.o(.data)
    temp__                                   0x2000001a   Data           1  app.o(.data)
    temp_1                                   0x2000001b   Data           1  app.o(.data)
    temp_2                                   0x2000001c   Data           1  app.o(.data)
    j                                        0x2000001e   Data           2  app.o(.data)
    us_                                      0x20000020   Data           4  app.o(.data)
    Idx                                      0x20000024   Data           4  app.o(.data)
    fr                                       0x20000028   Data           4  app.o(.data)
    us                                       0x2000002c   Data           8  app.o(.data)
    str                                      0x20000034   Data          10  app.o(.data)
    str                                      0x2000003e   Data          10  app.o(.data)
    str                                      0x20000048   Data          10  app.o(.data)
    .data                                    0x20000054   Section       20  decode.o(.data)
    cursor_po                                0x20000054   Data           1  decode.o(.data)
    data1                                    0x20000055   Data           1  decode.o(.data)
    data2                                    0x20000056   Data           1  decode.o(.data)
    data3                                    0x20000057   Data           1  decode.o(.data)
    data4                                    0x20000058   Data           1  decode.o(.data)
    data5                                    0x20000059   Data           1  decode.o(.data)
    data6                                    0x2000005a   Data           1  decode.o(.data)
    temp                                     0x2000005c   Data           4  decode.o(.data)
    .data                                    0x20000068   Section        8  key.o(.data)
    .data                                    0x20000070   Section       68  fft.o(.data)
    f                                        0x20000070   Data           2  fft.o(.data)
    m                                        0x20000072   Data           2  fft.o(.data)
    nv2                                      0x20000074   Data           2  fft.o(.data)
    nm1                                      0x20000076   Data           2  fft.o(.data)
    i                                        0x20000078   Data           2  fft.o(.data)
    k                                        0x2000007a   Data           2  fft.o(.data)
    l                                        0x2000007c   Data           2  fft.o(.data)
    j                                        0x2000007e   Data           2  fft.o(.data)
    le                                       0x20000080   Data           2  fft.o(.data)
    lei                                      0x20000082   Data           2  fft.o(.data)
    ip                                       0x20000084   Data           2  fft.o(.data)
    i                                        0x20000086   Data           2  fft.o(.data)
    max_num_index                            0x20000088   Data           2  fft.o(.data)
    result                                   0x2000008a   Data           2  fft.o(.data)
    temp                                     0x2000008c   Data           4  fft.o(.data)
    new_w                                    0x20000090   Data           4  fft.o(.data)
    u                                        0x20000094   Data           8  fft.o(.data)
    w                                        0x2000009c   Data           8  fft.o(.data)
    t                                        0x200000a4   Data           8  fft.o(.data)
    c                                        0x200000ac   Data           8  fft.o(.data)
    .data                                    0x200000b4   Section        4  stdout.o(.data)
    .data                                    0x200000b8   Section        4  errno.o(.data)
    _errno                                   0x200000b8   Data           4  errno.o(.data)
    .bss                                     0x200000bc   Section      116  adc.o(.bss)
    .bss                                     0x20000130   Section       88  dac.o(.bss)
    .bss                                     0x20000188   Section      144  tim.o(.bss)
    .bss                                     0x20000218   Section       72  usart.o(.bss)
    .bss                                     0x20000260   Section       14  tftled.o(.bss)
    .bss                                     0x20000270   Section     5732  app.o(.bss)
    temp_3                                   0x20000270   Data          10  app.o(.bss)
    .bss                                     0x200018d4   Section       20  decode.o(.bss)
    .bss                                     0x200018e8   Section      104  dac_task.o(.bss)
    STACK                                    0x20001950   Section     1024  startup_stm32f103xe.o(STACK)

    Global Symbols

    Symbol Name                              Value     Ov Type        Size  Object(Section)

    BuildAttributes$$THM_ISAv4$P$D$K$B$S$PE$A:L22UL41UL21$X:L11$S22US41US21$IEEE1$IW$USESV6$~STKCKD$USESV7$~SHL$OTIME$ROPI$IEEEX$EBA8$MICROLIB$REQ8$PRES8$EABIv2 0x00000000   Number         0  anon$$obj.o ABSOLUTE
    __ARM_use_no_argv                        0x00000000   Number         0  main.o ABSOLUTE
    _printf_a                                0x00000000   Number         0  stubs.o ABSOLUTE
    _printf_c                                0x00000000   Number         0  stubs.o ABSOLUTE
    _printf_charcount                        0x00000000   Number         0  stubs.o ABSOLUTE
    _printf_d                                0x00000000   Number         0  stubs.o ABSOLUTE
    _printf_e                                0x00000000   Number         0  stubs.o ABSOLUTE
    _printf_f                                0x00000000   Number         0  stubs.o ABSOLUTE
    _printf_flags                            0x00000000   Number         0  stubs.o ABSOLUTE
    _printf_fp_dec                           0x00000000   Number         0  stubs.o ABSOLUTE
    _printf_fp_hex                           0x00000000   Number         0  stubs.o ABSOLUTE
    _printf_g                                0x00000000   Number         0  stubs.o ABSOLUTE
    _printf_i                                0x00000000   Number         0  stubs.o ABSOLUTE
    _printf_int_dec                          0x00000000   Number         0  stubs.o ABSOLUTE
    _printf_l                                0x00000000   Number         0  stubs.o ABSOLUTE
    _printf_lc                               0x00000000   Number         0  stubs.o ABSOLUTE
    _printf_ll                               0x00000000   Number         0  stubs.o ABSOLUTE
    _printf_lld                              0x00000000   Number         0  stubs.o ABSOLUTE
    _printf_lli                              0x00000000   Number         0  stubs.o ABSOLUTE
    _printf_llo                              0x00000000   Number         0  stubs.o ABSOLUTE
    _printf_llu                              0x00000000   Number         0  stubs.o ABSOLUTE
    _printf_llx                              0x00000000   Number         0  stubs.o ABSOLUTE
    _printf_longlong_dec                     0x00000000   Number         0  stubs.o ABSOLUTE
    _printf_longlong_hex                     0x00000000   Number         0  stubs.o ABSOLUTE
    _printf_longlong_oct                     0x00000000   Number         0  stubs.o ABSOLUTE
    _printf_ls                               0x00000000   Number         0  stubs.o ABSOLUTE
    _printf_mbtowc                           0x00000000   Number         0  stubs.o ABSOLUTE
    _printf_n                                0x00000000   Number         0  stubs.o ABSOLUTE
    _printf_o                                0x00000000   Number         0  stubs.o ABSOLUTE
    _printf_p                                0x00000000   Number         0  stubs.o ABSOLUTE
    _printf_percent                          0x00000000   Number         0  stubs.o ABSOLUTE
    _printf_pre_padding                      0x00000000   Number         0  stubs.o ABSOLUTE
    _printf_return_value                     0x00000000   Number         0  stubs.o ABSOLUTE
    _printf_s                                0x00000000   Number         0  stubs.o ABSOLUTE
    _printf_sizespec                         0x00000000   Number         0  stubs.o ABSOLUTE
    _printf_str                              0x00000000   Number         0  stubs.o ABSOLUTE
    _printf_truncate_signed                  0x00000000   Number         0  stubs.o ABSOLUTE
    _printf_truncate_unsigned                0x00000000   Number         0  stubs.o ABSOLUTE
    _printf_u                                0x00000000   Number         0  stubs.o ABSOLUTE
    _printf_wc                               0x00000000   Number         0  stubs.o ABSOLUTE
    _printf_wctomb                           0x00000000   Number         0  stubs.o ABSOLUTE
    _printf_widthprec                        0x00000000   Number         0  stubs.o ABSOLUTE
    _printf_x                                0x00000000   Number         0  stubs.o ABSOLUTE
    __cpp_initialize__aeabi_                  - Undefined Weak Reference
    __cxa_finalize                            - Undefined Weak Reference
    __decompress                              - Undefined Weak Reference
    _clock_init                               - Undefined Weak Reference
    _microlib_exit                            - Undefined Weak Reference
    __Vectors_Size                           0x00000130   Number         0  startup_stm32f103xe.o ABSOLUTE
    __Vectors                                0x08000000   Data           4  startup_stm32f103xe.o(RESET)
    __Vectors_End                            0x08000130   Data           0  startup_stm32f103xe.o(RESET)
    __main                                   0x08000131   Thumb Code     0  entry.o(.ARM.Collect$$$$00000000)
    _main_stk                                0x08000131   Thumb Code     0  entry2.o(.ARM.Collect$$$$00000001)
    _main_scatterload                        0x08000135   Thumb Code     0  entry5.o(.ARM.Collect$$$$00000004)
    __main_after_scatterload                 0x08000139   Thumb Code     0  entry5.o(.ARM.Collect$$$$00000004)
    _main_clock                              0x08000139   Thumb Code     0  entry7b.o(.ARM.Collect$$$$00000008)
    _main_cpp_init                           0x08000139   Thumb Code     0  entry8b.o(.ARM.Collect$$$$0000000A)
    _main_init                               0x08000139   Thumb Code     0  entry9a.o(.ARM.Collect$$$$0000000B)
    __rt_final_cpp                           0x08000141   Thumb Code     0  entry10a.o(.ARM.Collect$$$$0000000D)
    __rt_final_exit                          0x08000141   Thumb Code     0  entry11a.o(.ARM.Collect$$$$0000000F)
    Reset_Handler                            0x08000145   Thumb Code     8  startup_stm32f103xe.o(.text)
    ADC3_IRQHandler                          0x0800015f   Thumb Code     0  startup_stm32f103xe.o(.text)
    CAN1_RX1_IRQHandler                      0x0800015f   Thumb Code     0  startup_stm32f103xe.o(.text)
    CAN1_SCE_IRQHandler                      0x0800015f   Thumb Code     0  startup_stm32f103xe.o(.text)
    DMA1_Channel2_IRQHandler                 0x0800015f   Thumb Code     0  startup_stm32f103xe.o(.text)
    DMA1_Channel3_IRQHandler                 0x0800015f   Thumb Code     0  startup_stm32f103xe.o(.text)
    DMA1_Channel4_IRQHandler                 0x0800015f   Thumb Code     0  startup_stm32f103xe.o(.text)
    DMA1_Channel5_IRQHandler                 0x0800015f   Thumb Code     0  startup_stm32f103xe.o(.text)
    DMA1_Channel6_IRQHandler                 0x0800015f   Thumb Code     0  startup_stm32f103xe.o(.text)
    DMA1_Channel7_IRQHandler                 0x0800015f   Thumb Code     0  startup_stm32f103xe.o(.text)
    DMA2_Channel1_IRQHandler                 0x0800015f   Thumb Code     0  startup_stm32f103xe.o(.text)
    DMA2_Channel2_IRQHandler                 0x0800015f   Thumb Code     0  startup_stm32f103xe.o(.text)
    DMA2_Channel4_5_IRQHandler               0x0800015f   Thumb Code     0  startup_stm32f103xe.o(.text)
    EXTI15_10_IRQHandler                     0x0800015f   Thumb Code     0  startup_stm32f103xe.o(.text)
    EXTI1_IRQHandler                         0x0800015f   Thumb Code     0  startup_stm32f103xe.o(.text)
    EXTI9_5_IRQHandler                       0x0800015f   Thumb Code     0  startup_stm32f103xe.o(.text)
    FLASH_IRQHandler                         0x0800015f   Thumb Code     0  startup_stm32f103xe.o(.text)
    FSMC_IRQHandler                          0x0800015f   Thumb Code     0  startup_stm32f103xe.o(.text)
    I2C1_ER_IRQHandler                       0x0800015f   Thumb Code     0  startup_stm32f103xe.o(.text)
    I2C1_EV_IRQHandler                       0x0800015f   Thumb Code     0  startup_stm32f103xe.o(.text)
    I2C2_ER_IRQHandler                       0x0800015f   Thumb Code     0  startup_stm32f103xe.o(.text)
    I2C2_EV_IRQHandler                       0x0800015f   Thumb Code     0  startup_stm32f103xe.o(.text)
    PVD_IRQHandler                           0x0800015f   Thumb Code     0  startup_stm32f103xe.o(.text)
    RCC_IRQHandler                           0x0800015f   Thumb Code     0  startup_stm32f103xe.o(.text)
    RTC_Alarm_IRQHandler                     0x0800015f   Thumb Code     0  startup_stm32f103xe.o(.text)
    RTC_IRQHandler                           0x0800015f   Thumb Code     0  startup_stm32f103xe.o(.text)
    SDIO_IRQHandler                          0x0800015f   Thumb Code     0  startup_stm32f103xe.o(.text)
    SPI1_IRQHandler                          0x0800015f   Thumb Code     0  startup_stm32f103xe.o(.text)
    SPI2_IRQHandler                          0x0800015f   Thumb Code     0  startup_stm32f103xe.o(.text)
    SPI3_IRQHandler                          0x0800015f   Thumb Code     0  startup_stm32f103xe.o(.text)
    TAMPER_IRQHandler                        0x0800015f   Thumb Code     0  startup_stm32f103xe.o(.text)
    TIM1_BRK_IRQHandler                      0x0800015f   Thumb Code     0  startup_stm32f103xe.o(.text)
    TIM1_CC_IRQHandler                       0x0800015f   Thumb Code     0  startup_stm32f103xe.o(.text)
    TIM1_TRG_COM_IRQHandler                  0x0800015f   Thumb Code     0  startup_stm32f103xe.o(.text)
    TIM1_UP_IRQHandler                       0x0800015f   Thumb Code     0  startup_stm32f103xe.o(.text)
    TIM2_IRQHandler                          0x0800015f   Thumb Code     0  startup_stm32f103xe.o(.text)
    TIM5_IRQHandler                          0x0800015f   Thumb Code     0  startup_stm32f103xe.o(.text)
    TIM6_IRQHandler                          0x0800015f   Thumb Code     0  startup_stm32f103xe.o(.text)
    TIM7_IRQHandler                          0x0800015f   Thumb Code     0  startup_stm32f103xe.o(.text)
    TIM8_BRK_IRQHandler                      0x0800015f   Thumb Code     0  startup_stm32f103xe.o(.text)
    TIM8_CC_IRQHandler                       0x0800015f   Thumb Code     0  startup_stm32f103xe.o(.text)
    TIM8_TRG_COM_IRQHandler                  0x0800015f   Thumb Code     0  startup_stm32f103xe.o(.text)
    TIM8_UP_IRQHandler                       0x0800015f   Thumb Code     0  startup_stm32f103xe.o(.text)
    UART5_IRQHandler                         0x0800015f   Thumb Code     0  startup_stm32f103xe.o(.text)
    USART1_IRQHandler                        0x0800015f   Thumb Code     0  startup_stm32f103xe.o(.text)
    USART2_IRQHandler                        0x0800015f   Thumb Code     0  startup_stm32f103xe.o(.text)
    USART3_IRQHandler                        0x0800015f   Thumb Code     0  startup_stm32f103xe.o(.text)
    USBWakeUp_IRQHandler                     0x0800015f   Thumb Code     0  startup_stm32f103xe.o(.text)
    USB_HP_CAN1_TX_IRQHandler                0x0800015f   Thumb Code     0  startup_stm32f103xe.o(.text)
    USB_LP_CAN1_RX0_IRQHandler               0x0800015f   Thumb Code     0  startup_stm32f103xe.o(.text)
    WWDG_IRQHandler                          0x0800015f   Thumb Code     0  startup_stm32f103xe.o(.text)
    __aeabi_uldivmod                         0x08000169   Thumb Code    98  uldiv.o(.text)
    __aeabi_llsl                             0x080001cb   Thumb Code    30  llshl.o(.text)
    _ll_shift_l                              0x080001cb   Thumb Code     0  llshl.o(.text)
    __aeabi_llsr                             0x080001e9   Thumb Code    32  llushr.o(.text)
    _ll_ushift_r                             0x080001e9   Thumb Code     0  llushr.o(.text)
    __aeabi_lasr                             0x08000209   Thumb Code    36  llsshr.o(.text)
    _ll_sshift_r                             0x08000209   Thumb Code     0  llsshr.o(.text)
    __aeabi_memset                           0x0800022d   Thumb Code    14  memseta.o(.text)
    __aeabi_memset4                          0x0800022d   Thumb Code     0  memseta.o(.text)
    __aeabi_memset8                          0x0800022d   Thumb Code     0  memseta.o(.text)
    __aeabi_memclr                           0x0800023b   Thumb Code     4  memseta.o(.text)
    __aeabi_memclr4                          0x0800023b   Thumb Code     0  memseta.o(.text)
    __aeabi_memclr8                          0x0800023b   Thumb Code     0  memseta.o(.text)
    _memset$wrapper                          0x0800023f   Thumb Code    18  memseta.o(.text)
    __aeabi_fadd                             0x08000251   Thumb Code   164  fadd.o(.text)
    __aeabi_fsub                             0x080002f5   Thumb Code     6  fadd.o(.text)
    __aeabi_frsub                            0x080002fb   Thumb Code     6  fadd.o(.text)
    __aeabi_fmul                             0x08000301   Thumb Code   100  fmul.o(.text)
    __aeabi_fdiv                             0x08000365   Thumb Code   124  fdiv.o(.text)
    __aeabi_dadd                             0x080003e1   Thumb Code   322  dadd.o(.text)
    __aeabi_dsub                             0x08000523   Thumb Code     6  dadd.o(.text)
    __aeabi_drsub                            0x08000529   Thumb Code     6  dadd.o(.text)
    __aeabi_dmul                             0x0800052f   Thumb Code   228  dmul.o(.text)
    __aeabi_ddiv                             0x08000613   Thumb Code   222  ddiv.o(.text)
    __ARM_scalbn                             0x080006f1   Thumb Code    46  dscalb.o(.text)
    scalbn                                   0x080006f1   Thumb Code     0  dscalb.o(.text)
    __aeabi_i2f                              0x0800071f   Thumb Code    18  fflti.o(.text)
    __aeabi_ui2f                             0x08000731   Thumb Code    10  ffltui.o(.text)
    __aeabi_i2d                              0x0800073b   Thumb Code    34  dflti.o(.text)
    __aeabi_ui2d                             0x0800075d   Thumb Code    26  dfltui.o(.text)
    __aeabi_f2uiz                            0x08000777   Thumb Code    40  ffixui.o(.text)
    __aeabi_d2iz                             0x0800079f   Thumb Code    62  dfixi.o(.text)
    __aeabi_d2uiz                            0x080007dd   Thumb Code    50  dfixui.o(.text)
    __aeabi_f2d                              0x0800080f   Thumb Code    38  f2d.o(.text)
    __aeabi_cdrcmple                         0x08000835   Thumb Code    48  cdrcmple.o(.text)
    __aeabi_d2f                              0x08000865   Thumb Code    56  d2f.o(.text)
    __aeabi_uidiv                            0x0800089d   Thumb Code     0  uidiv.o(.text)
    __aeabi_uidivmod                         0x0800089d   Thumb Code    44  uidiv.o(.text)
    __I$use$fp                               0x080008c9   Thumb Code     0  iusefp.o(.text)
    _float_round                             0x080008c9   Thumb Code    18  fepilogue.o(.text)
    _float_epilogue                          0x080008db   Thumb Code    92  fepilogue.o(.text)
    _double_round                            0x08000937   Thumb Code    30  depilogue.o(.text)
    _double_epilogue                         0x08000955   Thumb Code   156  depilogue.o(.text)
    _dsqrt                                   0x080009f1   Thumb Code   162  dsqrt.o(.text)
    __aeabi_d2ulz                            0x08000a93   Thumb Code    48  dfixul.o(.text)
    __scatterload                            0x08000ac5   Thumb Code    28  init.o(.text)
    __scatterload_rt2                        0x08000ac5   Thumb Code     0  init.o(.text)
    ADC1_2_IRQHandler                        0x08000ae9   Thumb Code     6  stm32f1xx_it.o(i.ADC1_2_IRQHandler)
    ADC_ConversionStop_Disable               0x08000af5   Thumb Code    86  stm32f1xx_hal_adc.o(i.ADC_ConversionStop_Disable)
    ADC_DMAConvCplt                          0x08000b4b   Thumb Code    78  stm32f1xx_hal_adc.o(i.ADC_DMAConvCplt)
    ADC_DMAError                             0x08000b99   Thumb Code    26  stm32f1xx_hal_adc.o(i.ADC_DMAError)
    ADC_DMAHalfConvCplt                      0x08000bb3   Thumb Code    10  stm32f1xx_hal_adc.o(i.ADC_DMAHalfConvCplt)
    ADC_DMA_Completed_CallBack               0x08000bbd   Thumb Code    12  app.o(i.ADC_DMA_Completed_CallBack)
    ADC_Enable                               0x08000bcd   Thumb Code   114  stm32f1xx_hal_adc.o(i.ADC_Enable)
    ADC_Frequency_Update                     0x08000c49   Thumb Code   180  app.o(i.ADC_Frequency_Update)
    APP_Init                                 0x08000d11   Thumb Code   102  app.o(i.APP_Init)
    APP_Start_ADC                            0x08000d9d   Thumb Code   110  app.o(i.APP_Start_ADC)
    APP_Stop_ADC                             0x08000e1d   Thumb Code    26  app.o(i.APP_Stop_ADC)
    BUtton_Cancel_Pressed_Handler            0x08000e41   Thumb Code     6  key.o(i.BUtton_Cancel_Pressed_Handler)
    BUtton_OK_Pressed_Handler                0x08000e61   Thumb Code     6  key.o(i.BUtton_OK_Pressed_Handler)
    BusFault_Handler                         0x08000e7d   Thumb Code     8  stm32f1xx_it.o(i.BusFault_Handler)
    Change_Channels                          0x08000e9d   Thumb Code    64  app.o(i.Change_Channels)
    Change_Generate_Wave_Generate_Type       0x08000ee1   Thumb Code    28  app.o(i.Change_Generate_Wave_Generate_Type)
    Change_Option                            0x08000f01   Thumb Code    28  app.o(i.Change_Option)
    Close_Select_Wave_Generate_Type_Windows  0x08000f21   Thumb Code    30  app.o(i.Close_Select_Wave_Generate_Type_Windows)
    Close_Update_Sin_Wave_Config             0x08000f45   Thumb Code     4  app.o(i.Close_Update_Sin_Wave_Config)
    Close_Update_Squre_Wave_Config           0x08000f49   Thumb Code     4  app.o(i.Close_Update_Squre_Wave_Config)
    Close_Update_Triangular_Wave_Config      0x08000f4d   Thumb Code     4  app.o(i.Close_Update_Triangular_Wave_Config)
    Config_Sin_Wave_Window_Init              0x08000f51   Thumb Code   164  app.o(i.Config_Sin_Wave_Window_Init)
    Config_Squre_Wave_Window_Init            0x0800102d   Thumb Code   164  app.o(i.Config_Squre_Wave_Window_Init)
    Config_Triangular_Wave_Window_Init       0x08001115   Thumb Code   164  app.o(i.Config_Triangular_Wave_Window_Init)
    DAC_DMAConvCpltCh1                       0x08001201   Thumb Code    16  stm32f1xx_hal_dac.o(i.DAC_DMAConvCpltCh1)
    DAC_DMAConvCpltCh2                       0x08001211   Thumb Code    16  stm32f1xx_hal_dac_ex.o(i.DAC_DMAConvCpltCh2)
    DAC_DMAErrorCh1                          0x08001221   Thumb Code    24  stm32f1xx_hal_dac.o(i.DAC_DMAErrorCh1)
    DAC_DMAErrorCh2                          0x08001239   Thumb Code    24  stm32f1xx_hal_dac_ex.o(i.DAC_DMAErrorCh2)
    DAC_DMAHalfConvCpltCh1                   0x08001251   Thumb Code    10  stm32f1xx_hal_dac.o(i.DAC_DMAHalfConvCpltCh1)
    DAC_DMAHalfConvCpltCh2                   0x0800125b   Thumb Code    10  stm32f1xx_hal_dac_ex.o(i.DAC_DMAHalfConvCpltCh2)
    DAC_Generate_Sin                         0x08001265   Thumb Code   198  app.o(i.DAC_Generate_Sin)
    DAC_Generate_Squre                       0x0800134d   Thumb Code   168  app.o(i.DAC_Generate_Squre)
    DAC_Generate_Triangular                  0x0800140d   Thumb Code   266  app.o(i.DAC_Generate_Triangular)
    DAC_Init                                 0x08001541   Thumb Code     8  dac_task.o(i.DAC_Init)
    DMA1_Channel1_IRQHandler                 0x08001551   Thumb Code     6  stm32f1xx_it.o(i.DMA1_Channel1_IRQHandler)
    DMA2_Channel3_IRQHandler                 0x0800155d   Thumb Code     6  stm32f1xx_it.o(i.DMA2_Channel3_IRQHandler)
    DeCoder_TIM_Callback                     0x08001595   Thumb Code     6  app.o(i.DeCoder_TIM_Callback)
    DeFault_Methode_Reset_CB                 0x080015a1   Thumb Code     2  decode.o(i.DeFault_Methode_Reset_CB)
    DebugMon_Handler                         0x080015a3   Thumb Code     2  stm32f1xx_it.o(i.DebugMon_Handler)
    DecodeA_Callback                         0x080015a5   Thumb Code   104  decode.o(i.DecodeA_Callback)
    DecodeC_Callback                         0x0800163d   Thumb Code    46  decode.o(i.DecodeC_Callback)
    Decode_Init                              0x08001675   Thumb Code    10  decode.o(i.Decode_Init)
    DrawUpdateDataWindows                    0x08001689   Thumb Code   166  decode.o(i.DrawUpdateDataWindows)
    EE                                       0x0800174d   Thumb Code    84  fft.o(i.EE)
    EXTI0_IRQHandler                         0x080017a5   Thumb Code    28  stm32f1xx_it.o(i.EXTI0_IRQHandler)
    EXTI2_IRQHandler                         0x080017c9   Thumb Code    40  stm32f1xx_it.o(i.EXTI2_IRQHandler)
    EXTI3_IRQHandler                         0x08001801   Thumb Code    40  stm32f1xx_it.o(i.EXTI3_IRQHandler)
    EXTI4_IRQHandler                         0x08001839   Thumb Code    40  stm32f1xx_it.o(i.EXTI4_IRQHandler)
    EX_TI_Handler                            0x08001871   Thumb Code    72  stm32f1xx_it.o(i.EX_TI_Handler)
    EX_TI_Init                               0x080018bd   Thumb Code    18  stm32f1xx_it.o(i.EX_TI_Init)
    Error_Handler                            0x080018d9   Thumb Code     4  main.o(i.Error_Handler)
    FFT                                      0x080018dd   Thumb Code   478  fft.o(i.FFT)
    FFTTTask                                 0x08001ac9   Thumb Code   446  app.o(i.FFTTTask)
    HAL_ADCEx_Calibration_Start              0x08001c91   Thumb Code   210  stm32f1xx_hal_adc_ex.o(i.HAL_ADCEx_Calibration_Start)
    HAL_ADCEx_InjectedConvCpltCallback       0x08001d69   Thumb Code     2  stm32f1xx_hal_adc_ex.o(i.HAL_ADCEx_InjectedConvCpltCallback)
    HAL_ADC_ConfigChannel                    0x08001d6d   Thumb Code   240  stm32f1xx_hal_adc.o(i.HAL_ADC_ConfigChannel)
    HAL_ADC_ConvCpltCallback                 0x08001e69   Thumb Code     8  adc.o(i.HAL_ADC_ConvCpltCallback)
    HAL_ADC_ConvHalfCpltCallback             0x08001e75   Thumb Code     2  stm32f1xx_hal_adc.o(i.HAL_ADC_ConvHalfCpltCallback)
    HAL_ADC_ErrorCallback                    0x08001e77   Thumb Code     2  stm32f1xx_hal_adc.o(i.HAL_ADC_ErrorCallback)
    HAL_ADC_IRQHandler                       0x08001e79   Thumb Code   220  stm32f1xx_hal_adc.o(i.HAL_ADC_IRQHandler)
    HAL_ADC_Init                             0x08001f55   Thumb Code   272  stm32f1xx_hal_adc.o(i.HAL_ADC_Init)
    HAL_ADC_LevelOutOfWindowCallback         0x08002075   Thumb Code     2  stm32f1xx_hal_adc.o(i.HAL_ADC_LevelOutOfWindowCallback)
    HAL_ADC_MspInit                          0x08002079   Thumb Code   136  adc.o(i.HAL_ADC_MspInit)
    HAL_ADC_Start                            0x08002115   Thumb Code   184  stm32f1xx_hal_adc.o(i.HAL_ADC_Start)
    HAL_ADC_Start_DMA                        0x080021d5   Thumb Code   246  stm32f1xx_hal_adc.o(i.HAL_ADC_Start_DMA)
    HAL_ADC_Stop                             0x080022e1   Thumb Code    52  stm32f1xx_hal_adc.o(i.HAL_ADC_Stop)
    HAL_ADC_Stop_DMA                         0x08002315   Thumb Code    86  stm32f1xx_hal_adc.o(i.HAL_ADC_Stop_DMA)
    HAL_DACEx_ConvCpltCallbackCh2            0x0800236b   Thumb Code     2  stm32f1xx_hal_dac_ex.o(i.HAL_DACEx_ConvCpltCallbackCh2)
    HAL_DACEx_ConvHalfCpltCallbackCh2        0x0800236d   Thumb Code     2  stm32f1xx_hal_dac_ex.o(i.HAL_DACEx_ConvHalfCpltCallbackCh2)
    HAL_DACEx_ErrorCallbackCh2               0x0800236f   Thumb Code     2  stm32f1xx_hal_dac_ex.o(i.HAL_DACEx_ErrorCallbackCh2)
    HAL_DAC_ConfigChannel                    0x08002371   Thumb Code    78  stm32f1xx_hal_dac.o(i.HAL_DAC_ConfigChannel)
    HAL_DAC_ConvCpltCallbackCh1              0x080023bf   Thumb Code     2  dac.o(i.HAL_DAC_ConvCpltCallbackCh1)
    HAL_DAC_ConvHalfCpltCallbackCh1          0x080023c1   Thumb Code     2  stm32f1xx_hal_dac.o(i.HAL_DAC_ConvHalfCpltCallbackCh1)
    HAL_DAC_ErrorCallbackCh1                 0x080023c3   Thumb Code     2  stm32f1xx_hal_dac.o(i.HAL_DAC_ErrorCallbackCh1)
    HAL_DAC_Init                             0x080023c5   Thumb Code    40  stm32f1xx_hal_dac.o(i.HAL_DAC_Init)
    HAL_DAC_MspInit                          0x080023ed   Thumb Code   122  dac.o(i.HAL_DAC_MspInit)
    HAL_DAC_Start_DMA                        0x0800247d   Thumb Code   180  stm32f1xx_hal_dac.o(i.HAL_DAC_Start_DMA)
    HAL_DMA_Abort                            0x08002549   Thumb Code    70  stm32f1xx_hal_dma.o(i.HAL_DMA_Abort)
    HAL_DMA_Abort_IT                         0x08002591   Thumb Code   296  stm32f1xx_hal_dma.o(i.HAL_DMA_Abort_IT)
    HAL_DMA_IRQHandler                       0x080026c1   Thumb Code   552  stm32f1xx_hal_dma.o(i.HAL_DMA_IRQHandler)
    HAL_DMA_Init                             0x08002909   Thumb Code   112  stm32f1xx_hal_dma.o(i.HAL_DMA_Init)
    HAL_DMA_Start_IT                         0x08002985   Thumb Code   112  stm32f1xx_hal_dma.o(i.HAL_DMA_Start_IT)
    HAL_Delay                                0x080029f5   Thumb Code    32  stm32f1xx_hal.o(i.HAL_Delay)
    HAL_GPIO_EXTI_Callback                   0x08002a19   Thumb Code     2  stm32f1xx_hal_gpio.o(i.HAL_GPIO_EXTI_Callback)
    HAL_GPIO_EXTI_IRQHandler                 0x08002a1d   Thumb Code    18  stm32f1xx_hal_gpio.o(i.HAL_GPIO_EXTI_IRQHandler)
    HAL_GPIO_Init                            0x08002a35   Thumb Code   462  stm32f1xx_hal_gpio.o(i.HAL_GPIO_Init)
    HAL_GPIO_ReadPin                         0x08002c2d   Thumb Code    10  stm32f1xx_hal_gpio.o(i.HAL_GPIO_ReadPin)
    HAL_GPIO_WritePin                        0x08002c37   Thumb Code    10  stm32f1xx_hal_gpio.o(i.HAL_GPIO_WritePin)
    HAL_GetTick                              0x08002c41   Thumb Code     6  stm32f1xx_hal.o(i.HAL_GetTick)
    HAL_IncTick                              0x08002c4d   Thumb Code    12  stm32f1xx_hal.o(i.HAL_IncTick)
    HAL_Init                                 0x08002c5d   Thumb Code    32  stm32f1xx_hal.o(i.HAL_Init)
    HAL_InitTick                             0x08002c81   Thumb Code    54  stm32f1xx_hal.o(i.HAL_InitTick)
    HAL_MspInit                              0x08002cc1   Thumb Code    38  stm32f1xx_hal_msp.o(i.HAL_MspInit)
    HAL_NVIC_EnableIRQ                       0x08002ced   Thumb Code    26  stm32f1xx_hal_cortex.o(i.HAL_NVIC_EnableIRQ)
    HAL_NVIC_SetPriority                     0x08002d09   Thumb Code    60  stm32f1xx_hal_cortex.o(i.HAL_NVIC_SetPriority)
    HAL_NVIC_SetPriorityGrouping             0x08002d49   Thumb Code    26  stm32f1xx_hal_cortex.o(i.HAL_NVIC_SetPriorityGrouping)
    HAL_RCCEx_GetPeriphCLKFreq               0x08002d6d   Thumb Code   166  stm32f1xx_hal_rcc_ex.o(i.HAL_RCCEx_GetPeriphCLKFreq)
    HAL_RCCEx_PeriphCLKConfig                0x08002e25   Thumb Code   224  stm32f1xx_hal_rcc_ex.o(i.HAL_RCCEx_PeriphCLKConfig)
    HAL_RCC_ClockConfig                      0x08002f11   Thumb Code   280  stm32f1xx_hal_rcc.o(i.HAL_RCC_ClockConfig)
    HAL_RCC_GetPCLK1Freq                     0x0800303d   Thumb Code    20  stm32f1xx_hal_rcc.o(i.HAL_RCC_GetPCLK1Freq)
    HAL_RCC_GetPCLK2Freq                     0x0800305d   Thumb Code    20  stm32f1xx_hal_rcc.o(i.HAL_RCC_GetPCLK2Freq)
    HAL_RCC_GetSysClockFreq                  0x0800307d   Thumb Code    58  stm32f1xx_hal_rcc.o(i.HAL_RCC_GetSysClockFreq)
    HAL_RCC_OscConfig                        0x080030c9   Thumb Code   778  stm32f1xx_hal_rcc.o(i.HAL_RCC_OscConfig)
    HAL_SYSTICK_Config                       0x080033e9   Thumb Code    40  stm32f1xx_hal_cortex.o(i.HAL_SYSTICK_Config)
    HAL_TIMEx_BreakCallback                  0x08003411   Thumb Code     2  stm32f1xx_hal_tim_ex.o(i.HAL_TIMEx_BreakCallback)
    HAL_TIMEx_CommutCallback                 0x08003413   Thumb Code     2  stm32f1xx_hal_tim_ex.o(i.HAL_TIMEx_CommutCallback)
    HAL_TIMEx_MasterConfigSynchronization    0x08003415   Thumb Code   104  stm32f1xx_hal_tim_ex.o(i.HAL_TIMEx_MasterConfigSynchronization)
    HAL_TIM_Base_Init                        0x08003491   Thumb Code    90  stm32f1xx_hal_tim.o(i.HAL_TIM_Base_Init)
    HAL_TIM_Base_MspInit                     0x080034ed   Thumb Code    86  tim.o(i.HAL_TIM_Base_MspInit)
    HAL_TIM_Base_Start_IT                    0x08003551   Thumb Code    88  stm32f1xx_hal_tim.o(i.HAL_TIM_Base_Start_IT)
    HAL_TIM_Base_Stop_IT                     0x080035bd   Thumb Code    48  stm32f1xx_hal_tim.o(i.HAL_TIM_Base_Stop_IT)
    HAL_TIM_ConfigClockSource                0x080035ed   Thumb Code   220  stm32f1xx_hal_tim.o(i.HAL_TIM_ConfigClockSource)
    HAL_TIM_IC_CaptureCallback               0x080036c9   Thumb Code     2  stm32f1xx_hal_tim.o(i.HAL_TIM_IC_CaptureCallback)
    HAL_TIM_IRQHandler                       0x080036cb   Thumb Code   358  stm32f1xx_hal_tim.o(i.HAL_TIM_IRQHandler)
    HAL_TIM_OC_DelayElapsedCallback          0x08003831   Thumb Code     2  stm32f1xx_hal_tim.o(i.HAL_TIM_OC_DelayElapsedCallback)
    HAL_TIM_PWM_PulseFinishedCallback        0x08003833   Thumb Code     2  stm32f1xx_hal_tim.o(i.HAL_TIM_PWM_PulseFinishedCallback)
    HAL_TIM_PeriodElapsedCallback            0x08003835   Thumb Code     2  stm32f1xx_hal_tim.o(i.HAL_TIM_PeriodElapsedCallback)
    HAL_TIM_TriggerCallback                  0x08003837   Thumb Code     2  stm32f1xx_hal_tim.o(i.HAL_TIM_TriggerCallback)
    HAL_UARTEx_RxEventCallback               0x08003839   Thumb Code     2  stm32f1xx_hal_uart.o(i.HAL_UARTEx_RxEventCallback)
    HAL_UART_ErrorCallback                   0x0800383b   Thumb Code     2  stm32f1xx_hal_uart.o(i.HAL_UART_ErrorCallback)
    HAL_UART_IRQHandler                      0x0800383d   Thumb Code   616  stm32f1xx_hal_uart.o(i.HAL_UART_IRQHandler)
    HAL_UART_Init                            0x08003aa9   Thumb Code   100  stm32f1xx_hal_uart.o(i.HAL_UART_Init)
    HAL_UART_MspInit                         0x08003b0d   Thumb Code   116  usart.o(i.HAL_UART_MspInit)
    HAL_UART_RxCpltCallback                  0x08003b8d   Thumb Code     2  stm32f1xx_hal_uart.o(i.HAL_UART_RxCpltCallback)
    HAL_UART_Transmit                        0x08003b8f   Thumb Code   154  stm32f1xx_hal_uart.o(i.HAL_UART_Transmit)
    HAL_UART_TxCpltCallback                  0x08003c29   Thumb Code     2  stm32f1xx_hal_uart.o(i.HAL_UART_TxCpltCallback)
    HardFault_Handler                        0x08003c2d   Thumb Code     8  stm32f1xx_it.o(i.HardFault_Handler)
    Key_Init                                 0x08003c4d   Thumb Code    18  key.o(i.Key_Init)
    Key_Reset_Cancel_Handler                 0x08003c71   Thumb Code     8  key.o(i.Key_Reset_Cancel_Handler)
    LCD_Clear                                0x08003c81   Thumb Code    82  tftled.o(i.LCD_Clear)
    LCD_DrawLine                             0x08003ce1   Thumb Code   154  tftled.o(i.LCD_DrawLine)
    LCD_DrawPoint                            0x08003d7d   Thumb Code    18  tftled.o(i.LCD_DrawPoint)
    LCD_DrawRectangle                        0x08003d95   Thumb Code    56  tftled.o(i.LCD_DrawRectangle)
    LCD_Fill                                 0x08003dcd   Thumb Code    80  tftled.o(i.LCD_Fill)
    LCD_GPIOInit                             0x08003e21   Thumb Code   124  tftled.o(i.LCD_GPIOInit)
    LCD_Init                                 0x08003ead   Thumb Code   578  tftled.o(i.LCD_Init)
    LCD_RESET                                0x080040f5   Thumb Code    32  tftled.o(i.LCD_RESET)
    LCD_SetCursor                            0x08004119   Thumb Code     8  tftled.o(i.LCD_SetCursor)
    LCD_SetWindows                           0x08004121   Thumb Code    84  tftled.o(i.LCD_SetWindows)
    LCD_ShowChar                             0x08004179   Thumb Code   244  tftled.o(i.LCD_ShowChar)
    LCD_WR_DATA                              0x0800427d   Thumb Code    28  tftled.o(i.LCD_WR_DATA)
    LCD_WR_REG                               0x080042a1   Thumb Code    28  tftled.o(i.LCD_WR_REG)
    LCD_WriteRAM_Prepare                     0x080042c5   Thumb Code     8  tftled.o(i.LCD_WriteRAM_Prepare)
    LCD_WriteReg                             0x080042d1   Thumb Code    18  tftled.o(i.LCD_WriteReg)
    LCD_direction                            0x080042e5   Thumb Code    70  tftled.o(i.LCD_direction)
    Lcd_WriteData_16Bit                      0x08004331   Thumb Code    38  tftled.o(i.Lcd_WriteData_16Bit)
    MX_ADC1_Init                             0x08004361   Thumb Code    88  adc.o(i.MX_ADC1_Init)
    MX_DAC_Init                              0x080043c1   Thumb Code    52  dac.o(i.MX_DAC_Init)
    MX_DMA_Init                              0x080043fd   Thumb Code    72  dma.o(i.MX_DMA_Init)
    MX_GPIO_Init                             0x08004449   Thumb Code   202  gpio.o(i.MX_GPIO_Init)
    MX_TIM3_Init                             0x08004525   Thumb Code   100  tim.o(i.MX_TIM3_Init)
    MX_TIM4_Init                             0x08004591   Thumb Code   100  tim.o(i.MX_TIM4_Init)
    MX_UART4_Init                            0x080045fd   Thumb Code    48  usart.o(i.MX_UART4_Init)
    Main_Windows_Init                        0x08004635   Thumb Code   216  app.o(i.Main_Windows_Init)
    MemManage_Handler                        0x08004731   Thumb Code     8  stm32f1xx_it.o(i.MemManage_Handler)
    NMI_Handler                              0x08004755   Thumb Code     8  stm32f1xx_it.o(i.NMI_Handler)
    Osci_Screenshot                          0x08004779   Thumb Code    22  app.o(i.Osci_Screenshot)
    PendSV_Handler                           0x08004795   Thumb Code     2  stm32f1xx_it.o(i.PendSV_Handler)
    Pow_Int                                  0x08004797   Thumb Code    20  decode.o(i.Pow_Int)
    Refresh_Select_Wave_Generate_Type_Windows 0x080047ad   Thumb Code   174  app.o(i.Refresh_Select_Wave_Generate_Type_Windows)
    Refresh_Sin_Config_Windows               0x08004865   Thumb Code   188  app.o(i.Refresh_Sin_Config_Windows)
    Refresh_Squre_Config_Windows             0x08004941   Thumb Code   320  app.o(i.Refresh_Squre_Config_Windows)
    Refresh_Triangular_Config_Windows        0x08004aad   Thumb Code   320  app.o(i.Refresh_Triangular_Config_Windows)
    Refresh_Update_Windows                   0x08004c19   Thumb Code   386  decode.o(i.Refresh_Update_Windows)
    SPIv_WriteData                           0x08004dad   Thumb Code    40  tftled.o(i.SPIv_WriteData)
    SVC_Handler                              0x08004dd9   Thumb Code     2  stm32f1xx_it.o(i.SVC_Handler)
    Select_Wave_Generate_Type_Windows        0x08004ddd   Thumb Code   528  app.o(i.Select_Wave_Generate_Type_Windows)
    Set_Sin_Wave_Ok                          0x08005035   Thumb Code    22  app.o(i.Set_Sin_Wave_Ok)
    Set_Squre_Wave_Ok                        0x08005051   Thumb Code    26  app.o(i.Set_Squre_Wave_Ok)
    Set_Triangular_Wave_Ok                   0x08005071   Thumb Code    26  app.o(i.Set_Triangular_Wave_Ok)
    Show_Str                                 0x08005091   Thumb Code   146  tftled.o(i.Show_Str)
    SysTick_Handler                          0x08005129   Thumb Code     4  stm32f1xx_it.o(i.SysTick_Handler)
    SystemClock_Config                       0x0800512d   Thumb Code   122  main.o(i.SystemClock_Config)
    SystemInit                               0x080051a7   Thumb Code     2  system_stm32f1xx.o(i.SystemInit)
    TIM3_IRQHandler                          0x080051a9   Thumb Code     6  stm32f1xx_it.o(i.TIM3_IRQHandler)
    TIM4_IRQHandler                          0x080051b5   Thumb Code     6  stm32f1xx_it.o(i.TIM4_IRQHandler)
    TIM_Base_SetConfig                       0x080051c1   Thumb Code   120  stm32f1xx_hal_tim.o(i.TIM_Base_SetConfig)
    TIM_ETR_SetConfig                        0x0800524d   Thumb Code    20  stm32f1xx_hal_tim.o(i.TIM_ETR_SetConfig)
    UART4_IRQHandler                         0x080052b9   Thumb Code     6  stm32f1xx_it.o(i.UART4_IRQHandler)
    Update_Force_Color                       0x08005515   Thumb Code     6  tftled.o(i.Update_Force_Color)
    Update_Sin_Wave_Config                   0x08005521   Thumb Code    28  app.o(i.Update_Sin_Wave_Config)
    Update_Squre_Duty                        0x08005555   Thumb Code   124  app.o(i.Update_Squre_Duty)
    Update_Squre_Wave_Config                 0x080055e9   Thumb Code    22  app.o(i.Update_Squre_Wave_Config)
    Update_Triangle_Duty                     0x08005619   Thumb Code   124  app.o(i.Update_Triangle_Duty)
    Update_Triangular_Wave_Config            0x080056ad   Thumb Code    28  app.o(i.Update_Triangular_Wave_Config)
    UsageFault_Handler                       0x080056e1   Thumb Code     8  stm32f1xx_it.o(i.UsageFault_Handler)
    Window_Resresh_Handler                   0x08005711   Thumb Code  1206  app.o(i.Window_Resresh_Handler)
    __0printf                                0x08005bc9   Thumb Code    22  printfa.o(i.__0printf)
    __1printf                                0x08005bc9   Thumb Code     0  printfa.o(i.__0printf)
    __2printf                                0x08005bc9   Thumb Code     0  printfa.o(i.__0printf)
    __c89printf                              0x08005bc9   Thumb Code     0  printfa.o(i.__0printf)
    printf                                   0x08005bc9   Thumb Code     0  printfa.o(i.__0printf)
    __0sprintf                               0x08005be9   Thumb Code    34  printfa.o(i.__0sprintf)
    __1sprintf                               0x08005be9   Thumb Code     0  printfa.o(i.__0sprintf)
    __2sprintf                               0x08005be9   Thumb Code     0  printfa.o(i.__0sprintf)
    __c89sprintf                             0x08005be9   Thumb Code     0  printfa.o(i.__0sprintf)
    sprintf                                  0x08005be9   Thumb Code     0  printfa.o(i.__0sprintf)
    __ARM_fpclassify                         0x08005c11   Thumb Code    40  fpclassify.o(i.__ARM_fpclassify)
    __ieee754_rem_pio2                       0x08005c59   Thumb Code   828  rred.o(i.__ieee754_rem_pio2)
    __kernel_cos                             0x08005fe1   Thumb Code   230  cos_i.o(i.__kernel_cos)
    __kernel_poly                            0x080060dd   Thumb Code   170  poly.o(i.__kernel_poly)
    __kernel_sin                             0x08006189   Thumb Code   224  sin_i.o(i.__kernel_sin)
    __mathlib_dbl_infnan                     0x08006275   Thumb Code     6  dunder.o(i.__mathlib_dbl_infnan)
    __mathlib_dbl_invalid                    0x0800627b   Thumb Code    12  dunder.o(i.__mathlib_dbl_invalid)
    __mathlib_dbl_underflow                  0x08006289   Thumb Code    10  dunder.o(i.__mathlib_dbl_underflow)
    __scatterload_copy                       0x08006299   Thumb Code    14  handlers.o(i.__scatterload_copy)
    __scatterload_null                       0x080062a7   Thumb Code     2  handlers.o(i.__scatterload_null)
    __scatterload_zeroinit                   0x080062a9   Thumb Code    14  handlers.o(i.__scatterload_zeroinit)
    __set_errno                              0x080062b9   Thumb Code     6  errno.o(i.__set_errno)
    cos                                      0x08006b81   Thumb Code   148  cos.o(i.cos)
    fputc                                    0x08006c1d   Thumb Code    20  usart.o(i.fputc)
    main                                     0x08006c35   Thumb Code    64  main.o(i.main)
    sin                                      0x08006c79   Thumb Code   150  sin.o(i.sin)
    sqrt                                     0x08006d19   Thumb Code    76  sqrt.o(i.sqrt)
    AHBPrescTable                            0x08006d88   Data          16  system_stm32f1xx.o(.constdata)
    APBPrescTable                            0x08006d98   Data           8  system_stm32f1xx.o(.constdata)
    asc2_1206                                0x08006da0   Data        1140  font.o(.constdata)
    asc2_1608                                0x08007214   Data        1520  font.o(.constdata)
    Region$$Table$$Base                      0x08007928   Number         0  anon$$obj.o(Region$$Table)
    Region$$Table$$Limit                     0x08007948   Number         0  anon$$obj.o(Region$$Table)
    EX_TI_Flags                              0x20000000   Data           3  stm32f1xx_it.o(.data)
    uwTickFreq                               0x20000004   Data           1  stm32f1xx_hal.o(.data)
    uwTickPrio                               0x20000008   Data           4  stm32f1xx_hal.o(.data)
    uwTick                                   0x2000000c   Data           4  stm32f1xx_hal.o(.data)
    SystemCoreClock                          0x20000010   Data           4  system_stm32f1xx.o(.data)
    POINT_COLOR                              0x20000014   Data           2  tftled.o(.data)
    BACK_COLOR                               0x20000016   Data           2  tftled.o(.data)
    Option_Select                            0x20000018   Data           1  app.o(.data)
    Decodee_handle                           0x20000060   Data           8  decode.o(.data)
    Key_handler                              0x20000068   Data           8  key.o(.data)
    __stdout                                 0x200000b4   Data           4  stdout.o(.data)
    hadc1                                    0x200000bc   Data          48  adc.o(.bss)
    hdma_adc1                                0x200000ec   Data          68  adc.o(.bss)
    hdac                                     0x20000130   Data          20  dac.o(.bss)
    hdma_dac_ch1                             0x20000144   Data          68  dac.o(.bss)
    htim3                                    0x20000188   Data          72  tim.o(.bss)
    htim4                                    0x200001d0   Data          72  tim.o(.bss)
    huart4                                   0x20000218   Data          72  usart.o(.bss)
    lcddev                                   0x20000260   Data          14  tftled.o(.bss)
    APP                                      0x2000027c   Data        5720  app.o(.bss)
    Update_Windows                           0x200018d4   Data          20  decode.o(.bss)
    DAC_Handler                              0x200018e8   Data         104  dac_task.o(.bss)
    __initial_sp                             0x20001d50   Data           0  startup_stm32f103xe.o(STACK)



==============================================================================

Memory Map of the image

  Image Entry point : 0x08000131

  Load Region LR_IROM1 (Base: 0x08000000, Size: 0x00007a04, Max: 0x00040000, ABSOLUTE)

    Execution Region ER_IROM1 (Exec base: 0x08000000, Load base: 0x08000000, Size: 0x00007948, Max: 0x00040000, ABSOLUTE)

    Exec Addr    Load Addr    Size         Type   Attr      Idx    E Section Name        Object

    0x08000000   0x08000000   0x00000130   Data   RO            3    RESET               startup_stm32f103xe.o
    0x08000130   0x08000130   0x00000000   Code   RO        10180  * .ARM.Collect$$$$00000000  mc_w.l(entry.o)
    0x08000130   0x08000130   0x00000004   Code   RO        10557    .ARM.Collect$$$$00000001  mc_w.l(entry2.o)
    0x08000134   0x08000134   0x00000004   Code   RO        10560    .ARM.Collect$$$$00000004  mc_w.l(entry5.o)
    0x08000138   0x08000138   0x00000000   Code   RO        10562    .ARM.Collect$$$$00000008  mc_w.l(entry7b.o)
    0x08000138   0x08000138   0x00000000   Code   RO        10564    .ARM.Collect$$$$0000000A  mc_w.l(entry8b.o)
    0x08000138   0x08000138   0x00000008   Code   RO        10565    .ARM.Collect$$$$0000000B  mc_w.l(entry9a.o)
    0x08000140   0x08000140   0x00000000   Code   RO        10567    .ARM.Collect$$$$0000000D  mc_w.l(entry10a.o)
    0x08000140   0x08000140   0x00000000   Code   RO        10569    .ARM.Collect$$$$0000000F  mc_w.l(entry11a.o)
    0x08000140   0x08000140   0x00000004   Code   RO        10558    .ARM.Collect$$$$00002712  mc_w.l(entry2.o)
    0x08000144   0x08000144   0x00000024   Code   RO            4    .text               startup_stm32f103xe.o
    0x08000168   0x08000168   0x00000062   Code   RO        10183    .text               mc_w.l(uldiv.o)
    0x080001ca   0x080001ca   0x0000001e   Code   RO        10187    .text               mc_w.l(llshl.o)
    0x080001e8   0x080001e8   0x00000020   Code   RO        10189    .text               mc_w.l(llushr.o)
    0x08000208   0x08000208   0x00000024   Code   RO        10191    .text               mc_w.l(llsshr.o)
    0x0800022c   0x0800022c   0x00000024   Code   RO        10195    .text               mc_w.l(memseta.o)
    0x08000250   0x08000250   0x000000b0   Code   RO        10462    .text               mf_w.l(fadd.o)
    0x08000300   0x08000300   0x00000064   Code   RO        10464    .text               mf_w.l(fmul.o)
    0x08000364   0x08000364   0x0000007c   Code   RO        10466    .text               mf_w.l(fdiv.o)
    0x080003e0   0x080003e0   0x0000014e   Code   RO        10470    .text               mf_w.l(dadd.o)
    0x0800052e   0x0800052e   0x000000e4   Code   RO        10472    .text               mf_w.l(dmul.o)
    0x08000612   0x08000612   0x000000de   Code   RO        10474    .text               mf_w.l(ddiv.o)
    0x080006f0   0x080006f0   0x0000002e   Code   RO        10476    .text               mf_w.l(dscalb.o)
    0x0800071e   0x0800071e   0x00000012   Code   RO        10478    .text               mf_w.l(fflti.o)
    0x08000730   0x08000730   0x0000000a   Code   RO        10480    .text               mf_w.l(ffltui.o)
    0x0800073a   0x0800073a   0x00000022   Code   RO        10482    .text               mf_w.l(dflti.o)
    0x0800075c   0x0800075c   0x0000001a   Code   RO        10484    .text               mf_w.l(dfltui.o)
    0x08000776   0x08000776   0x00000028   Code   RO        10488    .text               mf_w.l(ffixui.o)
    0x0800079e   0x0800079e   0x0000003e   Code   RO        10492    .text               mf_w.l(dfixi.o)
    0x080007dc   0x080007dc   0x00000032   Code   RO        10494    .text               mf_w.l(dfixui.o)
    0x0800080e   0x0800080e   0x00000026   Code   RO        10496    .text               mf_w.l(f2d.o)
    0x08000834   0x08000834   0x00000030   Code   RO        10500    .text               mf_w.l(cdrcmple.o)
    0x08000864   0x08000864   0x00000038   Code   RO        10502    .text               mf_w.l(d2f.o)
    0x0800089c   0x0800089c   0x0000002c   Code   RO        10572    .text               mc_w.l(uidiv.o)
    0x080008c8   0x080008c8   0x00000000   Code   RO        10581    .text               mc_w.l(iusefp.o)
    0x080008c8   0x080008c8   0x0000006e   Code   RO        10582    .text               mf_w.l(fepilogue.o)
    0x08000936   0x08000936   0x000000ba   Code   RO        10588    .text               mf_w.l(depilogue.o)
    0x080009f0   0x080009f0   0x000000a2   Code   RO        10590    .text               mf_w.l(dsqrt.o)
    0x08000a92   0x08000a92   0x00000030   Code   RO        10592    .text               mf_w.l(dfixul.o)
    0x08000ac2   0x08000ac2   0x00000002   PAD
    0x08000ac4   0x08000ac4   0x00000024   Code   RO        10598    .text               mc_w.l(init.o)
    0x08000ae8   0x08000ae8   0x0000000c   Code   RO          555    i.ADC1_2_IRQHandler  stm32f1xx_it.o
    0x08000af4   0x08000af4   0x00000056   Code   RO          770    i.ADC_ConversionStop_Disable  stm32f1xx_hal_adc.o
    0x08000b4a   0x08000b4a   0x0000004e   Code   RO          771    i.ADC_DMAConvCplt   stm32f1xx_hal_adc.o
    0x08000b98   0x08000b98   0x0000001a   Code   RO          772    i.ADC_DMAError      stm32f1xx_hal_adc.o
    0x08000bb2   0x08000bb2   0x0000000a   Code   RO          773    i.ADC_DMAHalfConvCplt  stm32f1xx_hal_adc.o
    0x08000bbc   0x08000bbc   0x00000010   Code   RO         3945    i.ADC_DMA_Completed_CallBack  app.o
    0x08000bcc   0x08000bcc   0x0000007c   Code   RO          774    i.ADC_Enable        stm32f1xx_hal_adc.o
    0x08000c48   0x08000c48   0x000000c8   Code   RO         3946    i.ADC_Frequency_Update  app.o
    0x08000d10   0x08000d10   0x0000008c   Code   RO         3947    i.APP_Init          app.o
    0x08000d9c   0x08000d9c   0x00000080   Code   RO         3948    i.APP_Start_ADC     app.o
    0x08000e1c   0x08000e1c   0x00000024   Code   RO         3949    i.APP_Stop_ADC      app.o
    0x08000e40   0x08000e40   0x00000020   Code   RO         4294    i.BUtton_Cancel_Pressed_Handler  key.o
    0x08000e60   0x08000e60   0x0000001c   Code   RO         4295    i.BUtton_OK_Pressed_Handler  key.o
    0x08000e7c   0x08000e7c   0x00000020   Code   RO          556    i.BusFault_Handler  stm32f1xx_it.o
    0x08000e9c   0x08000e9c   0x00000044   Code   RO         3950    i.Change_Channels   app.o
    0x08000ee0   0x08000ee0   0x00000020   Code   RO         3951    i.Change_Generate_Wave_Generate_Type  app.o
    0x08000f00   0x08000f00   0x00000020   Code   RO         3952    i.Change_Option     app.o
    0x08000f20   0x08000f20   0x00000024   Code   RO         3953    i.Close_Select_Wave_Generate_Type_Windows  app.o
    0x08000f44   0x08000f44   0x00000004   Code   RO         3954    i.Close_Update_Sin_Wave_Config  app.o
    0x08000f48   0x08000f48   0x00000004   Code   RO         3955    i.Close_Update_Squre_Wave_Config  app.o
    0x08000f4c   0x08000f4c   0x00000004   Code   RO         3956    i.Close_Update_Triangular_Wave_Config  app.o
    0x08000f50   0x08000f50   0x000000dc   Code   RO         3957    i.Config_Sin_Wave_Window_Init  app.o
    0x0800102c   0x0800102c   0x000000e8   Code   RO         3958    i.Config_Squre_Wave_Window_Init  app.o
    0x08001114   0x08001114   0x000000ec   Code   RO         3959    i.Config_Triangular_Wave_Window_Init  app.o
    0x08001200   0x08001200   0x00000010   Code   RO         2023    i.DAC_DMAConvCpltCh1  stm32f1xx_hal_dac.o
    0x08001210   0x08001210   0x00000010   Code   RO         2167    i.DAC_DMAConvCpltCh2  stm32f1xx_hal_dac_ex.o
    0x08001220   0x08001220   0x00000018   Code   RO         2024    i.DAC_DMAErrorCh1   stm32f1xx_hal_dac.o
    0x08001238   0x08001238   0x00000018   Code   RO         2168    i.DAC_DMAErrorCh2   stm32f1xx_hal_dac_ex.o
    0x08001250   0x08001250   0x0000000a   Code   RO         2025    i.DAC_DMAHalfConvCpltCh1  stm32f1xx_hal_dac.o
    0x0800125a   0x0800125a   0x0000000a   Code   RO         2169    i.DAC_DMAHalfConvCpltCh2  stm32f1xx_hal_dac_ex.o
    0x08001264   0x08001264   0x000000e8   Code   RO         3960    i.DAC_Generate_Sin  app.o
    0x0800134c   0x0800134c   0x000000c0   Code   RO         3961    i.DAC_Generate_Squre  app.o
    0x0800140c   0x0800140c   0x00000134   Code   RO         3962    i.DAC_Generate_Triangular  app.o
    0x08001540   0x08001540   0x00000010   Code   RO         4352    i.DAC_Init          dac_task.o
    0x08001550   0x08001550   0x0000000c   Code   RO          557    i.DMA1_Channel1_IRQHandler  stm32f1xx_it.o
    0x0800155c   0x0800155c   0x0000000c   Code   RO          558    i.DMA2_Channel3_IRQHandler  stm32f1xx_it.o
    0x08001568   0x08001568   0x0000002a   Code   RO         1426    i.DMA_SetConfig     stm32f1xx_hal_dma.o
    0x08001592   0x08001592   0x00000002   PAD
    0x08001594   0x08001594   0x0000000c   Code   RO         3963    i.DeCoder_TIM_Callback  app.o
    0x080015a0   0x080015a0   0x00000002   Code   RO         4217    i.DeFault_Methode_Reset_CB  decode.o
    0x080015a2   0x080015a2   0x00000002   Code   RO          559    i.DebugMon_Handler  stm32f1xx_it.o
    0x080015a4   0x080015a4   0x00000098   Code   RO         4218    i.DecodeA_Callback  decode.o
    0x0800163c   0x0800163c   0x00000038   Code   RO         4219    i.DecodeC_Callback  decode.o
    0x08001674   0x08001674   0x00000014   Code   RO         4220    i.Decode_Init       decode.o
    0x08001688   0x08001688   0x000000c4   Code   RO         4221    i.DrawUpdateDataWindows  decode.o
    0x0800174c   0x0800174c   0x00000058   Code   RO         4386    i.EE                fft.o
    0x080017a4   0x080017a4   0x00000024   Code   RO          560    i.EXTI0_IRQHandler  stm32f1xx_it.o
    0x080017c8   0x080017c8   0x00000038   Code   RO          561    i.EXTI2_IRQHandler  stm32f1xx_it.o
    0x08001800   0x08001800   0x00000038   Code   RO          562    i.EXTI3_IRQHandler  stm32f1xx_it.o
    0x08001838   0x08001838   0x00000038   Code   RO          563    i.EXTI4_IRQHandler  stm32f1xx_it.o
    0x08001870   0x08001870   0x0000004c   Code   RO          564    i.EX_TI_Handler     stm32f1xx_it.o
    0x080018bc   0x080018bc   0x0000001c   Code   RO          565    i.EX_TI_Init        stm32f1xx_it.o
    0x080018d8   0x080018d8   0x00000004   Code   RO           13    i.Error_Handler     main.o
    0x080018dc   0x080018dc   0x000001ec   Code   RO         4387    i.FFT               fft.o
    0x08001ac8   0x08001ac8   0x000001c8   Code   RO         3964    i.FFTTTask          app.o
    0x08001c90   0x08001c90   0x000000d8   Code   RO          950    i.HAL_ADCEx_Calibration_Start  stm32f1xx_hal_adc_ex.o
    0x08001d68   0x08001d68   0x00000002   Code   RO          952    i.HAL_ADCEx_InjectedConvCpltCallback  stm32f1xx_hal_adc_ex.o
    0x08001d6a   0x08001d6a   0x00000002   PAD
    0x08001d6c   0x08001d6c   0x000000fc   Code   RO          776    i.HAL_ADC_ConfigChannel  stm32f1xx_hal_adc.o
    0x08001e68   0x08001e68   0x0000000c   Code   RO          332    i.HAL_ADC_ConvCpltCallback  adc.o
    0x08001e74   0x08001e74   0x00000002   Code   RO          778    i.HAL_ADC_ConvHalfCpltCallback  stm32f1xx_hal_adc.o
    0x08001e76   0x08001e76   0x00000002   Code   RO          780    i.HAL_ADC_ErrorCallback  stm32f1xx_hal_adc.o
    0x08001e78   0x08001e78   0x000000dc   Code   RO          784    i.HAL_ADC_IRQHandler  stm32f1xx_hal_adc.o
    0x08001f54   0x08001f54   0x00000120   Code   RO          785    i.HAL_ADC_Init      stm32f1xx_hal_adc.o
    0x08002074   0x08002074   0x00000002   Code   RO          786    i.HAL_ADC_LevelOutOfWindowCallback  stm32f1xx_hal_adc.o
    0x08002076   0x08002076   0x00000002   PAD
    0x08002078   0x08002078   0x0000009c   Code   RO          334    i.HAL_ADC_MspInit   adc.o
    0x08002114   0x08002114   0x000000c0   Code   RO          791    i.HAL_ADC_Start     stm32f1xx_hal_adc.o
    0x080021d4   0x080021d4   0x0000010c   Code   RO          792    i.HAL_ADC_Start_DMA  stm32f1xx_hal_adc.o
    0x080022e0   0x080022e0   0x00000034   Code   RO          794    i.HAL_ADC_Stop      stm32f1xx_hal_adc.o
    0x08002314   0x08002314   0x00000056   Code   RO          795    i.HAL_ADC_Stop_DMA  stm32f1xx_hal_adc.o
    0x0800236a   0x0800236a   0x00000002   Code   RO         2170    i.HAL_DACEx_ConvCpltCallbackCh2  stm32f1xx_hal_dac_ex.o
    0x0800236c   0x0800236c   0x00000002   Code   RO         2171    i.HAL_DACEx_ConvHalfCpltCallbackCh2  stm32f1xx_hal_dac_ex.o
    0x0800236e   0x0800236e   0x00000002   Code   RO         2177    i.HAL_DACEx_ErrorCallbackCh2  stm32f1xx_hal_dac_ex.o
    0x08002370   0x08002370   0x0000004e   Code   RO         2026    i.HAL_DAC_ConfigChannel  stm32f1xx_hal_dac.o
    0x080023be   0x080023be   0x00000002   Code   RO          384    i.HAL_DAC_ConvCpltCallbackCh1  dac.o
    0x080023c0   0x080023c0   0x00000002   Code   RO         2028    i.HAL_DAC_ConvHalfCpltCallbackCh1  stm32f1xx_hal_dac.o
    0x080023c2   0x080023c2   0x00000002   Code   RO         2031    i.HAL_DAC_ErrorCallbackCh1  stm32f1xx_hal_dac.o
    0x080023c4   0x080023c4   0x00000028   Code   RO         2036    i.HAL_DAC_Init      stm32f1xx_hal_dac.o
    0x080023ec   0x080023ec   0x00000090   Code   RO          386    i.HAL_DAC_MspInit   dac.o
    0x0800247c   0x0800247c   0x000000cc   Code   RO         2041    i.HAL_DAC_Start_DMA  stm32f1xx_hal_dac.o
    0x08002548   0x08002548   0x00000046   Code   RO         1427    i.HAL_DMA_Abort     stm32f1xx_hal_dma.o
    0x0800258e   0x0800258e   0x00000002   PAD
    0x08002590   0x08002590   0x00000130   Code   RO         1428    i.HAL_DMA_Abort_IT  stm32f1xx_hal_dma.o
    0x080026c0   0x080026c0   0x00000248   Code   RO         1432    i.HAL_DMA_IRQHandler  stm32f1xx_hal_dma.o
    0x08002908   0x08002908   0x0000007c   Code   RO         1433    i.HAL_DMA_Init      stm32f1xx_hal_dma.o
    0x08002984   0x08002984   0x00000070   Code   RO         1437    i.HAL_DMA_Start_IT  stm32f1xx_hal_dma.o
    0x080029f4   0x080029f4   0x00000024   Code   RO         1053    i.HAL_Delay         stm32f1xx_hal.o
    0x08002a18   0x08002a18   0x00000002   Code   RO         1361    i.HAL_GPIO_EXTI_Callback  stm32f1xx_hal_gpio.o
    0x08002a1a   0x08002a1a   0x00000002   PAD
    0x08002a1c   0x08002a1c   0x00000018   Code   RO         1362    i.HAL_GPIO_EXTI_IRQHandler  stm32f1xx_hal_gpio.o
    0x08002a34   0x08002a34   0x000001f8   Code   RO         1363    i.HAL_GPIO_Init     stm32f1xx_hal_gpio.o
    0x08002c2c   0x08002c2c   0x0000000a   Code   RO         1365    i.HAL_GPIO_ReadPin  stm32f1xx_hal_gpio.o
    0x08002c36   0x08002c36   0x0000000a   Code   RO         1367    i.HAL_GPIO_WritePin  stm32f1xx_hal_gpio.o
    0x08002c40   0x08002c40   0x0000000c   Code   RO         1057    i.HAL_GetTick       stm32f1xx_hal.o
    0x08002c4c   0x08002c4c   0x00000010   Code   RO         1063    i.HAL_IncTick       stm32f1xx_hal.o
    0x08002c5c   0x08002c5c   0x00000024   Code   RO         1064    i.HAL_Init          stm32f1xx_hal.o
    0x08002c80   0x08002c80   0x00000040   Code   RO         1065    i.HAL_InitTick      stm32f1xx_hal.o
    0x08002cc0   0x08002cc0   0x0000002c   Code   RO          710    i.HAL_MspInit       stm32f1xx_hal_msp.o
    0x08002cec   0x08002cec   0x0000001a   Code   RO         1523    i.HAL_NVIC_EnableIRQ  stm32f1xx_hal_cortex.o
    0x08002d06   0x08002d06   0x00000002   PAD
    0x08002d08   0x08002d08   0x00000040   Code   RO         1529    i.HAL_NVIC_SetPriority  stm32f1xx_hal_cortex.o
    0x08002d48   0x08002d48   0x00000024   Code   RO         1530    i.HAL_NVIC_SetPriorityGrouping  stm32f1xx_hal_cortex.o
    0x08002d6c   0x08002d6c   0x000000b8   Code   RO         1324    i.HAL_RCCEx_GetPeriphCLKFreq  stm32f1xx_hal_rcc_ex.o
    0x08002e24   0x08002e24   0x000000ec   Code   RO         1325    i.HAL_RCCEx_PeriphCLKConfig  stm32f1xx_hal_rcc_ex.o
    0x08002f10   0x08002f10   0x0000012c   Code   RO         1221    i.HAL_RCC_ClockConfig  stm32f1xx_hal_rcc.o
    0x0800303c   0x0800303c   0x00000020   Code   RO         1228    i.HAL_RCC_GetPCLK1Freq  stm32f1xx_hal_rcc.o
    0x0800305c   0x0800305c   0x00000020   Code   RO         1229    i.HAL_RCC_GetPCLK2Freq  stm32f1xx_hal_rcc.o
    0x0800307c   0x0800307c   0x0000004c   Code   RO         1230    i.HAL_RCC_GetSysClockFreq  stm32f1xx_hal_rcc.o
    0x080030c8   0x080030c8   0x00000320   Code   RO         1233    i.HAL_RCC_OscConfig  stm32f1xx_hal_rcc.o
    0x080033e8   0x080033e8   0x00000028   Code   RO         1534    i.HAL_SYSTICK_Config  stm32f1xx_hal_cortex.o
    0x08003410   0x08003410   0x00000002   Code   RO         2969    i.HAL_TIMEx_BreakCallback  stm32f1xx_hal_tim_ex.o
    0x08003412   0x08003412   0x00000002   Code   RO         2970    i.HAL_TIMEx_CommutCallback  stm32f1xx_hal_tim_ex.o
    0x08003414   0x08003414   0x0000007c   Code   RO         2988    i.HAL_TIMEx_MasterConfigSynchronization  stm32f1xx_hal_tim_ex.o
    0x08003490   0x08003490   0x0000005a   Code   RO         2265    i.HAL_TIM_Base_Init  stm32f1xx_hal_tim.o
    0x080034ea   0x080034ea   0x00000002   PAD
    0x080034ec   0x080034ec   0x00000064   Code   RO          460    i.HAL_TIM_Base_MspInit  tim.o
    0x08003550   0x08003550   0x0000006c   Code   RO         2270    i.HAL_TIM_Base_Start_IT  stm32f1xx_hal_tim.o
    0x080035bc   0x080035bc   0x00000030   Code   RO         2273    i.HAL_TIM_Base_Stop_IT  stm32f1xx_hal_tim.o
    0x080035ec   0x080035ec   0x000000dc   Code   RO         2274    i.HAL_TIM_ConfigClockSource  stm32f1xx_hal_tim.o
    0x080036c8   0x080036c8   0x00000002   Code   RO         2299    i.HAL_TIM_IC_CaptureCallback  stm32f1xx_hal_tim.o
    0x080036ca   0x080036ca   0x00000166   Code   RO         2313    i.HAL_TIM_IRQHandler  stm32f1xx_hal_tim.o
    0x08003830   0x08003830   0x00000002   Code   RO         2316    i.HAL_TIM_OC_DelayElapsedCallback  stm32f1xx_hal_tim.o
    0x08003832   0x08003832   0x00000002   Code   RO         2343    i.HAL_TIM_PWM_PulseFinishedCallback  stm32f1xx_hal_tim.o
    0x08003834   0x08003834   0x00000002   Code   RO         2351    i.HAL_TIM_PeriodElapsedCallback  stm32f1xx_hal_tim.o
    0x08003836   0x08003836   0x00000002   Code   RO         2356    i.HAL_TIM_TriggerCallback  stm32f1xx_hal_tim.o
    0x08003838   0x08003838   0x00000002   Code   RO         3248    i.HAL_UARTEx_RxEventCallback  stm32f1xx_hal_uart.o
    0x0800383a   0x0800383a   0x00000002   Code   RO         3262    i.HAL_UART_ErrorCallback  stm32f1xx_hal_uart.o
    0x0800383c   0x0800383c   0x0000026c   Code   RO         3265    i.HAL_UART_IRQHandler  stm32f1xx_hal_uart.o
    0x08003aa8   0x08003aa8   0x00000064   Code   RO         3266    i.HAL_UART_Init     stm32f1xx_hal_uart.o
    0x08003b0c   0x08003b0c   0x00000080   Code   RO          508    i.HAL_UART_MspInit  usart.o
    0x08003b8c   0x08003b8c   0x00000002   Code   RO         3272    i.HAL_UART_RxCpltCallback  stm32f1xx_hal_uart.o
    0x08003b8e   0x08003b8e   0x0000009a   Code   RO         3274    i.HAL_UART_Transmit  stm32f1xx_hal_uart.o
    0x08003c28   0x08003c28   0x00000002   Code   RO         3277    i.HAL_UART_TxCpltCallback  stm32f1xx_hal_uart.o
    0x08003c2a   0x08003c2a   0x00000002   PAD
    0x08003c2c   0x08003c2c   0x00000020   Code   RO          566    i.HardFault_Handler  stm32f1xx_it.o
    0x08003c4c   0x08003c4c   0x00000024   Code   RO         4296    i.Key_Init          key.o
    0x08003c70   0x08003c70   0x00000010   Code   RO         4297    i.Key_Reset_Cancel_Handler  key.o
    0x08003c80   0x08003c80   0x00000060   Code   RO         3738    i.LCD_Clear         tftled.o
    0x08003ce0   0x08003ce0   0x0000009a   Code   RO         3740    i.LCD_DrawLine      tftled.o
    0x08003d7a   0x08003d7a   0x00000002   PAD
    0x08003d7c   0x08003d7c   0x00000018   Code   RO         3741    i.LCD_DrawPoint     tftled.o
    0x08003d94   0x08003d94   0x00000038   Code   RO         3742    i.LCD_DrawRectangle  tftled.o
    0x08003dcc   0x08003dcc   0x00000054   Code   RO         3743    i.LCD_Fill          tftled.o
    0x08003e20   0x08003e20   0x0000008c   Code   RO         3744    i.LCD_GPIOInit      tftled.o
    0x08003eac   0x08003eac   0x00000248   Code   RO         3745    i.LCD_Init          tftled.o
    0x080040f4   0x080040f4   0x00000024   Code   RO         3746    i.LCD_RESET         tftled.o
    0x08004118   0x08004118   0x00000008   Code   RO         3747    i.LCD_SetCursor     tftled.o
    0x08004120   0x08004120   0x00000058   Code   RO         3748    i.LCD_SetWindows    tftled.o
    0x08004178   0x08004178   0x00000104   Code   RO         3749    i.LCD_ShowChar      tftled.o
    0x0800427c   0x0800427c   0x00000024   Code   RO         3752    i.LCD_WR_DATA       tftled.o
    0x080042a0   0x080042a0   0x00000024   Code   RO         3753    i.LCD_WR_REG        tftled.o
    0x080042c4   0x080042c4   0x0000000c   Code   RO         3754    i.LCD_WriteRAM_Prepare  tftled.o
    0x080042d0   0x080042d0   0x00000012   Code   RO         3755    i.LCD_WriteReg      tftled.o
    0x080042e2   0x080042e2   0x00000002   PAD
    0x080042e4   0x080042e4   0x0000004c   Code   RO         3756    i.LCD_direction     tftled.o
    0x08004330   0x08004330   0x00000030   Code   RO         3757    i.Lcd_WriteData_16Bit  tftled.o
    0x08004360   0x08004360   0x00000060   Code   RO          335    i.MX_ADC1_Init      adc.o
    0x080043c0   0x080043c0   0x0000003c   Code   RO          387    i.MX_DAC_Init       dac.o
    0x080043fc   0x080043fc   0x0000004c   Code   RO          432    i.MX_DMA_Init       dma.o
    0x08004448   0x08004448   0x000000dc   Code   RO          212    i.MX_GPIO_Init      gpio.o
    0x08004524   0x08004524   0x0000006c   Code   RO          461    i.MX_TIM3_Init      tim.o
    0x08004590   0x08004590   0x0000006c   Code   RO          462    i.MX_TIM4_Init      tim.o
    0x080045fc   0x080045fc   0x00000038   Code   RO          509    i.MX_UART4_Init     usart.o
    0x08004634   0x08004634   0x000000fc   Code   RO         3965    i.Main_Windows_Init  app.o
    0x08004730   0x08004730   0x00000024   Code   RO          567    i.MemManage_Handler  stm32f1xx_it.o
    0x08004754   0x08004754   0x00000024   Code   RO          568    i.NMI_Handler       stm32f1xx_it.o
    0x08004778   0x08004778   0x0000001c   Code   RO         3966    i.Osci_Screenshot   app.o
    0x08004794   0x08004794   0x00000002   Code   RO          569    i.PendSV_Handler    stm32f1xx_it.o
    0x08004796   0x08004796   0x00000014   Code   RO         4222    i.Pow_Int           decode.o
    0x080047aa   0x080047aa   0x00000002   PAD
    0x080047ac   0x080047ac   0x000000b8   Code   RO         3967    i.Refresh_Select_Wave_Generate_Type_Windows  app.o
    0x08004864   0x08004864   0x000000dc   Code   RO         3968    i.Refresh_Sin_Config_Windows  app.o
    0x08004940   0x08004940   0x0000016c   Code   RO         3969    i.Refresh_Squre_Config_Windows  app.o
    0x08004aac   0x08004aac   0x0000016c   Code   RO         3970    i.Refresh_Triangular_Config_Windows  app.o
    0x08004c18   0x08004c18   0x00000194   Code   RO         4223    i.Refresh_Update_Windows  decode.o
    0x08004dac   0x08004dac   0x0000002c   Code   RO         3758    i.SPIv_WriteData    tftled.o
    0x08004dd8   0x08004dd8   0x00000002   Code   RO          570    i.SVC_Handler       stm32f1xx_it.o
    0x08004dda   0x08004dda   0x00000002   PAD
    0x08004ddc   0x08004ddc   0x00000258   Code   RO         3972    i.Select_Wave_Generate_Type_Windows  app.o
    0x08005034   0x08005034   0x0000001c   Code   RO         3973    i.Set_Sin_Wave_Ok   app.o
    0x08005050   0x08005050   0x00000020   Code   RO         3974    i.Set_Squre_Wave_Ok  app.o
    0x08005070   0x08005070   0x00000020   Code   RO         3975    i.Set_Triangular_Wave_Ok  app.o
    0x08005090   0x08005090   0x00000098   Code   RO         3759    i.Show_Str          tftled.o
    0x08005128   0x08005128   0x00000004   Code   RO          571    i.SysTick_Handler   stm32f1xx_it.o
    0x0800512c   0x0800512c   0x0000007a   Code   RO           14    i.SystemClock_Config  main.o
    0x080051a6   0x080051a6   0x00000002   Code   RO         3600    i.SystemInit        system_stm32f1xx.o
    0x080051a8   0x080051a8   0x0000000c   Code   RO          572    i.TIM3_IRQHandler   stm32f1xx_it.o
    0x080051b4   0x080051b4   0x0000000c   Code   RO          573    i.TIM4_IRQHandler   stm32f1xx_it.o
    0x080051c0   0x080051c0   0x0000008c   Code   RO         2358    i.TIM_Base_SetConfig  stm32f1xx_hal_tim.o
    0x0800524c   0x0800524c   0x00000014   Code   RO         2369    i.TIM_ETR_SetConfig  stm32f1xx_hal_tim.o
    0x08005260   0x08005260   0x00000010   Code   RO         2370    i.TIM_ITRx_SetConfig  stm32f1xx_hal_tim.o
    0x08005270   0x08005270   0x00000022   Code   RO         2376    i.TIM_TI1_ConfigInputStage  stm32f1xx_hal_tim.o
    0x08005292   0x08005292   0x00000024   Code   RO         2378    i.TIM_TI2_ConfigInputStage  stm32f1xx_hal_tim.o
    0x080052b6   0x080052b6   0x00000002   PAD
    0x080052b8   0x080052b8   0x0000000c   Code   RO          574    i.UART4_IRQHandler  stm32f1xx_it.o
    0x080052c4   0x080052c4   0x00000010   Code   RO         3279    i.UART_DMAAbortOnError  stm32f1xx_hal_uart.o
    0x080052d4   0x080052d4   0x0000004e   Code   RO         3289    i.UART_EndRxTransfer  stm32f1xx_hal_uart.o
    0x08005322   0x08005322   0x000000c2   Code   RO         3291    i.UART_Receive_IT   stm32f1xx_hal_uart.o
    0x080053e4   0x080053e4   0x000000b8   Code   RO         3292    i.UART_SetConfig    stm32f1xx_hal_uart.o
    0x0800549c   0x0800549c   0x00000078   Code   RO         3295    i.UART_WaitOnFlagUntilTimeout  stm32f1xx_hal_uart.o
    0x08005514   0x08005514   0x0000000c   Code   RO         3761    i.Update_Force_Color  tftled.o
    0x08005520   0x08005520   0x00000034   Code   RO         3977    i.Update_Sin_Wave_Config  app.o
    0x08005554   0x08005554   0x00000094   Code   RO         3978    i.Update_Squre_Duty  app.o
    0x080055e8   0x080055e8   0x00000030   Code   RO         3979    i.Update_Squre_Wave_Config  app.o
    0x08005618   0x08005618   0x00000094   Code   RO         3980    i.Update_Triangle_Duty  app.o
    0x080056ac   0x080056ac   0x00000034   Code   RO         3981    i.Update_Triangular_Wave_Config  app.o
    0x080056e0   0x080056e0   0x00000030   Code   RO          575    i.UsageFault_Handler  stm32f1xx_it.o
    0x08005710   0x08005710   0x000004b6   Code   RO         3982    i.Window_Resresh_Handler  app.o
    0x08005bc6   0x08005bc6   0x00000002   PAD
    0x08005bc8   0x08005bc8   0x00000020   Code   RO        10434    i.__0printf         mc_w.l(printfa.o)
    0x08005be8   0x08005be8   0x00000028   Code   RO        10436    i.__0sprintf        mc_w.l(printfa.o)
    0x08005c10   0x08005c10   0x00000028   Code   RO        10525    i.__ARM_fpclassify  m_ws.l(fpclassify.o)
    0x08005c38   0x08005c38   0x00000020   Code   RO         1536    i.__NVIC_SetPriority  stm32f1xx_hal_cortex.o
    0x08005c58   0x08005c58   0x00000388   Code   RO        10546    i.__ieee754_rem_pio2  m_ws.l(rred.o)
    0x08005fe0   0x08005fe0   0x000000fc   Code   RO        10508    i.__kernel_cos      m_ws.l(cos_i.o)
    0x080060dc   0x080060dc   0x000000aa   Code   RO        10543    i.__kernel_poly     m_ws.l(poly.o)
    0x08006186   0x08006186   0x00000002   PAD
    0x08006188   0x08006188   0x000000ec   Code   RO        10551    i.__kernel_sin      m_ws.l(sin_i.o)
    0x08006274   0x08006274   0x00000006   Code   RO        10512    i.__mathlib_dbl_infnan  m_ws.l(dunder.o)
    0x0800627a   0x0800627a   0x0000000c   Code   RO        10514    i.__mathlib_dbl_invalid  m_ws.l(dunder.o)
    0x08006286   0x08006286   0x00000002   PAD
    0x08006288   0x08006288   0x00000010   Code   RO        10517    i.__mathlib_dbl_underflow  m_ws.l(dunder.o)
    0x08006298   0x08006298   0x0000000e   Code   RO        10602    i.__scatterload_copy  mc_w.l(handlers.o)
    0x080062a6   0x080062a6   0x00000002   Code   RO        10603    i.__scatterload_null  mc_w.l(handlers.o)
    0x080062a8   0x080062a8   0x0000000e   Code   RO        10604    i.__scatterload_zeroinit  mc_w.l(handlers.o)
    0x080062b6   0x080062b6   0x00000002   PAD
    0x080062b8   0x080062b8   0x0000000c   Code   RO        10576    i.__set_errno       mc_w.l(errno.o)
    0x080062c4   0x080062c4   0x00000184   Code   RO        10441    i._fp_digits        mc_w.l(printfa.o)
    0x08006448   0x08006448   0x000006dc   Code   RO        10442    i._printf_core      mc_w.l(printfa.o)
    0x08006b24   0x08006b24   0x00000024   Code   RO        10443    i._printf_post_padding  mc_w.l(printfa.o)
    0x08006b48   0x08006b48   0x0000002e   Code   RO        10444    i._printf_pre_padding  mc_w.l(printfa.o)
    0x08006b76   0x08006b76   0x0000000a   Code   RO        10446    i._sputc            mc_w.l(printfa.o)
    0x08006b80   0x08006b80   0x0000009c   Code   RO        10091    i.cos               m_ws.l(cos.o)
    0x08006c1c   0x08006c1c   0x00000018   Code   RO          510    i.fputc             usart.o
    0x08006c34   0x08006c34   0x00000044   Code   RO           15    i.main              main.o
    0x08006c78   0x08006c78   0x000000a0   Code   RO        10149    i.sin               m_ws.l(sin.o)
    0x08006d18   0x08006d18   0x0000004c   Code   RO        10157    i.sqrt              m_ws.l(sqrt.o)
    0x08006d64   0x08006d64   0x00000012   Data   RO         1234    .constdata          stm32f1xx_hal_rcc.o
    0x08006d76   0x08006d76   0x00000012   Data   RO         1326    .constdata          stm32f1xx_hal_rcc_ex.o
    0x08006d88   0x08006d88   0x00000010   Data   RO         3601    .constdata          system_stm32f1xx.o
    0x08006d98   0x08006d98   0x00000008   Data   RO         3602    .constdata          system_stm32f1xx.o
    0x08006da0   0x08006da0   0x00000474   Data   RO         3634    .constdata          font.o
    0x08007214   0x08007214   0x000005f0   Data   RO         3635    .constdata          font.o
    0x08007804   0x08007804   0x00000004   PAD
    0x08007808   0x08007808   0x00000030   Data   RO        10509    .constdata          m_ws.l(cos_i.o)
    0x08007838   0x08007838   0x000000c8   Data   RO        10548    .constdata          m_ws.l(rred.o)
    0x08007900   0x08007900   0x00000028   Data   RO        10552    .constdata          m_ws.l(sin_i.o)
    0x08007928   0x08007928   0x00000020   Data   RO        10600    Region$$Table       anon$$obj.o


    Execution Region RW_IRAM1 (Exec base: 0x20000000, Load base: 0x08007948, Size: 0x00001d50, Max: 0x0000c000, ABSOLUTE)

    Exec Addr    Load Addr    Size         Type   Attr      Idx    E Section Name        Object

    0x20000000   0x08007948   0x00000003   Data   RW          576    .data               stm32f1xx_it.o
    0x20000003   0x0800794b   0x00000001   PAD
    0x20000004   0x0800794c   0x0000000c   Data   RW         1071    .data               stm32f1xx_hal.o
    0x20000010   0x08007958   0x00000004   Data   RW         3603    .data               system_stm32f1xx.o
    0x20000014   0x0800795c   0x00000004   Data   RW         3766    .data               tftled.o
    0x20000018   0x08007960   0x0000003a   Data   RW         3984    .data               app.o
    0x20000052   0x0800799a   0x00000002   PAD
    0x20000054   0x0800799c   0x00000014   Data   RW         4226    .data               decode.o
    0x20000068   0x080079b0   0x00000008   Data   RW         4299    .data               key.o
    0x20000070   0x080079b8   0x00000044   Data   RW         4391    .data               fft.o
    0x200000b4   0x080079fc   0x00000004   Data   RW        10571    .data               mc_w.l(stdout.o)
    0x200000b8   0x08007a00   0x00000004   Data   RW        10577    .data               mc_w.l(errno.o)
    0x200000bc        -       0x00000074   Zero   RW          336    .bss                adc.o
    0x20000130        -       0x00000058   Zero   RW          388    .bss                dac.o
    0x20000188        -       0x00000090   Zero   RW          463    .bss                tim.o
    0x20000218        -       0x00000048   Zero   RW          511    .bss                usart.o
    0x20000260        -       0x0000000e   Zero   RW         3765    .bss                tftled.o
    0x2000026e   0x08007a04   0x00000002   PAD
    0x20000270        -       0x00001664   Zero   RW         3983    .bss                app.o
    0x200018d4        -       0x00000014   Zero   RW         4225    .bss                decode.o
    0x200018e8        -       0x00000068   Zero   RW         4353    .bss                dac_task.o
    0x20001950        -       0x00000400   Zero   RW            1    STACK               startup_stm32f103xe.o


==============================================================================

Image component sizes


      Code (inc. data)   RO Data    RW Data    ZI Data      Debug   Object Name

       264         32          0          0        116       2178   adc.o
      6346        956          0         58       5732      24541   app.o
       206         30          0          0         88       2118   dac.o
        16          8          0          0        104        973   dac_task.o
       850        116          0         20         20       5138   decode.o
        76          4          0          0          0        770   dma.o
       580         18          0         68          0       2964   fft.o
         0          0       2660          0          0        568   font.o
       220         18          0          0          0     508459   gpio.o
       112         74          0          8          0       2384   key.o
       194          4          0          0          0     497882   main.o
        36          8        304          0       1024        788   startup_stm32f103xe.o
       164         28          0         12          0       6381   stm32f1xx_hal.o
      1688         68          0          0          0      11441   stm32f1xx_hal_adc.o
       218          6          0          0          0       1927   stm32f1xx_hal_adc_ex.o
       198         14          0          0          0      28843   stm32f1xx_hal_cortex.o
       376         24          0          0          0       5608   stm32f1xx_hal_dac.o
        56          0          0          0          0       3641   stm32f1xx_hal_dac_ex.o
      1236         52          0          0          0       5006   stm32f1xx_hal_dma.o
       550         48          0          0          0       4551   stm32f1xx_hal_gpio.o
        44          6          0          0          0        802   stm32f1xx_hal_msp.o
      1240         84         18          0          0       5016   stm32f1xx_hal_rcc.o
       420         30         18          0          0       2465   stm32f1xx_hal_rcc_ex.o
      1080         40          0          0          0      10636   stm32f1xx_hal_tim.o
       128         20          0          0          0       2337   stm32f1xx_hal_tim_ex.o
      1474         10          0          0          0       9816   stm32f1xx_hal_uart.o
       574        250          0          3          0       9634   stm32f1xx_it.o
         2          0         24          4          0       1071   system_stm32f1xx.o
      1964        122          0          4         14      15029   tftled.o
       316         30          0          0        144       2283   tim.o
       208         24          0          0         72       2172   usart.o

    ----------------------------------------------------------------------
     20864       2124       3060        180       7316    1177422   Object Totals
         0          0         32          0          0          0   (incl. Generated)
        28          0          4          3          2          0   (incl. Padding)

    ----------------------------------------------------------------------

      Code (inc. data)   RO Data    RW Data    ZI Data      Debug   Library Member Name

       156          8          0          0          0        104   cos.o
       252         22         48          0          0        124   cos_i.o
        34          6          0          0          0        204   dunder.o
        40          0          0          0          0         68   fpclassify.o
       170          0          0          0          0         96   poly.o
       904         76        200          0          0        140   rred.o
       160         10          0          0          0        108   sin.o
       236         12         40          0          0        128   sin_i.o
        76          0          0          0          0         84   sqrt.o
         0          0          0          0          0          0   entry.o
         0          0          0          0          0          0   entry10a.o
         0          0          0          0          0          0   entry11a.o
         8          4          0          0          0          0   entry2.o
         4          0          0          0          0          0   entry5.o
         0          0          0          0          0          0   entry7b.o
         0          0          0          0          0          0   entry8b.o
         8          4          0          0          0          0   entry9a.o
        12          6          0          4          0         68   errno.o
        30          0          0          0          0          0   handlers.o
        36          8          0          0          0         68   init.o
         0          0          0          0          0          0   iusefp.o
        30          0          0          0          0         68   llshl.o
        36          0          0          0          0         68   llsshr.o
        32          0          0          0          0         68   llushr.o
        36          0          0          0          0        108   memseta.o
      2308         96          0          0          0        604   printfa.o
         0          0          0          4          0          0   stdout.o
        44          0          0          0          0         80   uidiv.o
        98          0          0          0          0         92   uldiv.o
        48          0          0          0          0         68   cdrcmple.o
        56          0          0          0          0         88   d2f.o
       334          0          0          0          0        148   dadd.o
       222          0          0          0          0        100   ddiv.o
       186          0          0          0          0        176   depilogue.o
        62          0          0          0          0         80   dfixi.o
        50          0          0          0          0         76   dfixui.o
        48          0          0          0          0         68   dfixul.o
        34          0          0          0          0         76   dflti.o
        26          0          0          0          0         76   dfltui.o
       228          0          0          0          0         96   dmul.o
        46          0          0          0          0         80   dscalb.o
       162          0          0          0          0        100   dsqrt.o
        38          0          0          0          0         68   f2d.o
       176          0          0          0          0        140   fadd.o
       124          0          0          0          0         88   fdiv.o
       110          0          0          0          0        168   fepilogue.o
        40          0          0          0          0         68   ffixui.o
        18          0          0          0          0         68   fflti.o
        10          0          0          0          0         68   ffltui.o
       100          0          0          0          0         76   fmul.o

    ----------------------------------------------------------------------
      6836        252        288          8          0       4256   Library Totals
         8          0          0          0          0          0   (incl. Padding)

    ----------------------------------------------------------------------

      Code (inc. data)   RO Data    RW Data    ZI Data      Debug   Library Name

      2028        134        288          0          0       1056   m_ws.l
      2682        118          0          8          0       1224   mc_w.l
      2118          0          0          0          0       1976   mf_w.l

    ----------------------------------------------------------------------
      6836        252        288          8          0       4256   Library Totals

    ----------------------------------------------------------------------

==============================================================================


      Code (inc. data)   RO Data    RW Data    ZI Data      Debug   

     27700       2376       3348        188       7316    1169350   Grand Totals
     27700       2376       3348        188       7316    1169350   ELF Image Totals
     27700       2376       3348        188          0          0   ROM Totals

==============================================================================

    Total RO  Size (Code + RO Data)                31048 (  30.32kB)
    Total RW  Size (RW Data + ZI Data)              7504 (   7.33kB)
    Total ROM Size (Code + RO Data + RW Data)      31236 (  30.50kB)

==============================================================================

